Component: ARM Compiler 5.06 update 6 (build 750) Tool: armlink [4d35ed]

==============================================================================

Section Cross References

    startup_stm32h723xx.o(RESET) refers to startup_stm32h723xx.o(STACK) for __initial_sp
    startup_stm32h723xx.o(RESET) refers to startup_stm32h723xx.o(.text) for Reset_Handler
    startup_stm32h723xx.o(RESET) refers to stm32h7xx_it.o(i.NMI_Handler) for NMI_Handler
    startup_stm32h723xx.o(RESET) refers to stm32h7xx_it.o(i.HardFault_Handler) for HardFault_Handler
    startup_stm32h723xx.o(RESET) refers to stm32h7xx_it.o(i.MemManage_Handler) for MemManage_Handler
    startup_stm32h723xx.o(RESET) refers to stm32h7xx_it.o(i.BusFault_Handler) for BusFault_Handler
    startup_stm32h723xx.o(RESET) refers to stm32h7xx_it.o(i.UsageFault_Handler) for UsageFault_Handler
    startup_stm32h723xx.o(RESET) refers to stm32h7xx_it.o(i.SVC_Handler) for SVC_Handler
    startup_stm32h723xx.o(RESET) refers to stm32h7xx_it.o(i.DebugMon_Handler) for DebugMon_Handler
    startup_stm32h723xx.o(RESET) refers to stm32h7xx_it.o(i.PendSV_Handler) for PendSV_Handler
    startup_stm32h723xx.o(RESET) refers to stm32h7xx_it.o(i.SysTick_Handler) for SysTick_Handler
    startup_stm32h723xx.o(RESET) refers to stm32h7xx_it.o(i.DMA1_Stream0_IRQHandler) for DMA1_Stream0_IRQHandler
    startup_stm32h723xx.o(RESET) refers to stm32h7xx_it.o(i.DMA1_Stream1_IRQHandler) for DMA1_Stream1_IRQHandler
    startup_stm32h723xx.o(RESET) refers to stm32h7xx_it.o(i.USART3_IRQHandler) for USART3_IRQHandler
    startup_stm32h723xx.o(RESET) refers to stm32h7xx_it.o(i.UART4_IRQHandler) for UART4_IRQHandler
    startup_stm32h723xx.o(RESET) refers to stm32h7xx_it.o(i.UART7_IRQHandler) for UART7_IRQHandler
    startup_stm32h723xx.o(.text) refers to system_stm32h7xx.o(i.SystemInit) for SystemInit
    startup_stm32h723xx.o(.text) refers to entry.o(.ARM.Collect$$$$00000000) for __main
    main.o(i.Run_Fall_Detection_AI) refers to roundf.o(i.__hardfp_roundf) for __hardfp_roundf
    main.o(i.Run_Fall_Detection_AI) refers to network.o(i.ai_network_run) for ai_network_run
    main.o(i.Run_Fall_Detection_AI) refers to printf4.o(i.__0snprintf$4) for __2snprintf
    main.o(i.Run_Fall_Detection_AI) refers to strlen.o(.text) for strlen
    main.o(i.Run_Fall_Detection_AI) refers to stm32h7xx_hal_uart.o(i.HAL_UART_Transmit) for HAL_UART_Transmit
    main.o(i.Run_Fall_Detection_AI) refers to main.o(.data) for .data
    main.o(i.Run_Fall_Detection_AI) refers to main.o(.RAM_D1) for .RAM_D1
    main.o(i.Run_Fall_Detection_AI) refers to main.o(.bss) for .bss
    main.o(i.Run_Fall_Detection_AI) refers to usart.o(.bss) for huart2
    main.o(i.SystemClock_Config) refers to memseta.o(.text) for __aeabi_memclr4
    main.o(i.SystemClock_Config) refers to stm32h7xx_hal_pwr_ex.o(i.HAL_PWREx_ConfigSupply) for HAL_PWREx_ConfigSupply
    main.o(i.SystemClock_Config) refers to stm32h7xx_hal_rcc.o(i.HAL_RCC_OscConfig) for HAL_RCC_OscConfig
    main.o(i.SystemClock_Config) refers to stm32h7xx_hal_rcc.o(i.HAL_RCC_ClockConfig) for HAL_RCC_ClockConfig
    main.o(i.main) refers to stm32h7xx_hal_cortex.o(i.HAL_MPU_Disable) for HAL_MPU_Disable
    main.o(i.main) refers to stm32h7xx_hal_cortex.o(i.HAL_MPU_ConfigRegion) for HAL_MPU_ConfigRegion
    main.o(i.main) refers to stm32h7xx_hal_cortex.o(i.HAL_MPU_Enable) for HAL_MPU_Enable
    main.o(i.main) refers to stm32h7xx_hal.o(i.HAL_Init) for HAL_Init
    main.o(i.main) refers to main.o(i.SystemClock_Config) for SystemClock_Config
    main.o(i.main) refers to gpio.o(i.MX_GPIO_Init) for MX_GPIO_Init
    main.o(i.main) refers to dma.o(i.MX_DMA_Init) for MX_DMA_Init
    main.o(i.main) refers to i2c.o(i.MX_I2C1_Init) for MX_I2C1_Init
    main.o(i.main) refers to usart.o(i.MX_USART2_UART_Init) for MX_USART2_UART_Init
    main.o(i.main) refers to spi.o(i.MX_SPI1_Init) for MX_SPI1_Init
    main.o(i.main) refers to usart.o(i.MX_USART3_UART_Init) for MX_USART3_UART_Init
    main.o(i.main) refers to usart.o(i.MX_UART4_Init) for MX_UART4_Init
    main.o(i.main) refers to usart.o(i.MX_UART7_Init) for MX_UART7_Init
    main.o(i.main) refers to radar.o(i.Start_Radar_DMA) for Start_Radar_DMA
    main.o(i.main) refers to esp8266.o(i.ESP8266_Init_WiFi) for ESP8266_Init_WiFi
    main.o(i.main) refers to stm32h7xx_hal.o(i.HAL_Delay) for HAL_Delay
    main.o(i.main) refers to printf4.o(i.__0printf$4) for __2printf
    main.o(i.main) refers to stm32h7xx_hal_uart.o(i.HAL_UART_Transmit) for HAL_UART_Transmit
    main.o(i.main) refers to memseta.o(.text) for __aeabi_memclr4
    main.o(i.main) refers to mlx90640_api.o(i.MLX90640_SetRefreshRate) for MLX90640_SetRefreshRate
    main.o(i.main) refers to mlx90640_api.o(i.MLX90640_SetChessMode) for MLX90640_SetChessMode
    main.o(i.main) refers to mlx90640_api.o(i.MLX90640_DumpEE) for MLX90640_DumpEE
    main.o(i.main) refers to mlx90640_api.o(i.MLX90640_ExtractParameters) for MLX90640_ExtractParameters
[...]
    0x080130f4   0x080130f4   0x00000008   Data   RO         4895    .constdata          network.o
    0x080130fc   0x080130fc   0x00000008   Data   RO         4896    .constdata          network.o
    0x08013104   0x08013104   0x00000008   Data   RO         4897    .constdata          network.o
    0x0801310c   0x0801310c   0x00000008   Data   RO         4898    .constdata          network.o
    0x08013114   0x08013114   0x00000008   Data   RO         4899    .constdata          network.o
    0x0801311c   0x0801311c   0x00000008   Data   RO         4900    .constdata          network.o
    0x08013124   0x08013124   0x00000008   Data   RO         4901    .constdata          network.o
    0x0801312c   0x0801312c   0x00000008   Data   RO         4902    .constdata          network.o
    0x08013134   0x08013134   0x00000008   Data   RO         4903    .constdata          network.o
    0x0801313c   0x0801313c   0x00000008   Data   RO         4904    .constdata          network.o
    0x08013144   0x08013144   0x00000008   Data   RO         4905    .constdata          network.o
    0x0801314c   0x0801314c   0x00000008   Data   RO         4906    .constdata          network.o
    0x08013154   0x08013154   0x00000008   Data   RO         4907    .constdata          network.o
    0x0801315c   0x0801315c   0x00000008   Data   RO         4908    .constdata          network.o
    0x08013164   0x08013164   0x00000008   Data   RO         4909    .constdata          network.o
    0x0801316c   0x0801316c   0x00000008   Data   RO         4910    .constdata          network.o
    0x08013174   0x08013174   0x00000008   Data   RO         4911    .constdata          network.o
    0x0801317c   0x0801317c   0x00000008   Data   RO         4912    .constdata          network.o
    0x08013184   0x08013184   0x00000008   Data   RO         4913    .constdata          network.o
    0x0801318c   0x0801318c   0x00000008   Data   RO         4914    .constdata          network.o
    0x08013194   0x08013194   0x00000008   Data   RO         4915    .constdata          network.o
    0x0801319c   0x0801319c   0x00000008   Data   RO         4916    .constdata          network.o
    0x080131a4   0x080131a4   0x00000008   Data   RO         4917    .constdata          network.o
    0x080131ac   0x080131ac   0x00000008   Data   RO         4918    .constdata          network.o
    0x080131b4   0x080131b4   0x00000008   Data   RO         4919    .constdata          network.o
    0x080131bc   0x080131bc   0x00000008   Data   RO         4920    .constdata          network.o
    0x080131c4   0x080131c4   0x00000008   Data   RO         4921    .constdata          network.o
    0x080131cc   0x080131cc   0x00000008   Data   RO         4922    .constdata          network.o
    0x080131d4   0x080131d4   0x00000008   Data   RO         4923    .constdata          network.o
    0x080131dc   0x080131dc   0x00000008   Data   RO         4924    .constdata          network.o
    0x080131e4   0x080131e4   0x00000008   Data   RO         4925    .constdata          network.o
    0x080131ec   0x080131ec   0x00000008   Data   RO         4926    .constdata          network.o
    0x080131f4   0x080131f4   0x00000008   Data   RO         4927    .constdata          network.o
    0x080131fc   0x080131fc   0x0000000c   Data   RO         4928    .constdata          network.o
    0x08013208   0x08013208   0x00000010   Data   RO         4929    .constdata          network.o
    0x08013218   0x08013218   0x00000008   Data   RO         4930    .constdata          network.o
    0x08013220   0x08013220   0x00000008   Data   RO         4931    .constdata          network.o
    0x08013228   0x08013228   0x00000008   Data   RO         4932    .constdata          network.o
    0x08013230   0x08013230   0x00000008   Data   RO         4933    .constdata          network.o
    0x08013238   0x08013238   0x00000008   Data   RO         4934    .constdata          network.o
    0x08013240   0x08013240   0x00000001   Data   RO         4935    .constdata          network.o
    0x08013241   0x08013241   0x00000003   PAD
    0x08013244   0x08013244   0x00000010   Data   RO         4936    .constdata          network.o
    0x08013254   0x08013254   0x00000008   Data   RO         4937    .constdata          network.o
    0x0801325c   0x0801325c   0x00000008   Data   RO         4938    .constdata          network.o
    0x08013264   0x08013264   0x00000008   Data   RO         4939    .constdata          network.o
    0x0801326c   0x0801326c   0x00000001   Data   RO         4940    .constdata          network.o
    0x0801326d   0x0801326d   0x00000003   PAD
    0x08013270   0x08013270   0x00000010   Data   RO         4941    .constdata          network.o
    0x08013280   0x08013280   0x00000008   Data   RO         4942    .constdata          network.o
    0x08013288   0x08013288   0x00000008   Data   RO         4943    .constdata          network.o
    0x08013290   0x08013290   0x00000008   Data   RO         4944    .constdata          network.o
    0x08013298   0x08013298   0x00000001   Data   RO         4945    .constdata          network.o
    0x08013299   0x08013299   0x00000003   PAD
    0x0801329c   0x0801329c   0x00000010   Data   RO         4946    .constdata          network.o
    0x080132ac   0x080132ac   0x00000008   Data   RO         4947    .constdata          network.o
    0x080132b4   0x080132b4   0x00000008   Data   RO         4948    .constdata          network.o
    0x080132bc   0x080132bc   0x00000008   Data   RO         4949    .constdata          network.o
    0x080132c4   0x080132c4   0x00000001   Data   RO         4950    .constdata          network.o
    0x080132c5   0x080132c5   0x00000003   PAD
    0x080132c8   0x080132c8   0x00000010   Data   RO         4951    .constdata          network.o
    0x080132d8   0x080132d8   0x00000008   Data   RO         4952    .constdata          network.o
    0x080132e0   0x080132e0   0x00000008   Data   RO         4953    .constdata          network.o
    0x080132e8   0x080132e8   0x00000008   Data   RO         4954    .constdata          network.o
    0x080132f0   0x080132f0   0x00000001   Data   RO         4955    .constdata          network.o
    0x080132f1   0x080132f1   0x00000003   PAD
    0x080132f4   0x080132f4   0x00000010   Data   RO         4956    .constdata          network.o
    0x08013304   0x08013304   0x00000008   Data   RO         4957    .constdata          network.o
    0x0801330c   0x0801330c   0x00000008   Data   RO         4958    .constdata          network.o
    0x08013314   0x08013314   0x00000008   Data   RO         4959    .constdata          network.o
    0x0801331c   0x0801331c   0x00000001   Data   RO         4960    .constdata          network.o
    0x0801331d   0x0801331d   0x00000003   PAD
    0x08013320   0x08013320   0x00000010   Data   RO         4961    .constdata          network.o
    0x08013330   0x08013330   0x00000008   Data   RO         4962    .constdata          network.o
    0x08013338   0x08013338   0x00000008   Data   RO         4963    .constdata          network.o
    0x08013340   0x08013340   0x00000008   Data   RO         4964    .constdata          network.o
    0x08013348   0x08013348   0x00000001   Data   RO         4965    .constdata          network.o
    0x08013349   0x08013349   0x00000003   PAD
    0x0801334c   0x0801334c   0x00000010   Data   RO         4966    .constdata          network.o
    0x0801335c   0x0801335c   0x00000008   Data   RO         4967    .constdata          network.o
    0x08013364   0x08013364   0x00000008   Data   RO         4968    .constdata          network.o
    0x0801336c   0x0801336c   0x00000008   Data   RO         4969    .constdata          network.o
    0x08013374   0x08013374   0x00000001   Data   RO         4970    .constdata          network.o
    0x08013375   0x08013375   0x00000003   PAD
    0x08013378   0x08013378   0x00000010   Data   RO         4971    .constdata          network.o
    0x08013388   0x08013388   0x00000008   Data   RO         4972    .constdata          network.o
    0x08013390   0x08013390   0x00000008   Data   RO         4973    .constdata          network.o
    0x08013398   0x08013398   0x00000008   Data   RO         4974    .constdata          network.o
    0x080133a0   0x080133a0   0x00000001   Data   RO         4975    .constdata          network.o
    0x080133a1   0x080133a1   0x00000003   PAD
    0x080133a4   0x080133a4   0x00000010   Data   RO         4976    .constdata          network.o
    0x080133b4   0x080133b4   0x00000008   Data   RO         4977    .constdata          network.o
    0x080133bc   0x080133bc   0x00000008   Data   RO         4978    .constdata          network.o
    0x080133c4   0x080133c4   0x00000008   Data   RO         4979    .constdata          network.o
    0x080133cc   0x080133cc   0x00000001   Data   RO         4980    .constdata          network.o
    0x080133cd   0x080133cd   0x00000003   PAD
    0x080133d0   0x080133d0   0x00000010   Data   RO         4981    .constdata          network.o
    0x080133e0   0x080133e0   0x00000008   Data   RO         4982    .constdata          network.o
    0x080133e8   0x080133e8   0x00000008   Data   RO         4983    .constdata          network.o
    0x080133f0   0x080133f0   0x00000008   Data   RO         4984    .constdata          network.o
    0x080133f8   0x080133f8   0x00000001   Data   RO         4985    .constdata          network.o
    0x080133f9   0x080133f9   0x00000003   PAD
    0x080133fc   0x080133fc   0x00000010   Data   RO         4986    .constdata          network.o
    0x0801340c   0x0801340c   0x00000008   Data   RO         4987    .constdata          network.o
    0x08013414   0x08013414   0x00000008   Data   RO         4988    .constdata          network.o
    0x0801341c   0x0801341c   0x00000008   Data   RO         4989    .constdata          network.o
    0x08013424   0x08013424   0x00000001   Data   RO         4990    .constdata          network.o
    0x08013425   0x08013425   0x00000003   PAD
    0x08013428   0x08013428   0x00000010   Data   RO         4991    .constdata          network.o
    0x08013438   0x08013438   0x00000008   Data   RO         4992    .constdata          network.o
    0x08013440   0x08013440   0x00000008   Data   RO         4993    .constdata          network.o
    0x08013448   0x08013448   0x00000008   Data   RO         4994    .constdata          network.o
    0x08013450   0x08013450   0x00000001   Data   RO         4995    .constdata          network.o
    0x08013451   0x08013451   0x00000003   PAD
    0x08013454   0x08013454   0x00000010   Data   RO         4996    .constdata          network.o
    0x08013464   0x08013464   0x00000008   Data   RO         4997    .constdata          network.o
    0x0801346c   0x0801346c   0x00000008   Data   RO         4998    .constdata          network.o
    0x08013474   0x08013474   0x00000068   Data   RO         5918    .constdata          network_data.o
    0x080134dc   0x080134dc   0x00000004   PAD
    0x080134e0   0x080134e0   0x00035830   Data   RO         5968    .constdata          network_data_params.o
    0x08048d10   0x08048d10   0x00000068   Data   RO         6081    .constdata          NetworkRuntime1020_CM7_Keil.lib(ai_platform_interface.o)
    0x08048d78   0x08048d78   0x00000088   Data   RO         8034    .constdata          m_wv.l(pow.o)
    0x08048e00   0x08048e00   0x00000008   Data   RO         8449    .constdata          m_wv.l(qnan.o)
    0x08048e08   0x08048e08   0x00000061   Data   RO         4530    .conststring        esp8266.o
    0x08048e69   0x08048e69   0x00000003   PAD
    0x08048e6c   0x08048e6c   0x00000020   Data   RO         8507    Region$$Table       anon$$obj.o


    Execution Region RW_IRAM1 (Exec base: 0x20000000, Load base: 0x08048e8c, Size: 0x00000000, Max: 0x00020000, ABSOLUTE)

    **** No section assigned to this execution region ****


    Execution Region RW_IRAM2 (Exec base: 0x24000000, Load base: 0x08048e8c, Size: 0x0001c740, Max: 0x00050000, ABSOLUTE, COMPRESSED[0x0000152c])

    Exec Addr    Load Addr    Size         Type   Attr      Idx    E Section Name        Object

    0x24000000   COMPRESSED   0x0000dcc0   Data   RW           17    .RAM_D1             main.o
    0x2400dcc0   COMPRESSED   0x00000018   Data   RW           20    .data               main.o
    0x2400dcd8   COMPRESSED   0x0000000c   Data   RW         2205    .data               stm32h7xx_hal.o
    0x2400dce4   COMPRESSED   0x00000008   Data   RW         4003    .data               system_stm32h7xx.o
    0x2400dcec   COMPRESSED   0x00000001   Data   RW         4531    .data               esp8266.o
    0x2400dced   COMPRESSED   0x00000003   PAD
    0x2400dcf0   COMPRESSED   0x00000010   Data   RW         5001    .data               network.o
    0x2400dd00   COMPRESSED   0x00000010   Data   RW         5002    .data               network.o
    0x2400dd10   COMPRESSED   0x00000010   Data   RW         5003    .data               network.o
    0x2400dd20   COMPRESSED   0x00000010   Data   RW         5004    .data               network.o
    0x2400dd30   COMPRESSED   0x00000010   Data   RW         5005    .data               network.o
    0x2400dd40   COMPRESSED   0x00000010   Data   RW         5006    .data               network.o
    0x2400dd50   COMPRESSED   0x00000010   Data   RW         5007    .data               network.o
    0x2400dd60   COMPRESSED   0x00000010   Data   RW         5008    .data               network.o
    0x2400dd70   COMPRESSED   0x00000010   Data   RW         5009    .data               network.o
    0x2400dd80   COMPRESSED   0x00000010   Data   RW         5010    .data               network.o
    0x2400dd90   COMPRESSED   0x00000010   Data   RW         5011    .data               network.o
    0x2400dda0   COMPRESSED   0x00000010   Data   RW         5012    .data               network.o
    0x2400ddb0   COMPRESSED   0x00000010   Data   RW         5013    .data               network.o
    0x2400ddc0   COMPRESSED   0x00000010   Data   RW         5014    .data               network.o
    0x2400ddd0   COMPRESSED   0x00000010   Data   RW         5015    .data               network.o
    0x2400dde0   COMPRESSED   0x00000010   Data   RW         5016    .data               network.o
    0x2400ddf0   COMPRESSED   0x00000010   Data   RW         5017    .data               network.o
    0x2400de00   COMPRESSED   0x00000010   Data   RW         5018    .data               network.o
    0x2400de10   COMPRESSED   0x00000010   Data   RW         5019    .data               network.o
    0x2400de20   COMPRESSED   0x00000010   Data   RW         5020    .data               network.o
    0x2400de30   COMPRESSED   0x00000010   Data   RW         5021    .data               network.o
    0x2400de40   COMPRESSED   0x00000010   Data   RW         5022    .data               network.o
    0x2400de50   COMPRESSED   0x00000010   Data   RW         5023    .data               network.o
    0x2400de60   COMPRESSED   0x00000010   Data   RW         5024    .data               network.o
    0x2400de70   COMPRESSED   0x00000010   Data   RW         5025    .data               network.o
    0x2400de80   COMPRESSED   0x00000010   Data   RW         5026    .data               network.o
    0x2400de90   COMPRESSED   0x00000010   Data   RW         5027    .data               network.o
    0x2400dea0   COMPRESSED   0x00000010   Data   RW         5028    .data               network.o
    0x2400deb0   COMPRESSED   0x00000010   Data   RW         5029    .data               network.o
    0x2400dec0   COMPRESSED   0x00000010   Data   RW         5030    .data               network.o
    0x2400ded0   COMPRESSED   0x00000010   Data   RW         5031    .data               network.o
    0x2400dee0   COMPRESSED   0x00000010   Data   RW         5032    .data               network.o
    0x2400def0   COMPRESSED   0x00000010   Data   RW         5033    .data               network.o
    0x2400df00   COMPRESSED   0x00000010   Data   RW         5034    .data               network.o
    0x2400df10   COMPRESSED   0x00000010   Data   RW         5035    .data               network.o
    0x2400df20   COMPRESSED   0x00000010   Data   RW         5036    .data               network.o
    0x2400df30   COMPRESSED   0x00000010   Data   RW         5037    .data               network.o
    0x2400df40   COMPRESSED   0x00000010   Data   RW         5038    .data               network.o
    0x2400df50   COMPRESSED   0x00000010   Data   RW         5039    .data               network.o
    0x2400df60   COMPRESSED   0x00000010   Data   RW         5040    .data               network.o
    0x2400df70   COMPRESSED   0x00000010   Data   RW         5041    .data               network.o
    0x2400df80   COMPRESSED   0x00000010   Data   RW         5042    .data               network.o
    0x2400df90   COMPRESSED   0x00000010   Data   RW         5043    .data               network.o
    0x2400dfa0   COMPRESSED   0x00000010   Data   RW         5044    .data               network.o
    0x2400dfb0   COMPRESSED   0x00000010   Data   RW         5045    .data               network.o
    0x2400dfc0   COMPRESSED   0x00000010   Data   RW         5046    .data               network.o
    0x2400dfd0   COMPRESSED   0x00000010   Data   RW         5047    .data               network.o
    0x2400dfe0   COMPRESSED   0x00000010   Data   RW         5048    .data               network.o
    0x2400dff0   COMPRESSED   0x00000010   Data   RW         5049    .data               network.o
    0x2400e000   COMPRESSED   0x00000010   Data   RW         5050    .data               network.o
    0x2400e010   COMPRESSED   0x00000010   Data   RW         5051    .data               network.o
    0x2400e020   COMPRESSED   0x00000010   Data   RW         5052    .data               network.o
    0x2400e030   COMPRESSED   0x00000010   Data   RW         5053    .data               network.o
    0x2400e040   COMPRESSED   0x00000010   Data   RW         5054    .data               network.o
    0x2400e050   COMPRESSED   0x00000010   Data   RW         5055    .data               network.o
    0x2400e060   COMPRESSED   0x00000010   Data   RW         5056    .data               network.o
    0x2400e070   COMPRESSED   0x00000010   Data   RW         5057    .data               network.o
    0x2400e080   COMPRESSED   0x00000010   Data   RW         5058    .data               network.o
    0x2400e090   COMPRESSED   0x00000010   Data   RW         5059    .data               network.o
    0x2400e0a0   COMPRESSED   0x00000010   Data   RW         5060    .data               network.o
    0x2400e0b0   COMPRESSED   0x00000010   Data   RW         5061    .data               network.o
    0x2400e0c0   COMPRESSED   0x00000010   Data   RW         5062    .data               network.o
    0x2400e0d0   COMPRESSED   0x00000010   Data   RW         5063    .data               network.o
    0x2400e0e0   COMPRESSED   0x00000010   Data   RW         5064    .data               network.o
    0x2400e0f0   COMPRESSED   0x00000010   Data   RW         5065    .data               network.o
    0x2400e100   COMPRESSED   0x00000010   Data   RW         5066    .data               network.o
    0x2400e110   COMPRESSED   0x00000010   Data   RW         5067    .data               network.o
    0x2400e120   COMPRESSED   0x00000010   Data   RW         5068    .data               network.o
    0x2400e130   COMPRESSED   0x00000010   Data   RW         5069    .data               network.o
    0x2400e140   COMPRESSED   0x00000010   Data   RW         5070    .data               network.o
    0x2400e150   COMPRESSED   0x00000010   Data   RW         5071    .data               network.o
    0x2400e160   COMPRESSED   0x00000010   Data   RW         5072    .data               network.o
    0x2400e170   COMPRESSED   0x00000010   Data   RW         5073    .data               network.o
    0x2400e180   COMPRESSED   0x00000010   Data   RW         5074    .data               network.o
    0x2400e190   COMPRESSED   0x00000010   Data   RW         5075    .data               network.o
    0x2400e1a0   COMPRESSED   0x00000010   Data   RW         5076    .data               network.o
    0x2400e1b0   COMPRESSED   0x00000010   Data   RW         5077    .data               network.o
    0x2400e1c0   COMPRESSED   0x00000010   Data   RW         5078    .data               network.o
    0x2400e1d0   COMPRESSED   0x00000010   Data   RW         5079    .data               network.o
    0x2400e1e0   COMPRESSED   0x00000010   Data   RW         5080    .data               network.o
    0x2400e1f0   COMPRESSED   0x00000010   Data   RW         5081    .data               network.o
    0x2400e200   COMPRESSED   0x00000010   Data   RW         5082    .data               network.o
    0x2400e210   COMPRESSED   0x00000010   Data   RW         5083    .data               network.o
    0x2400e220   COMPRESSED   0x00000010   Data   RW         5084    .data               network.o
    0x2400e230   COMPRESSED   0x00000010   Data   RW         5085    .data               network.o
    0x2400e240   COMPRESSED   0x00000010   Data   RW         5086    .data               network.o
    0x2400e250   COMPRESSED   0x00000010   Data   RW         5087    .data               network.o
    0x2400e260   COMPRESSED   0x00000010   Data   RW         5088    .data               network.o
    0x2400e270   COMPRESSED   0x00000010   Data   RW         5089    .data               network.o
    0x2400e280   COMPRESSED   0x00000010   Data   RW         5090    .data               network.o
    0x2400e290   COMPRESSED   0x00000010   Data   RW         5091    .data               network.o
    0x2400e2a0   COMPRESSED   0x00000010   Data   RW         5092    .data               network.o
    0x2400e2b0   COMPRESSED   0x00000010   Data   RW         5093    .data               network.o
    0x2400e2c0   COMPRESSED   0x00000010   Data   RW         5094    .data               network.o
    0x2400e2d0   COMPRESSED   0x00000010   Data   RW         5095    .data               network.o
    0x2400e2e0   COMPRESSED   0x00000010   Data   RW         5096    .data               network.o
    0x2400e2f0   COMPRESSED   0x00000010   Data   RW         5097    .data               network.o
    0x2400e300   COMPRESSED   0x00000010   Data   RW         5098    .data               network.o
    0x2400e310   COMPRESSED   0x00000010   Data   RW         5099    .data               network.o
    0x2400e320   COMPRESSED   0x00000010   Data   RW         5100    .data               network.o
    0x2400e330   COMPRESSED   0x00000010   Data   RW         5101    .data               network.o
    0x2400e340   COMPRESSED   0x00000010   Data   RW         5102    .data               network.o
    0x2400e350   COMPRESSED   0x00000010   Data   RW         5103    .data               network.o
    0x2400e360   COMPRESSED   0x00000010   Data   RW         5104    .data               network.o
    0x2400e370   COMPRESSED   0x00000010   Data   RW         5105    .data               network.o
    0x2400e380   COMPRESSED   0x00000010   Data   RW         5106    .data               network.o
    0x2400e390   COMPRESSED   0x00000010   Data   RW         5107    .data               network.o
    0x2400e3a0   COMPRESSED   0x00000010   Data   RW         5108    .data               network.o
    0x2400e3b0   COMPRESSED   0x00000010   Data   RW         5109    .data               network.o
    0x2400e3c0   COMPRESSED   0x00000010   Data   RW         5110    .data               network.o
    0x2400e3d0   COMPRESSED   0x00000010   Data   RW         5111    .data               network.o
    0x2400e3e0   COMPRESSED   0x00000010   Data   RW         5112    .data               network.o
    0x2400e3f0   COMPRESSED   0x00000010   Data   RW         5113    .data               network.o
    0x2400e400   COMPRESSED   0x00000010   Data   RW         5114    .data               network.o
    0x2400e410   COMPRESSED   0x00000010   Data   RW         5115    .data               network.o
    0x2400e420   COMPRESSED   0x00000010   Data   RW         5116    .data               network.o
    0x2400e430   COMPRESSED   0x00000010   Data   RW         5117    .data               network.o
    0x2400e440   COMPRESSED   0x00000010   Data   RW         5118    .data               network.o
    0x2400e450   COMPRESSED   0x00000010   Data   RW         5119    .data               network.o
    0x2400e460   COMPRESSED   0x00000010   Data   RW         5120    .data               network.o
    0x2400e470   COMPRESSED   0x00000010   Data   RW         5121    .data               network.o
    0x2400e480   COMPRESSED   0x00000010   Data   RW         5122    .data               network.o
    0x2400e490   COMPRESSED   0x00000010   Data   RW         5123    .data               network.o
    0x2400e4a0   COMPRESSED   0x00000010   Data   RW         5124    .data               network.o
    0x2400e4b0   COMPRESSED   0x00000010   Data   RW         5125    .data               network.o
    0x2400e4c0   COMPRESSED   0x00000010   Data   RW         5126    .data               network.o
    0x2400e4d0   COMPRESSED   0x00000010   Data   RW         5127    .data               network.o
    0x2400e4e0   COMPRESSED   0x00000010   Data   RW         5128    .data               network.o
    0x2400e4f0   COMPRESSED   0x00000010   Data   RW         5129    .data               network.o
    0x2400e500   COMPRESSED   0x00000010   Data   RW         5130    .data               network.o
    0x2400e510   COMPRESSED   0x00000010   Data   RW         5131    .data               network.o
    0x2400e520   COMPRESSED   0x00000010   Data   RW         5132    .data               network.o
    0x2400e530   COMPRESSED   0x00000010   Data   RW         5133    .data               network.o
    0x2400e540   COMPRESSED   0x00000010   Data   RW         5134    .data               network.o
    0x2400e550   COMPRESSED   0x00000010   Data   RW         5135    .data               network.o
    0x2400e560   COMPRESSED   0x00000010   Data   RW         5136    .data               network.o
    0x2400e570   COMPRESSED   0x00000010   Data   RW         5137    .data               network.o
    0x2400e580   COMPRESSED   0x00000010   Data   RW         5138    .data               network.o
    0x2400e590   COMPRESSED   0x00000010   Data   RW         5139    .data               network.o
    0x2400e5a0   COMPRESSED   0x00000010   Data   RW         5140    .data               network.o
    0x2400e5b0   COMPRESSED   0x00000010   Data   RW         5141    .data               network.o
    0x2400e5c0   COMPRESSED   0x00000010   Data   RW         5142    .data               network.o
    0x2400e5d0   COMPRESSED   0x00000010   Data   RW         5143    .data               network.o
    0x2400e5e0   COMPRESSED   0x00000010   Data   RW         5144    .data               network.o
    0x2400e5f0   COMPRESSED   0x00000010   Data   RW         5145    .data               network.o
    0x2400e600   COMPRESSED   0x00000010   Data   RW         5146    .data               network.o
    0x2400e610   COMPRESSED   0x00000010   Data   RW         5147    .data               network.o
    0x2400e620   COMPRESSED   0x00000010   Data   RW         5148    .data               network.o
    0x2400e630   COMPRESSED   0x00000010   Data   RW         5149    .data               network.o
    0x2400e640   COMPRESSED   0x00000010   Data   RW         5150    .data               network.o
    0x2400e650   COMPRESSED   0x00000010   Data   RW         5151    .data               network.o
    0x2400e660   COMPRESSED   0x00000010   Data   RW         5152    .data               network.o
    0x2400e670   COMPRESSED   0x00000010   Data   RW         5153    .data               network.o
    0x2400e680   COMPRESSED   0x00000010   Data   RW         5154    .data               network.o
    0x2400e690   COMPRESSED   0x00000010   Data   RW         5155    .data               network.o
    0x2400e6a0   COMPRESSED   0x00000010   Data   RW         5156    .data               network.o
    0x2400e6b0   COMPRESSED   0x00000010   Data   RW         5157    .data               network.o
    0x2400e6c0   COMPRESSED   0x00000010   Data   RW         5158    .data               network.o
    0x2400e6d0   COMPRESSED   0x00000010   Data   RW         5159    .data               network.o
    0x2400e6e0   COMPRESSED   0x00000010   Data   RW         5160    .data               network.o
    0x2400e6f0   COMPRESSED   0x00000010   Data   RW         5161    .data               network.o
    0x2400e700   COMPRESSED   0x00000010   Data   RW         5162    .data               network.o
    0x2400e710   COMPRESSED   0x00000010   Data   RW         5163    .data               network.o
    0x2400e720   COMPRESSED   0x00000010   Data   RW         5164    .data               network.o
    0x2400e730   COMPRESSED   0x00000010   Data   RW         5165    .data               network.o
    0x2400e740   COMPRESSED   0x00000010   Data   RW         5166    .data               network.o
    0x2400e750   COMPRESSED   0x00000010   Data   RW         5167    .data               network.o
    0x2400e760   COMPRESSED   0x00000010   Data   RW         5168    .data               network.o
    0x2400e770   COMPRESSED   0x00000010   Data   RW         5169    .data               network.o
    0x2400e780   COMPRESSED   0x00000010   Data   RW         5170    .data               network.o
    0x2400e790   COMPRESSED   0x00000010   Data   RW         5171    .data               network.o
    0x2400e7a0   COMPRESSED   0x00000010   Data   RW         5172    .data               network.o
    0x2400e7b0   COMPRESSED   0x00000010   Data   RW         5173    .data               network.o
    0x2400e7c0   COMPRESSED   0x00000010   Data   RW         5174    .data               network.o
    0x2400e7d0   COMPRESSED   0x00000010   Data   RW         5175    .data               network.o
    0x2400e7e0   COMPRESSED   0x00000010   Data   RW         5176    .data               network.o
    0x2400e7f0   COMPRESSED   0x00000010   Data   RW         5177    .data               network.o
    0x2400e800   COMPRESSED   0x00000010   Data   RW         5178    .data               network.o
    0x2400e810   COMPRESSED   0x00000010   Data   RW         5179    .data               network.o
    0x2400e820   COMPRESSED   0x00000010   Data   RW         5180    .data               network.o
    0x2400e830   COMPRESSED   0x00000010   Data   RW         5181    .data               network.o
    0x2400e840   COMPRESSED   0x00000010   Data   RW         5182    .data               network.o
    0x2400e850   COMPRESSED   0x00000010   Data   RW         5183    .data               network.o
    0x2400e860   COMPRESSED   0x00000010   Data   RW         5184    .data               network.o
    0x2400e870   COMPRESSED   0x00000010   Data   RW         5185    .data               network.o
    0x2400e880   COMPRESSED   0x00000010   Data   RW         5186    .data               network.o
    0x2400e890   COMPRESSED   0x00000010   Data   RW         5187    .data               network.o
    0x2400e8a0   COMPRESSED   0x00000010   Data   RW         5188    .data               network.o
    0x2400e8b0   COMPRESSED   0x00000010   Data   RW         5189    .data               network.o
    0x2400e8c0   COMPRESSED   0x00000010   Data   RW         5190    .data               network.o
    0x2400e8d0   COMPRESSED   0x00000010   Data   RW         5191    .data               network.o
    0x2400e8e0   COMPRESSED   0x00000010   Data   RW         5192    .data               network.o
    0x2400e8f0   COMPRESSED   0x00000010   Data   RW         5193    .data               network.o
    0x2400e900   COMPRESSED   0x00000010   Data   RW         5194    .data               network.o
    0x2400e910   COMPRESSED   0x00000010   Data   RW         5195    .data               network.o
    0x2400e920   COMPRESSED   0x00000010   Data   RW         5196    .data               network.o
    0x2400e930   COMPRESSED   0x00000010   Data   RW         5197    .data               network.o
    0x2400e940   COMPRESSED   0x00000010   Data   RW         5198    .data               network.o
    0x2400e950   COMPRESSED   0x00000010   Data   RW         5199    .data               network.o
    0x2400e960   COMPRESSED   0x00000010   Data   RW         5200    .data               network.o
    0x2400e970   COMPRESSED   0x00000010   Data   RW         5201    .data               network.o
    0x2400e980   COMPRESSED   0x00000010   Data   RW         5202    .data               network.o
    0x2400e990   COMPRESSED   0x00000010   Data   RW         5203    .data               network.o
    0x2400e9a0   COMPRESSED   0x00000010   Data   RW         5204    .data               network.o
    0x2400e9b0   COMPRESSED   0x00000010   Data   RW         5205    .data               network.o
    0x2400e9c0   COMPRESSED   0x00000010   Data   RW         5206    .data               network.o
    0x2400e9d0   COMPRESSED   0x00000010   Data   RW         5207    .data               network.o
    0x2400e9e0   COMPRESSED   0x00000010   Data   RW         5208    .data               network.o
    0x2400e9f0   COMPRESSED   0x00000010   Data   RW         5209    .data               network.o
    0x2400ea00   COMPRESSED   0x00000010   Data   RW         5210    .data               network.o
    0x2400ea10   COMPRESSED   0x00000010   Data   RW         5211    .data               network.o
    0x2400ea20   COMPRESSED   0x00000010   Data   RW         5212    .data               network.o
    0x2400ea30   COMPRESSED   0x00000010   Data   RW         5213    .data               network.o
    0x2400ea40   COMPRESSED   0x00000010   Data   RW         5214    .data               network.o
    0x2400ea50   COMPRESSED   0x00000010   Data   RW         5215    .data               network.o
    0x2400ea60   COMPRESSED   0x00000010   Data   RW         5216    .data               network.o
    0x2400ea70   COMPRESSED   0x00000010   Data   RW         5217    .data               network.o
    0x2400ea80   COMPRESSED   0x00000010   Data   RW         5218    .data               network.o
    0x2400ea90   COMPRESSED   0x00000010   Data   RW         5219    .data               network.o
    0x2400eaa0   COMPRESSED   0x00000010   Data   RW         5220    .data               network.o
    0x2400eab0   COMPRESSED   0x00000010   Data   RW         5221    .data               network.o
    0x2400eac0   COMPRESSED   0x00000010   Data   RW         5222    .data               network.o
    0x2400ead0   COMPRESSED   0x00000010   Data   RW         5223    .data               network.o
    0x2400eae0   COMPRESSED   0x00000010   Data   RW         5224    .data               network.o
    0x2400eaf0   COMPRESSED   0x00000010   Data   RW         5225    .data               network.o
    0x2400eb00   COMPRESSED   0x00000010   Data   RW         5226    .data               network.o
    0x2400eb10   COMPRESSED   0x00000010   Data   RW         5227    .data               network.o
    0x2400eb20   COMPRESSED   0x00000010   Data   RW         5228    .data               network.o
    0x2400eb30   COMPRESSED   0x00000010   Data   RW         5229    .data               network.o
    0x2400eb40   COMPRESSED   0x00000010   Data   RW         5230    .data               network.o
    0x2400eb50   COMPRESSED   0x00000010   Data   RW         5231    .data               network.o
    0x2400eb60   COMPRESSED   0x00000010   Data   RW         5232    .data               network.o
    0x2400eb70   COMPRESSED   0x00000010   Data   RW         5233    .data               network.o
    0x2400eb80   COMPRESSED   0x00000010   Data   RW         5234    .data               network.o
    0x2400eb90   COMPRESSED   0x00000010   Data   RW         5235    .data               network.o
    0x2400eba0   COMPRESSED   0x00000010   Data   RW         5236    .data               network.o
    0x2400ebb0   COMPRESSED   0x00000010   Data   RW         5237    .data               network.o
    0x2400ebc0   COMPRESSED   0x00000010   Data   RW         5238    .data               network.o
    0x2400ebd0   COMPRESSED   0x00000010   Data   RW         5239    .data               network.o
    0x2400ebe0   COMPRESSED   0x00000010   Data   RW         5240    .data               network.o
    0x2400ebf0   COMPRESSED   0x00000010   Data   RW         5241    .data               network.o
    0x2400ec00   COMPRESSED   0x00000010   Data   RW         5242    .data               network.o
    0x2400ec10   COMPRESSED   0x00000010   Data   RW         5243    .data               network.o
    0x2400ec20   COMPRESSED   0x00000010   Data   RW         5244    .data               network.o
    0x2400ec30   COMPRESSED   0x00000010   Data   RW         5245    .data               network.o
    0x2400ec40   COMPRESSED   0x00000010   Data   RW         5246    .data               network.o
    0x2400ec50   COMPRESSED   0x00000010   Data   RW         5247    .data               network.o
    0x2400ec60   COMPRESSED   0x00000010   Data   RW         5248    .data               network.o
    0x2400ec70   COMPRESSED   0x00000010   Data   RW         5249    .data               network.o
    0x2400ec80   COMPRESSED   0x00000010   Data   RW         5250    .data               network.o
    0x2400ec90   COMPRESSED   0x00000010   Data   RW         5251    .data               network.o
    0x2400eca0   COMPRESSED   0x00000010   Data   RW         5252    .data               network.o
    0x2400ecb0   COMPRESSED   0x00000010   Data   RW         5253    .data               network.o
    0x2400ecc0   COMPRESSED   0x00000010   Data   RW         5254    .data               network.o
    0x2400ecd0   COMPRESSED   0x00000010   Data   RW         5255    .data               network.o
    0x2400ece0   COMPRESSED   0x00000010   Data   RW         5256    .data               network.o
    0x2400ecf0   COMPRESSED   0x00000010   Data   RW         5257    .data               network.o
    0x2400ed00   COMPRESSED   0x00000010   Data   RW         5258    .data               network.o
    0x2400ed10   COMPRESSED   0x00000004   Data   RW         5259    .data               network.o
    0x2400ed14   COMPRESSED   0x00000004   Data   RW         5260    .data               network.o
    0x2400ed18   COMPRESSED   0x00000004   Data   RW         5261    .data               network.o
    0x2400ed1c   COMPRESSED   0x00000004   Data   RW         5262    .data               network.o
    0x2400ed20   COMPRESSED   0x00000030   Data   RW         5263    .data               network.o
    0x2400ed50   COMPRESSED   0x00000004   Data   RW         5264    .data               network.o
    0x2400ed54   COMPRESSED   0x00000004   Data   RW         5265    .data               network.o
    0x2400ed58   COMPRESSED   0x00000008   Data   RW         5266    .data               network.o
    0x2400ed60   COMPRESSED   0x00000004   Data   RW         5267    .data               network.o
    0x2400ed64   COMPRESSED   0x00000030   Data   RW         5268    .data               network.o
    0x2400ed94   COMPRESSED   0x00000004   Data   RW         5269    .data               network.o
    0x2400ed98   COMPRESSED   0x00000004   Data   RW         5270    .data               network.o
    0x2400ed9c   COMPRESSED   0x00000004   Data   RW         5271    .data               network.o
    0x2400eda0   COMPRESSED   0x00000004   Data   RW         5272    .data               network.o
    0x2400eda4   COMPRESSED   0x00000030   Data   RW         5273    .data               network.o
    0x2400edd4   COMPRESSED   0x00000004   Data   RW         5274    .data               network.o
    0x2400edd8   COMPRESSED   0x00000004   Data   RW         5275    .data               network.o
    0x2400eddc   COMPRESSED   0x0000000c   Data   RW         5276    .data               network.o
    0x2400ede8   COMPRESSED   0x00000004   Data   RW         5277    .data               network.o
    0x2400edec   COMPRESSED   0x00000030   Data   RW         5278    .data               network.o
    0x2400ee1c   COMPRESSED   0x00000004   Data   RW         5279    .data               network.o
    0x2400ee20   COMPRESSED   0x00000004   Data   RW         5280    .data               network.o
    0x2400ee24   COMPRESSED   0x0000000c   Data   RW         5281    .data               network.o
    0x2400ee30   COMPRESSED   0x00000004   Data   RW         5282    .data               network.o
    0x2400ee34   COMPRESSED   0x00000030   Data   RW         5283    .data               network.o
    0x2400ee64   COMPRESSED   0x00000004   Data   RW         5284    .data               network.o
    0x2400ee68   COMPRESSED   0x00000004   Data   RW         5285    .data               network.o
    0x2400ee6c   COMPRESSED   0x00000004   Data   RW         5286    .data               network.o
    0x2400ee70   COMPRESSED   0x00000004   Data   RW         5287    .data               network.o
    0x2400ee74   COMPRESSED   0x00000030   Data   RW         5288    .data               network.o
    0x2400eea4   COMPRESSED   0x00000010   Data   RW         5289    .data               network.o
    0x2400eeb4   COMPRESSED   0x00000004   Data   RW         5290    .data               network.o
    0x2400eeb8   COMPRESSED   0x00000004   Data   RW         5291    .data               network.o
    0x2400eebc   COMPRESSED   0x0000000c   Data   RW         5292    .data               network.o
    0x2400eec8   COMPRESSED   0x00000004   Data   RW         5293    .data               network.o
    0x2400eecc   COMPRESSED   0x00000030   Data   RW         5294    .data               network.o
    0x2400eefc   COMPRESSED   0x00000004   Data   RW         5295    .data               network.o
    0x2400ef00   COMPRESSED   0x00000004   Data   RW         5296    .data               network.o
    0x2400ef04   COMPRESSED   0x0000000c   Data   RW         5297    .data               network.o
    0x2400ef10   COMPRESSED   0x00000004   Data   RW         5298    .data               network.o
    0x2400ef14   COMPRESSED   0x00000030   Data   RW         5299    .data               network.o
    0x2400ef44   COMPRESSED   0x00000004   Data   RW         5300    .data               network.o
    0x2400ef48   COMPRESSED   0x00000004   Data   RW         5301    .data               network.o
    0x2400ef4c   COMPRESSED   0x00000004   Data   RW         5302    .data               network.o
    0x2400ef50   COMPRESSED   0x00000004   Data   RW         5303    .data               network.o
    0x2400ef54   COMPRESSED   0x00000030   Data   RW         5304    .data               network.o
    0x2400ef84   COMPRESSED   0x00000010   Data   RW         5305    .data               network.o
    0x2400ef94   COMPRESSED   0x00000004   Data   RW         5306    .data               network.o
    0x2400ef98   COMPRESSED   0x00000004   Data   RW         5307    .data               network.o
    0x2400ef9c   COMPRESSED   0x0000000c   Data   RW         5308    .data               network.o
    0x2400efa8   COMPRESSED   0x00000004   Data   RW         5309    .data               network.o
    0x2400efac   COMPRESSED   0x00000030   Data   RW         5310    .data               network.o
    0x2400efdc   COMPRESSED   0x00000004   Data   RW         5311    .data               network.o
    0x2400efe0   COMPRESSED   0x00000004   Data   RW         5312    .data               network.o
    0x2400efe4   COMPRESSED   0x0000000c   Data   RW         5313    .data               network.o
    0x2400eff0   COMPRESSED   0x00000004   Data   RW         5314    .data               network.o
    0x2400eff4   COMPRESSED   0x00000030   Data   RW         5315    .data               network.o
    0x2400f024   COMPRESSED   0x00000004   Data   RW         5316    .data               network.o
    0x2400f028   COMPRESSED   0x00000004   Data   RW         5317    .data               network.o
    0x2400f02c   COMPRESSED   0x00000004   Data   RW         5318    .data               network.o
    0x2400f030   COMPRESSED   0x00000004   Data   RW         5319    .data               network.o
    0x2400f034   COMPRESSED   0x00000030   Data   RW         5320    .data               network.o
    0x2400f064   COMPRESSED   0x00000010   Data   RW         5321    .data               network.o
    0x2400f074   COMPRESSED   0x00000004   Data   RW         5322    .data               network.o
    0x2400f078   COMPRESSED   0x00000004   Data   RW         5323    .data               network.o
    0x2400f07c   COMPRESSED   0x0000000c   Data   RW         5324    .data               network.o
    0x2400f088   COMPRESSED   0x00000004   Data   RW         5325    .data               network.o
    0x2400f08c   COMPRESSED   0x00000030   Data   RW         5326    .data               network.o
    0x2400f0bc   COMPRESSED   0x00000004   Data   RW         5327    .data               network.o
    0x2400f0c0   COMPRESSED   0x00000004   Data   RW         5328    .data               network.o
    0x2400f0c4   COMPRESSED   0x0000000c   Data   RW         5329    .data               network.o
    0x2400f0d0   COMPRESSED   0x00000004   Data   RW         5330    .data               network.o
    0x2400f0d4   COMPRESSED   0x00000030   Data   RW         5331    .data               network.o
    0x2400f104   COMPRESSED   0x00000004   Data   RW         5332    .data               network.o
    0x2400f108   COMPRESSED   0x00000004   Data   RW         5333    .data               network.o
    0x2400f10c   COMPRESSED   0x00000004   Data   RW         5334    .data               network.o
    0x2400f110   COMPRESSED   0x00000004   Data   RW         5335    .data               network.o
    0x2400f114   COMPRESSED   0x00000030   Data   RW         5336    .data               network.o
    0x2400f144   COMPRESSED   0x00000010   Data   RW         5337    .data               network.o
    0x2400f154   COMPRESSED   0x00000004   Data   RW         5338    .data               network.o
    0x2400f158   COMPRESSED   0x00000004   Data   RW         5339    .data               network.o
    0x2400f15c   COMPRESSED   0x0000000c   Data   RW         5340    .data               network.o
    0x2400f168   COMPRESSED   0x00000004   Data   RW         5341    .data               network.o
    0x2400f16c   COMPRESSED   0x00000030   Data   RW         5342    .data               network.o
    0x2400f19c   COMPRESSED   0x00000004   Data   RW         5343    .data               network.o
    0x2400f1a0   COMPRESSED   0x00000004   Data   RW         5344    .data               network.o
    0x2400f1a4   COMPRESSED   0x0000000c   Data   RW         5345    .data               network.o
    0x2400f1b0   COMPRESSED   0x00000004   Data   RW         5346    .data               network.o
    0x2400f1b4   COMPRESSED   0x00000030   Data   RW         5347    .data               network.o
    0x2400f1e4   COMPRESSED   0x00000004   Data   RW         5348    .data               network.o
    0x2400f1e8   COMPRESSED   0x00000004   Data   RW         5349    .data               network.o
    0x2400f1ec   COMPRESSED   0x00000004   Data   RW         5350    .data               network.o
    0x2400f1f0   COMPRESSED   0x00000004   Data   RW         5351    .data               network.o
    0x2400f1f4   COMPRESSED   0x00000030   Data   RW         5352    .data               network.o
    0x2400f224   COMPRESSED   0x00000010   Data   RW         5353    .data               network.o
    0x2400f234   COMPRESSED   0x00000004   Data   RW         5354    .data               network.o
    0x2400f238   COMPRESSED   0x00000004   Data   RW         5355    .data               network.o
    0x2400f23c   COMPRESSED   0x0000000c   Data   RW         5356    .data               network.o
    0x2400f248   COMPRESSED   0x00000004   Data   RW         5357    .data               network.o
    0x2400f24c   COMPRESSED   0x00000030   Data   RW         5358    .data               network.o
    0x2400f27c   COMPRESSED   0x00000004   Data   RW         5359    .data               network.o
    0x2400f280   COMPRESSED   0x00000004   Data   RW         5360    .data               network.o
    0x2400f284   COMPRESSED   0x0000000c   Data   RW         5361    .data               network.o
    0x2400f290   COMPRESSED   0x00000004   Data   RW         5362    .data               network.o
    0x2400f294   COMPRESSED   0x00000030   Data   RW         5363    .data               network.o
    0x2400f2c4   COMPRESSED   0x00000004   Data   RW         5364    .data               network.o
    0x2400f2c8   COMPRESSED   0x00000004   Data   RW         5365    .data               network.o
    0x2400f2cc   COMPRESSED   0x00000004   Data   RW         5366    .data               network.o
    0x2400f2d0   COMPRESSED   0x00000004   Data   RW         5367    .data               network.o
    0x2400f2d4   COMPRESSED   0x00000030   Data   RW         5368    .data               network.o
    0x2400f304   COMPRESSED   0x00000010   Data   RW         5369    .data               network.o
    0x2400f314   COMPRESSED   0x00000004   Data   RW         5370    .data               network.o
    0x2400f318   COMPRESSED   0x00000004   Data   RW         5371    .data               network.o
    0x2400f31c   COMPRESSED   0x0000000c   Data   RW         5372    .data               network.o
    0x2400f328   COMPRESSED   0x00000004   Data   RW         5373    .data               network.o
    0x2400f32c   COMPRESSED   0x00000030   Data   RW         5374    .data               network.o
    0x2400f35c   COMPRESSED   0x00000004   Data   RW         5375    .data               network.o
    0x2400f360   COMPRESSED   0x00000004   Data   RW         5376    .data               network.o
    0x2400f364   COMPRESSED   0x0000000c   Data   RW         5377    .data               network.o
    0x2400f370   COMPRESSED   0x00000004   Data   RW         5378    .data               network.o
    0x2400f374   COMPRESSED   0x00000030   Data   RW         5379    .data               network.o
    0x2400f3a4   COMPRESSED   0x00000004   Data   RW         5380    .data               network.o
    0x2400f3a8   COMPRESSED   0x00000004   Data   RW         5381    .data               network.o
    0x2400f3ac   COMPRESSED   0x00000004   Data   RW         5382    .data               network.o
    0x2400f3b0   COMPRESSED   0x00000004   Data   RW         5383    .data               network.o
    0x2400f3b4   COMPRESSED   0x00000030   Data   RW         5384    .data               network.o
    0x2400f3e4   COMPRESSED   0x00000010   Data   RW         5385    .data               network.o
    0x2400f3f4   COMPRESSED   0x00000004   Data   RW         5386    .data               network.o
    0x2400f3f8   COMPRESSED   0x00000004   Data   RW         5387    .data               network.o
    0x2400f3fc   COMPRESSED   0x0000000c   Data   RW         5388    .data               network.o
    0x2400f408   COMPRESSED   0x00000004   Data   RW         5389    .data               network.o
    0x2400f40c   COMPRESSED   0x00000030   Data   RW         5390    .data               network.o
    0x2400f43c   COMPRESSED   0x00000004   Data   RW         5391    .data               network.o
    0x2400f440   COMPRESSED   0x00000004   Data   RW         5392    .data               network.o
    0x2400f444   COMPRESSED   0x0000000c   Data   RW         5393    .data               network.o
    0x2400f450   COMPRESSED   0x00000004   Data   RW         5394    .data               network.o
    0x2400f454   COMPRESSED   0x00000030   Data   RW         5395    .data               network.o
    0x2400f484   COMPRESSED   0x00000004   Data   RW         5396    .data               network.o
    0x2400f488   COMPRESSED   0x00000004   Data   RW         5397    .data               network.o
    0x2400f48c   COMPRESSED   0x00000004   Data   RW         5398    .data               network.o
    0x2400f490   COMPRESSED   0x00000004   Data   RW         5399    .data               network.o
    0x2400f494   COMPRESSED   0x00000030   Data   RW         5400    .data               network.o
    0x2400f4c4   COMPRESSED   0x00000010   Data   RW         5401    .data               network.o
    0x2400f4d4   COMPRESSED   0x00000004   Data   RW         5402    .data               network.o
    0x2400f4d8   COMPRESSED   0x00000004   Data   RW         5403    .data               network.o
    0x2400f4dc   COMPRESSED   0x0000000c   Data   RW         5404    .data               network.o
    0x2400f4e8   COMPRESSED   0x00000004   Data   RW         5405    .data               network.o
    0x2400f4ec   COMPRESSED   0x00000030   Data   RW         5406    .data               network.o
    0x2400f51c   COMPRESSED   0x00000004   Data   RW         5407    .data               network.o
    0x2400f520   COMPRESSED   0x00000004   Data   RW         5408    .data               network.o
    0x2400f524   COMPRESSED   0x0000000c   Data   RW         5409    .data               network.o
    0x2400f530   COMPRESSED   0x00000004   Data   RW         5410    .data               network.o
    0x2400f534   COMPRESSED   0x00000030   Data   RW         5411    .data               network.o
    0x2400f564   COMPRESSED   0x00000004   Data   RW         5412    .data               network.o
    0x2400f568   COMPRESSED   0x00000004   Data   RW         5413    .data               network.o
    0x2400f56c   COMPRESSED   0x00000004   Data   RW         5414    .data               network.o
    0x2400f570   COMPRESSED   0x00000004   Data   RW         5415    .data               network.o
    0x2400f574   COMPRESSED   0x00000030   Data   RW         5416    .data               network.o
    0x2400f5a4   COMPRESSED   0x00000010   Data   RW         5417    .data               network.o
    0x2400f5b4   COMPRESSED   0x00000004   Data   RW         5418    .data               network.o
    0x2400f5b8   COMPRESSED   0x00000004   Data   RW         5419    .data               network.o
    0x2400f5bc   COMPRESSED   0x0000000c   Data   RW         5420    .data               network.o
    0x2400f5c8   COMPRESSED   0x00000004   Data   RW         5421    .data               network.o
    0x2400f5cc   COMPRESSED   0x00000030   Data   RW         5422    .data               network.o
    0x2400f5fc   COMPRESSED   0x00000004   Data   RW         5423    .data               network.o
    0x2400f600   COMPRESSED   0x00000004   Data   RW         5424    .data               network.o
    0x2400f604   COMPRESSED   0x0000000c   Data   RW         5425    .data               network.o
    0x2400f610   COMPRESSED   0x00000004   Data   RW         5426    .data               network.o
    0x2400f614   COMPRESSED   0x00000030   Data   RW         5427    .data               network.o
    0x2400f644   COMPRESSED   0x00000004   Data   RW         5428    .data               network.o
    0x2400f648   COMPRESSED   0x00000004   Data   RW         5429    .data               network.o
    0x2400f64c   COMPRESSED   0x00000004   Data   RW         5430    .data               network.o
    0x2400f650   COMPRESSED   0x00000004   Data   RW         5431    .data               network.o
    0x2400f654   COMPRESSED   0x00000030   Data   RW         5432    .data               network.o
    0x2400f684   COMPRESSED   0x00000010   Data   RW         5433    .data               network.o
    0x2400f694   COMPRESSED   0x00000004   Data   RW         5434    .data               network.o
    0x2400f698   COMPRESSED   0x00000004   Data   RW         5435    .data               network.o
    0x2400f69c   COMPRESSED   0x0000000c   Data   RW         5436    .data               network.o
    0x2400f6a8   COMPRESSED   0x00000004   Data   RW         5437    .data               network.o
    0x2400f6ac   COMPRESSED   0x00000030   Data   RW         5438    .data               network.o
    0x2400f6dc   COMPRESSED   0x00000004   Data   RW         5439    .data               network.o
    0x2400f6e0   COMPRESSED   0x00000004   Data   RW         5440    .data               network.o
    0x2400f6e4   COMPRESSED   0x0000000c   Data   RW         5441    .data               network.o
    0x2400f6f0   COMPRESSED   0x00000004   Data   RW         5442    .data               network.o
    0x2400f6f4   COMPRESSED   0x00000030   Data   RW         5443    .data               network.o
    0x2400f724   COMPRESSED   0x00000004   Data   RW         5444    .data               network.o
    0x2400f728   COMPRESSED   0x00000004   Data   RW         5445    .data               network.o
    0x2400f72c   COMPRESSED   0x00000004   Data   RW         5446    .data               network.o
    0x2400f730   COMPRESSED   0x00000004   Data   RW         5447    .data               network.o
    0x2400f734   COMPRESSED   0x00000030   Data   RW         5448    .data               network.o
    0x2400f764   COMPRESSED   0x00000010   Data   RW         5449    .data               network.o
    0x2400f774   COMPRESSED   0x00000004   Data   RW         5450    .data               network.o
    0x2400f778   COMPRESSED   0x00000004   Data   RW         5451    .data               network.o
    0x2400f77c   COMPRESSED   0x0000000c   Data   RW         5452    .data               network.o
    0x2400f788   COMPRESSED   0x00000004   Data   RW         5453    .data               network.o
    0x2400f78c   COMPRESSED   0x00000030   Data   RW         5454    .data               network.o
    0x2400f7bc   COMPRESSED   0x00000004   Data   RW         5455    .data               network.o
    0x2400f7c0   COMPRESSED   0x00000004   Data   RW         5456    .data               network.o
    0x2400f7c4   COMPRESSED   0x0000000c   Data   RW         5457    .data               network.o
    0x2400f7d0   COMPRESSED   0x00000004   Data   RW         5458    .data               network.o
    0x2400f7d4   COMPRESSED   0x00000030   Data   RW         5459    .data               network.o
    0x2400f804   COMPRESSED   0x00000004   Data   RW         5460    .data               network.o
    0x2400f808   COMPRESSED   0x00000004   Data   RW         5461    .data               network.o
    0x2400f80c   COMPRESSED   0x00000004   Data   RW         5462    .data               network.o
    0x2400f810   COMPRESSED   0x00000004   Data   RW         5463    .data               network.o
    0x2400f814   COMPRESSED   0x00000030   Data   RW         5464    .data               network.o
    0x2400f844   COMPRESSED   0x00000010   Data   RW         5465    .data               network.o
    0x2400f854   COMPRESSED   0x00000004   Data   RW         5466    .data               network.o
    0x2400f858   COMPRESSED   0x00000004   Data   RW         5467    .data               network.o
    0x2400f85c   COMPRESSED   0x0000000c   Data   RW         5468    .data               network.o
    0x2400f868   COMPRESSED   0x00000004   Data   RW         5469    .data               network.o
    0x2400f86c   COMPRESSED   0x00000030   Data   RW         5470    .data               network.o
    0x2400f89c   COMPRESSED   0x00000004   Data   RW         5471    .data               network.o
    0x2400f8a0   COMPRESSED   0x00000004   Data   RW         5472    .data               network.o
    0x2400f8a4   COMPRESSED   0x0000000c   Data   RW         5473    .data               network.o
    0x2400f8b0   COMPRESSED   0x00000004   Data   RW         5474    .data               network.o
    0x2400f8b4   COMPRESSED   0x00000030   Data   RW         5475    .data               network.o
    0x2400f8e4   COMPRESSED   0x00000004   Data   RW         5476    .data               network.o
    0x2400f8e8   COMPRESSED   0x00000004   Data   RW         5477    .data               network.o
    0x2400f8ec   COMPRESSED   0x00000004   Data   RW         5478    .data               network.o
    0x2400f8f0   COMPRESSED   0x00000004   Data   RW         5479    .data               network.o
    0x2400f8f4   COMPRESSED   0x00000030   Data   RW         5480    .data               network.o
    0x2400f924   COMPRESSED   0x00000010   Data   RW         5481    .data               network.o
    0x2400f934   COMPRESSED   0x00000004   Data   RW         5482    .data               network.o
    0x2400f938   COMPRESSED   0x00000004   Data   RW         5483    .data               network.o
    0x2400f93c   COMPRESSED   0x0000000c   Data   RW         5484    .data               network.o
    0x2400f948   COMPRESSED   0x00000004   Data   RW         5485    .data               network.o
    0x2400f94c   COMPRESSED   0x00000030   Data   RW         5486    .data               network.o
    0x2400f97c   COMPRESSED   0x00000010   Data   RW         5487    .data               network.o
    0x2400f98c   COMPRESSED   0x00000010   Data   RW         5488    .data               network.o
    0x2400f99c   COMPRESSED   0x0000001c   Data   RW         5489    .data               network.o
    0x2400f9b8   COMPRESSED   0x00000010   Data   RW         5490    .data               network.o
    0x2400f9c8   COMPRESSED   0x0000001c   Data   RW         5491    .data               network.o
    0x2400f9e4   COMPRESSED   0x00000008   Data   RW         5492    .data               network.o
    0x2400f9ec   COMPRESSED   0x00000008   Data   RW         5493    .data               network.o
    0x2400f9f4   COMPRESSED   0x00000004   Data   RW         5494    .data               network.o
    0x2400f9f8   COMPRESSED   0x0000000c   Data   RW         5495    .data               network.o
    0x2400fa04   COMPRESSED   0x00000004   Data   RW         5496    .data               network.o
    0x2400fa08   COMPRESSED   0x0000000c   Data   RW         5497    .data               network.o
    0x2400fa14   COMPRESSED   0x00000018   Data   RW         5498    .data               network.o
    0x2400fa2c   COMPRESSED   0x00000864   Data   RW         5499    .data               network.o
    0x24010290   COMPRESSED   0x0000001c   Data   RW         5500    .data               network.o
    0x240102ac   COMPRESSED   0x0000001c   Data   RW         5501    .data               network.o
    0x240102c8   COMPRESSED   0x0000001c   Data   RW         5502    .data               network.o
    0x240102e4   COMPRESSED   0x0000001c   Data   RW         5503    .data               network.o
    0x24010300   COMPRESSED   0x0000001c   Data   RW         5504    .data               network.o
    0x2401031c   COMPRESSED   0x0000001c   Data   RW         5505    .data               network.o
    0x24010338   COMPRESSED   0x0000001c   Data   RW         5506    .data               network.o
    0x24010354   COMPRESSED   0x0000001c   Data   RW         5507    .data               network.o
    0x24010370   COMPRESSED   0x0000001c   Data   RW         5508    .data               network.o
    0x2401038c   COMPRESSED   0x0000001c   Data   RW         5509    .data               network.o
    0x240103a8   COMPRESSED   0x0000001c   Data   RW         5510    .data               network.o
    0x240103c4   COMPRESSED   0x0000001c   Data   RW         5511    .data               network.o
    0x240103e0   COMPRESSED   0x0000001c   Data   RW         5512    .data               network.o
    0x240103fc   COMPRESSED   0x0000001c   Data   RW         5513    .data               network.o
    0x24010418   COMPRESSED   0x0000001c   Data   RW         5514    .data               network.o
    0x24010434   COMPRESSED   0x0000001c   Data   RW         5515    .data               network.o
    0x24010450   COMPRESSED   0x0000001c   Data   RW         5516    .data               network.o
    0x2401046c   COMPRESSED   0x0000001c   Data   RW         5517    .data               network.o
    0x24010488   COMPRESSED   0x0000001c   Data   RW         5518    .data               network.o
    0x240104a4   COMPRESSED   0x0000001c   Data   RW         5519    .data               network.o
    0x240104c0   COMPRESSED   0x0000001c   Data   RW         5520    .data               network.o
    0x240104dc   COMPRESSED   0x0000001c   Data   RW         5521    .data               network.o
    0x240104f8   COMPRESSED   0x0000001c   Data   RW         5522    .data               network.o
    0x24010514   COMPRESSED   0x0000001c   Data   RW         5523    .data               network.o
    0x24010530   COMPRESSED   0x0000001c   Data   RW         5524    .data               network.o
    0x2401054c   COMPRESSED   0x0000001c   Data   RW         5525    .data               network.o
    0x24010568   COMPRESSED   0x0000001c   Data   RW         5526    .data               network.o
    0x24010584   COMPRESSED   0x0000001c   Data   RW         5527    .data               network.o
    0x240105a0   COMPRESSED   0x0000001c   Data   RW         5528    .data               network.o
    0x240105bc   COMPRESSED   0x0000001c   Data   RW         5529    .data               network.o
    0x240105d8   COMPRESSED   0x0000001c   Data   RW         5530    .data               network.o
    0x240105f4   COMPRESSED   0x0000001c   Data   RW         5531    .data               network.o
    0x24010610   COMPRESSED   0x0000001c   Data   RW         5532    .data               network.o
    0x2401062c   COMPRESSED   0x0000001c   Data   RW         5533    .data               network.o
    0x24010648   COMPRESSED   0x0000001c   Data   RW         5534    .data               network.o
    0x24010664   COMPRESSED   0x0000001c   Data   RW         5535    .data               network.o
    0x24010680   COMPRESSED   0x0000001c   Data   RW         5536    .data               network.o
    0x2401069c   COMPRESSED   0x0000001c   Data   RW         5537    .data               network.o
    0x240106b8   COMPRESSED   0x0000001c   Data   RW         5538    .data               network.o
    0x240106d4   COMPRESSED   0x0000001c   Data   RW         5539    .data               network.o
    0x240106f0   COMPRESSED   0x0000001c   Data   RW         5540    .data               network.o
    0x2401070c   COMPRESSED   0x0000001c   Data   RW         5541    .data               network.o
    0x24010728   COMPRESSED   0x0000001c   Data   RW         5542    .data               network.o
    0x24010744   COMPRESSED   0x0000001c   Data   RW         5543    .data               network.o
    0x24010760   COMPRESSED   0x0000001c   Data   RW         5544    .data               network.o
    0x2401077c   COMPRESSED   0x0000001c   Data   RW         5545    .data               network.o
    0x24010798   COMPRESSED   0x0000001c   Data   RW         5546    .data               network.o
    0x240107b4   COMPRESSED   0x0000001c   Data   RW         5547    .data               network.o
    0x240107d0   COMPRESSED   0x0000001c   Data   RW         5548    .data               network.o
    0x240107ec   COMPRESSED   0x0000001c   Data   RW         5549    .data               network.o
    0x24010808   COMPRESSED   0x0000001c   Data   RW         5550    .data               network.o
    0x24010824   COMPRESSED   0x0000001c   Data   RW         5551    .data               network.o
    0x24010840   COMPRESSED   0x0000001c   Data   RW         5552    .data               network.o
    0x2401085c   COMPRESSED   0x0000001c   Data   RW         5553    .data               network.o
    0x24010878   COMPRESSED   0x0000001c   Data   RW         5554    .data               network.o
    0x24010894   COMPRESSED   0x0000001c   Data   RW         5555    .data               network.o
    0x240108b0   COMPRESSED   0x0000001c   Data   RW         5556    .data               network.o
    0x240108cc   COMPRESSED   0x0000001c   Data   RW         5557    .data               network.o
    0x240108e8   COMPRESSED   0x0000001c   Data   RW         5558    .data               network.o
    0x24010904   COMPRESSED   0x0000001c   Data   RW         5559    .data               network.o
    0x24010920   COMPRESSED   0x0000001c   Data   RW         5560    .data               network.o
    0x2401093c   COMPRESSED   0x0000001c   Data   RW         5561    .data               network.o
    0x24010958   COMPRESSED   0x0000001c   Data   RW         5562    .data               network.o
    0x24010974   COMPRESSED   0x0000001c   Data   RW         5563    .data               network.o
    0x24010990   COMPRESSED   0x0000001c   Data   RW         5564    .data               network.o
    0x240109ac   COMPRESSED   0x0000001c   Data   RW         5565    .data               network.o
    0x240109c8   COMPRESSED   0x0000001c   Data   RW         5566    .data               network.o
    0x240109e4   COMPRESSED   0x0000001c   Data   RW         5567    .data               network.o
    0x24010a00   COMPRESSED   0x0000001c   Data   RW         5568    .data               network.o
    0x24010a1c   COMPRESSED   0x0000001c   Data   RW         5569    .data               network.o
    0x24010a38   COMPRESSED   0x0000001c   Data   RW         5570    .data               network.o
    0x24010a54   COMPRESSED   0x0000001c   Data   RW         5571    .data               network.o
    0x24010a70   COMPRESSED   0x0000001c   Data   RW         5572    .data               network.o
    0x24010a8c   COMPRESSED   0x0000001c   Data   RW         5573    .data               network.o
    0x24010aa8   COMPRESSED   0x0000001c   Data   RW         5574    .data               network.o
    0x24010ac4   COMPRESSED   0x0000001c   Data   RW         5575    .data               network.o
    0x24010ae0   COMPRESSED   0x0000001c   Data   RW         5576    .data               network.o
    0x24010afc   COMPRESSED   0x0000001c   Data   RW         5577    .data               network.o
    0x24010b18   COMPRESSED   0x0000001c   Data   RW         5578    .data               network.o
    0x24010b34   COMPRESSED   0x0000001c   Data   RW         5579    .data               network.o
    0x24010b50   COMPRESSED   0x0000001c   Data   RW         5580    .data               network.o
    0x24010b6c   COMPRESSED   0x0000001c   Data   RW         5581    .data               network.o
    0x24010b88   COMPRESSED   0x0000001c   Data   RW         5582    .data               network.o
    0x24010ba4   COMPRESSED   0x0000001c   Data   RW         5583    .data               network.o
    0x24010bc0   COMPRESSED   0x0000001c   Data   RW         5584    .data               network.o
    0x24010bdc   COMPRESSED   0x0000001c   Data   RW         5585    .data               network.o
    0x24010bf8   COMPRESSED   0x0000001c   Data   RW         5586    .data               network.o
    0x24010c14   COMPRESSED   0x0000001c   Data   RW         5587    .data               network.o
    0x24010c30   COMPRESSED   0x0000001c   Data   RW         5588    .data               network.o
    0x24010c4c   COMPRESSED   0x0000001c   Data   RW         5589    .data               network.o
    0x24010c68   COMPRESSED   0x0000001c   Data   RW         5590    .data               network.o
    0x24010c84   COMPRESSED   0x0000001c   Data   RW         5591    .data               network.o
    0x24010ca0   COMPRESSED   0x0000001c   Data   RW         5592    .data               network.o
    0x24010cbc   COMPRESSED   0x0000001c   Data   RW         5593    .data               network.o
    0x24010cd8   COMPRESSED   0x0000001c   Data   RW         5594    .data               network.o
    0x24010cf4   COMPRESSED   0x0000001c   Data   RW         5595    .data               network.o
    0x24010d10   COMPRESSED   0x0000001c   Data   RW         5596    .data               network.o
    0x24010d2c   COMPRESSED   0x0000001c   Data   RW         5597    .data               network.o
    0x24010d48   COMPRESSED   0x0000001c   Data   RW         5598    .data               network.o
    0x24010d64   COMPRESSED   0x0000001c   Data   RW         5599    .data               network.o
    0x24010d80   COMPRESSED   0x0000001c   Data   RW         5600    .data               network.o
    0x24010d9c   COMPRESSED   0x0000001c   Data   RW         5601    .data               network.o
    0x24010db8   COMPRESSED   0x0000001c   Data   RW         5602    .data               network.o
    0x24010dd4   COMPRESSED   0x0000001c   Data   RW         5603    .data               network.o
    0x24010df0   COMPRESSED   0x0000001c   Data   RW         5604    .data               network.o
    0x24010e0c   COMPRESSED   0x0000001c   Data   RW         5605    .data               network.o
    0x24010e28   COMPRESSED   0x0000001c   Data   RW         5606    .data               network.o
    0x24010e44   COMPRESSED   0x0000001c   Data   RW         5607    .data               network.o
    0x24010e60   COMPRESSED   0x0000001c   Data   RW         5608    .data               network.o
    0x24010e7c   COMPRESSED   0x0000001c   Data   RW         5609    .data               network.o
    0x24010e98   COMPRESSED   0x0000001c   Data   RW         5610    .data               network.o
    0x24010eb4   COMPRESSED   0x0000001c   Data   RW         5611    .data               network.o
    0x24010ed0   COMPRESSED   0x0000001c   Data   RW         5612    .data               network.o
    0x24010eec   COMPRESSED   0x0000001c   Data   RW         5613    .data               network.o
    0x24010f08   COMPRESSED   0x0000001c   Data   RW         5614    .data               network.o
    0x24010f24   COMPRESSED   0x0000001c   Data   RW         5615    .data               network.o
    0x24010f40   COMPRESSED   0x0000001c   Data   RW         5616    .data               network.o
    0x24010f5c   COMPRESSED   0x0000001c   Data   RW         5617    .data               network.o
    0x24010f78   COMPRESSED   0x0000001c   Data   RW         5618    .data               network.o
    0x24010f94   COMPRESSED   0x0000001c   Data   RW         5619    .data               network.o
    0x24010fb0   COMPRESSED   0x0000001c   Data   RW         5620    .data               network.o
    0x24010fcc   COMPRESSED   0x0000001c   Data   RW         5621    .data               network.o
    0x24010fe8   COMPRESSED   0x0000001c   Data   RW         5622    .data               network.o
    0x24011004   COMPRESSED   0x0000001c   Data   RW         5623    .data               network.o
    0x24011020   COMPRESSED   0x0000001c   Data   RW         5624    .data               network.o
    0x2401103c   COMPRESSED   0x0000001c   Data   RW         5625    .data               network.o
    0x24011058   COMPRESSED   0x0000001c   Data   RW         5626    .data               network.o
    0x24011074   COMPRESSED   0x0000001c   Data   RW         5627    .data               network.o
    0x24011090   COMPRESSED   0x0000001c   Data   RW         5628    .data               network.o
    0x240110ac   COMPRESSED   0x00000024   Data   RW         5629    .data               network.o
    0x240110d0   COMPRESSED   0x0000001c   Data   RW         5630    .data               network.o
    0x240110ec   COMPRESSED   0x00000038   Data   RW         5631    .data               network.o
    0x24011124   COMPRESSED   0x00000044   Data   RW         5632    .data               network.o
    0x24011168   COMPRESSED   0x00000044   Data   RW         5633    .data               network.o
    0x240111ac   COMPRESSED   0x0000002c   Data   RW         5634    .data               network.o
    0x240111d8   COMPRESSED   0x00000044   Data   RW         5635    .data               network.o
    0x2401121c   COMPRESSED   0x00000044   Data   RW         5636    .data               network.o
    0x24011260   COMPRESSED   0x0000002c   Data   RW         5637    .data               network.o
    0x2401128c   COMPRESSED   0x00000044   Data   RW         5638    .data               network.o
    0x240112d0   COMPRESSED   0x00000044   Data   RW         5639    .data               network.o
    0x24011314   COMPRESSED   0x0000002c   Data   RW         5640    .data               network.o
    0x24011340   COMPRESSED   0x00000044   Data   RW         5641    .data               network.o
    0x24011384   COMPRESSED   0x00000044   Data   RW         5642    .data               network.o
    0x240113c8   COMPRESSED   0x0000002c   Data   RW         5643    .data               network.o
    0x240113f4   COMPRESSED   0x00000044   Data   RW         5644    .data               network.o
    0x24011438   COMPRESSED   0x00000044   Data   RW         5645    .data               network.o
    0x2401147c   COMPRESSED   0x0000002c   Data   RW         5646    .data               network.o
    0x240114a8   COMPRESSED   0x00000044   Data   RW         5647    .data               network.o
    0x240114ec   COMPRESSED   0x00000044   Data   RW         5648    .data               network.o
    0x24011530   COMPRESSED   0x0000002c   Data   RW         5649    .data               network.o
    0x2401155c   COMPRESSED   0x00000044   Data   RW         5650    .data               network.o
    0x240115a0   COMPRESSED   0x00000044   Data   RW         5651    .data               network.o
    0x240115e4   COMPRESSED   0x0000002c   Data   RW         5652    .data               network.o
    0x24011610   COMPRESSED   0x00000044   Data   RW         5653    .data               network.o
    0x24011654   COMPRESSED   0x00000044   Data   RW         5654    .data               network.o
    0x24011698   COMPRESSED   0x0000002c   Data   RW         5655    .data               network.o
    0x240116c4   COMPRESSED   0x00000044   Data   RW         5656    .data               network.o
    0x24011708   COMPRESSED   0x00000044   Data   RW         5657    .data               network.o
    0x2401174c   COMPRESSED   0x0000002c   Data   RW         5658    .data               network.o
    0x24011778   COMPRESSED   0x00000044   Data   RW         5659    .data               network.o
    0x240117bc   COMPRESSED   0x00000044   Data   RW         5660    .data               network.o
    0x24011800   COMPRESSED   0x0000002c   Data   RW         5661    .data               network.o
    0x2401182c   COMPRESSED   0x00000044   Data   RW         5662    .data               network.o
    0x24011870   COMPRESSED   0x00000044   Data   RW         5663    .data               network.o
    0x240118b4   COMPRESSED   0x0000002c   Data   RW         5664    .data               network.o
    0x240118e0   COMPRESSED   0x00000044   Data   RW         5665    .data               network.o
    0x24011924   COMPRESSED   0x00000044   Data   RW         5666    .data               network.o
    0x24011968   COMPRESSED   0x0000002c   Data   RW         5667    .data               network.o
    0x24011994   COMPRESSED   0x00000044   Data   RW         5668    .data               network.o
    0x240119d8   COMPRESSED   0x00000044   Data   RW         5669    .data               network.o
    0x24011a1c   COMPRESSED   0x0000002c   Data   RW         5670    .data               network.o
    0x24011a48   COMPRESSED   0x00000044   Data   RW         5671    .data               network.o
    0x24011a8c   COMPRESSED   0x00000010   Data   RW         5919    .data               network_data.o
    0x24011a9c   COMPRESSED   0x00000010   Data   RW         5920    .data               network_data.o
    0x24011aac   COMPRESSED   0x0000001c   Data   RW         5921    .data               network_data.o
    0x24011ac8   COMPRESSED   0x0000001c   Data   RW         5922    .data               network_data.o
    0x24011ae4   COMPRESSED   0x0000000c   Data   RW         5970    .data               network_data_params.o
    0x24011af0   COMPRESSED   0x00000004   Data   RW         5991    .data               radar.o
    0x24011af4   COMPRESSED   0x00000004   Data   RW         8464    .data               mc_w.l(stdout.o)
    0x24011af8   COMPRESSED   0x00000004   Data   RW         8476    .data               mc_w.l(errno.o)
    0x24011afc   COMPRESSED   0x00000004   PAD
    0x24011b00        -       0x00007530   Zero   RW           18    .bss                main.o
    0x24019030   COMPRESSED   0x00000010   PAD
    0x24019040        -       0x00001dcc   Zero   RW           19    .bss                main.o
    0x2401ae0c        -       0x00000054   Zero   RW          408    .bss                i2c.o
    0x2401ae60        -       0x00000088   Zero   RW          450    .bss                spi.o
    0x2401aee8        -       0x00000340   Zero   RW          495    .bss                usart.o
    0x2401b228        -       0x00000600   Zero   RW         4283    .bss                mlx90640_api.o
    0x2401b828        -       0x00000100   Zero   RW         4528    .bss                esp8266.o
    0x2401b928        -       0x00000010   Zero   RW         4609    .bss                network.o
    0x2401b938        -       0x00000010   Zero   RW         4610    .bss                network.o
    0x2401b948        -       0x00000010   Zero   RW         4611    .bss                network.o
    0x2401b958        -       0x00000010   Zero   RW         4612    .bss                network.o
    0x2401b968        -       0x00000010   Zero   RW         4613    .bss                network.o
    0x2401b978        -       0x00000010   Zero   RW         4614    .bss                network.o
    0x2401b988        -       0x00000010   Zero   RW         4615    .bss                network.o
    0x2401b998        -       0x00000010   Zero   RW         4616    .bss                network.o
    0x2401b9a8        -       0x00000010   Zero   RW         4617    .bss                network.o
    0x2401b9b8        -       0x00000010   Zero   RW         4618    .bss                network.o
    0x2401b9c8        -       0x00000010   Zero   RW         4619    .bss                network.o
    0x2401b9d8        -       0x00000010   Zero   RW         4620    .bss                network.o
    0x2401b9e8        -       0x00000010   Zero   RW         4621    .bss                network.o
    0x2401b9f8        -       0x00000010   Zero   RW         4622    .bss                network.o
    0x2401ba08        -       0x00000010   Zero   RW         4623    .bss                network.o
    0x2401ba18        -       0x00000010   Zero   RW         4624    .bss                network.o
    0x2401ba28        -       0x00000010   Zero   RW         4625    .bss                network.o
    0x2401ba38        -       0x00000010   Zero   RW         4626    .bss                network.o
    0x2401ba48        -       0x00000010   Zero   RW         4627    .bss                network.o
    0x2401ba58        -       0x00000010   Zero   RW         4628    .bss                network.o
    0x2401ba68        -       0x00000010   Zero   RW         4629    .bss                network.o
    0x2401ba78        -       0x00000010   Zero   RW         4630    .bss                network.o
    0x2401ba88        -       0x00000010   Zero   RW         4631    .bss                network.o
    0x2401ba98        -       0x00000010   Zero   RW         4632    .bss                network.o
    0x2401baa8        -       0x00000010   Zero   RW         4633    .bss                network.o
    0x2401bab8        -       0x00000010   Zero   RW         4634    .bss                network.o
    0x2401bac8        -       0x00000010   Zero   RW         4635    .bss                network.o
    0x2401bad8        -       0x0000001c   Zero   RW         4636    .bss                network.o
    0x2401baf4        -       0x00000010   Zero   RW         4637    .bss                network.o
    0x2401bb04        -       0x0000001c   Zero   RW         4638    .bss                network.o
    0x2401bb20        -       0x00000010   Zero   RW         4639    .bss                network.o
    0x2401bb30        -       0x0000040c   Zero   RW         5990    .bss                radar.o
    0x2401bf3c   COMPRESSED   0x00000004   PAD
    0x2401bf40        -       0x00000800   Zero   RW            1    STACK               startup_stm32h723xx.o


==============================================================================

Image component sizes


      Code (inc. data)   RO Data    RW Data    ZI Data      Debug   Object Name

        60          4          0          0          0        890   dma.o
      1608        662        162          1        256      42195   esp8266.o
       176          8          0          0          0    1151748   gpio.o
       228         26          0          0         84       1849   i2c.o
      1680        410          0      56536      37628    1080154   main.o
      4544        196          0          0       1536      23078   mlx90640_api.o
       132         10          0          0          0       2023   mlx90640_hw_i2c.o
      2612        106      15660      15772        520      75577   network.o
       120         12        104         88          0      17144   network_data.o
         0          0     219184         12          0      15266   network_data_params.o
       176         22          0          4       1036      38354   radar.o
       224         20          0          0        136       1865   spi.o
        36          8        716          0       2048        828   startup_stm32h723xx.o
       220         40          0         12          0      23641   stm32h7xx_hal.o
       354         28          0          0          0      41809   stm32h7xx_hal_cortex.o
      5984        242          8          0          0      12545   stm32h7xx_hal_dma.o
       550         44          0          0          0       2292   stm32h7xx_hal_gpio.o
      1750         40          0          0          0      12418   stm32h7xx_hal_i2c.o
       212         10          0          0          0       2730   stm32h7xx_hal_i2c_ex.o
        28          6          0          0          0        926   stm32h7xx_hal_msp.o
        84          6          0          0          0        781   stm32h7xx_hal_pwr_ex.o
      2374        102          0          0          0       7088   stm32h7xx_hal_rcc.o
      3622        112          0          0          0       7765   stm32h7xx_hal_rcc_ex.o
       380         14          0          0          0       1703   stm32h7xx_hal_spi.o
      3928        178         24          0          0      40942   stm32h7xx_hal_uart.o
       290          6         16          0          0       5466   stm32h7xx_hal_uart_ex.o
       268         48          0          0          0       6528   stm32h7xx_it.o
       192         34         16          8          0       1474   system_stm32h7xx.o
      1004         84          0          0        832       4413   usart.o

    ----------------------------------------------------------------------
     32868       2478     236104      72436      44096    2623492   Object Totals
         0          0         32          0          0          0   (incl. Generated)
        32          0        182          3         20          0   (incl. Padding)

    ----------------------------------------------------------------------

      Code (inc. data)   RO Data    RW Data    ZI Data      Debug   Library Member Name

       408         54          0          0          0        488   ai_datatypes_format.o
        52          6          0          0          0        244   ai_datatypes_internal.o
       122          8          0          0          0        240   ai_platform.o
      2144         62        104          0          0       2512   ai_platform_interface.o
        30          0          0          0          0        232   core_common.o
        80          0          0          0          0        148   forward_lite_avepool_is8os8.o
      1776          0          0          0          0        268   forward_lite_conv2d_sssa8_ch.o
        94          0          0          0          0        148   forward_lite_dense_is8os8ws8_ch.o
      1860          0          0          0          0        288   forward_lite_dw_sssa8_ch.o
       978          0          0          0          0        724   forward_lite_pad_generic.o
       570          0          0          0          0        160   forward_lite_pw_sssa8_ch.o
       226          6          0          0          0        628   layers.o
       644          0          0          0          0        392   layers_conv2d_sssa8_ch.o
       376          0          0          0          0        260   layers_conv2d_stm32_integer.o
       580          0          0          0          0        392   layers_dw_sssa8_ch.o
        34          0          0          0          0        116   layers_generic_float.o
       242          6          0          0          0        256   layers_nl_stm32_integer.o
       728          0          0          0          0        560   layers_pad_generic.o
       388          0          0          0          0        288   layers_pool_stm32_integer.o
       570          0          0          0          0        392   layers_pw_sssa8_ch.o
        88          0          0          0          0        272   lite_nl_generic_integer.o
      2806         90          0          0          0        588   lite_nl_softmax_is8os8.o
      1850         48          0          0          0        288   lite_nl_softmax_iu8ou8.o
        76          0          0          0          0        132   st_align_factor.o
        48          0          0          0          0        128   st_int16_fill.o
       224          0          0          0          0        256   st_int8_fill.o
       344          6          0          0          0        148   st_int8_pool.o
        78          0          0          0          0        132   st_int8_reordered_no_shift.o
      1434          0          0          0          0        556   st_int8_to16_no_shift.o
       222          0          0          0          0        248   st_padding_opt.o
       168          0          0          0          0        140   st_sssa8_ch_convolve.o
       990          0          0          0          0        148   st_sssa8_ch_dense.o
       828          0          0          0          0          0   st_sssa8_ch_nn_mat_mult_kernel_opt.o
       620          0          0          0          0        148   st_sssa8_ch_nn_mat_mult_kernel_single_opt.o
       486          0          0          0          0        280   st_sssa8_ch_nn_mat_mult_nt_t.o
      2736          0          0          0          0          0   st_sssa8_ch_nn_mat_mult_pw_nt_t.o
       110         60          0          0          0        580   dunder.o
        24          0          0          0          0        124   fabs.o
        48          0          0          0          0        124   fpclassify.o
       112          0          0          0          0        116   poly.o
      2296        304        136          0          0        320   pow.o
         0          0          8          0          0          0   qnan.o
       160          6          0          0          0        140   roundf.o
       208          0          0          0          0        280   sqrt.o
        86          0          0          0          0          0   __dczerorl2.o
         0          0          0          0          0          0   entry.o
         0          0          0          0          0          0   entry10a.o
         0          0          0          0          0          0   entry11a.o
         8          4          0          0          0          0   entry2.o
         4          0          0          0          0          0   entry5.o
         0          0          0          0          0          0   entry7b.o
         0          0          0          0          0          0   entry8b.o
         8          4          0          0          0          0   entry9a.o
        12          6          0          4          0         68   errno.o
        30          0          0          0          0          0   handlers.o
        36          8          0          0          0         68   init.o
         0          0          0          0          0          0   iusefp.o
        98          0          0          0          0         84   ldiv.o
        30          0          0          0          0         68   llshl.o
        32          0          0          0          0         68   llushr.o
        26          0          0          0          0         80   memcmp.o
        36          0          0          0          0         68   memcpya.o
        36          0          0          0          0        108   memseta.o
       708         24          0          0          0        488   printf4.o
         0          0          0          4          0          0   stdout.o
        14          0          0          0          0         68   strlen.o
        36          0          0          0          0         80   strstr.o
        98          0          0          0          0         92   uldiv.o
        46          0          0          0          0         80   dscalb.o
       110          0          0          0          0        168   fepilogue.o
        60          0          0          0          0         76   frnd.o

    ----------------------------------------------------------------------
     29416        702        248          8          4      15548   Library Totals
        44          0          0          0          4          0   (incl. Padding)

    ----------------------------------------------------------------------

      Code (inc. data)   RO Data    RW Data    ZI Data      Debug   Library Name

     24900        286        104          0          0      12200   NetworkRuntime1020_CM7_Keil.lib
      2958        370        144          0          0       1684   m_wv.l
      1298         46          0          8          0       1340   mc_w.l
       216          0          0          0          0        324   mf_w.l

    ----------------------------------------------------------------------
     29416        702        248          8          4      15548   Library Totals

    ----------------------------------------------------------------------

==============================================================================


      Code (inc. data)   RO Data    RW Data    ZI Data      Debug   

     62284       3180     236352      72444      44100    2613392   Grand Totals
     62284       3180     236352       5420      44100    2613392   ELF Image Totals (compressed)
     62284       3180     236352       5420          0          0   ROM Totals

==============================================================================

    Total RO  Size (Code + RO Data)               298636 ( 291.64kB)
    Total RW  Size (RW Data + ZI Data)            116544 ( 113.81kB)
    Total ROM Size (Code + RO Data + RW Data)     304056 ( 296.93kB)

==============================================================================

