Component: ARM Compiler 5.06 update 6 (build 750) Tool: armlink [4d35ed]

==============================================================================

Section Cross References

    startup_stm32h723xx.o(RESET) refers to startup_stm32h723xx.o(STACK) for __initial_sp
    startup_stm32h723xx.o(RESET) refers to startup_stm32h723xx.o(.text) for Reset_Handler
    startup_stm32h723xx.o(RESET) refers to stm32h7xx_it.o(i.NMI_Handler) for NMI_Handler
    startup_stm32h723xx.o(RESET) refers to stm32h7xx_it.o(i.HardFault_Handler) for HardFault_Handler
    startup_stm32h723xx.o(RESET) refers to stm32h7xx_it.o(i.MemManage_Handler) for MemManage_Handler
    startup_stm32h723xx.o(RESET) refers to stm32h7xx_it.o(i.BusFault_Handler) for BusFault_Handler
    startup_stm32h723xx.o(RESET) refers to stm32h7xx_it.o(i.UsageFault_Handler) for UsageFault_Handler
    startup_stm32h723xx.o(RESET) refers to stm32h7xx_it.o(i.SVC_Handler) for SVC_Handler
    startup_stm32h723xx.o(RESET) refers to stm32h7xx_it.o(i.DebugMon_Handler) for DebugMon_Handler
    startup_stm32h723xx.o(RESET) refers to stm32h7xx_it.o(i.PendSV_Handler) for PendSV_Handler
    startup_stm32h723xx.o(RESET) refers to stm32h7xx_it.o(i.SysTick_Handler) for SysTick_Handler
    startup_stm32h723xx.o(.text) refers to system_stm32h7xx.o(i.SystemInit) for SystemInit
    startup_stm32h723xx.o(.text) refers to entry.o(.ARM.Collect$$$$00000000) for __main
    lcd.o(i.Draw_Circle) refers to lcd.o(i.LCD_DrawPoint) for LCD_DrawPoint
    lcd.o(i.LCD_DrawLine) refers to lcd.o(i.LCD_DrawPoint) for LCD_DrawPoint
    lcd.o(i.LCD_DrawPoint) refers to lcd_init.o(i.LCD_Address_Set) for LCD_Address_Set
    lcd.o(i.LCD_DrawPoint) refers to lcd_init.o(i.LCD_WR_DATA) for LCD_WR_DATA
    lcd.o(i.LCD_DrawRectangle) refers to lcd.o(i.LCD_DrawLine) for LCD_DrawLine
    lcd.o(i.LCD_Fill) refers to lcd_init.o(i.LCD_Address_Set) for LCD_Address_Set
    lcd.o(i.LCD_Fill) refers to lcd_init.o(i.LCD_WR_DATA) for LCD_WR_DATA
    lcd.o(i.LCD_ShowChar) refers to lcd_init.o(i.LCD_Address_Set) for LCD_Address_Set
    lcd.o(i.LCD_ShowChar) refers to lcd.o(i.LCD_DrawPoint) for LCD_DrawPoint
    lcd.o(i.LCD_ShowChar) refers to lcd_init.o(i.LCD_WR_DATA) for LCD_WR_DATA
    lcd.o(i.LCD_ShowChar) refers to lcd.o(.constdata) for .constdata
    lcd.o(i.LCD_ShowChinese) refers to lcd.o(i.LCD_ShowChinese32x32) for LCD_ShowChinese32x32
    lcd.o(i.LCD_ShowChinese) refers to lcd.o(i.LCD_ShowChinese16x16) for LCD_ShowChinese16x16
    lcd.o(i.LCD_ShowChinese) refers to lcd.o(i.LCD_ShowChinese24x24) for LCD_ShowChinese24x24
    lcd.o(i.LCD_ShowChinese16x16) refers to lcd_init.o(i.LCD_Address_Set) for LCD_Address_Set
    lcd.o(i.LCD_ShowChinese16x16) refers to lcd.o(i.LCD_DrawPoint) for LCD_DrawPoint
    lcd.o(i.LCD_ShowChinese16x16) refers to lcd_init.o(i.LCD_WR_DATA) for LCD_WR_DATA
    lcd.o(i.LCD_ShowChinese16x16) refers to lcd.o(.constdata) for .constdata
    lcd.o(i.LCD_ShowChinese24x24) refers to lcd_init.o(i.LCD_Address_Set) for LCD_Address_Set
    lcd.o(i.LCD_ShowChinese24x24) refers to lcd.o(i.LCD_DrawPoint) for LCD_DrawPoint
    lcd.o(i.LCD_ShowChinese24x24) refers to lcd_init.o(i.LCD_WR_DATA) for LCD_WR_DATA
    lcd.o(i.LCD_ShowChinese24x24) refers to lcd.o(.constdata) for .constdata
    lcd.o(i.LCD_ShowChinese32x32) refers to lcd_init.o(i.LCD_Address_Set) for LCD_Address_Set
    lcd.o(i.LCD_ShowChinese32x32) refers to lcd.o(i.LCD_DrawPoint) for LCD_DrawPoint
    lcd.o(i.LCD_ShowChinese32x32) refers to lcd_init.o(i.LCD_WR_DATA) for LCD_WR_DATA
    lcd.o(i.LCD_ShowChinese32x32) refers to lcd.o(.constdata) for .constdata
    lcd.o(i.LCD_ShowFloatNum1) refers to lcd.o(i.mypow) for mypow
    lcd.o(i.LCD_ShowFloatNum1) refers to lcd.o(i.LCD_ShowChar) for LCD_ShowChar
    lcd.o(i.LCD_ShowIntNum) refers to lcd.o(i.mypow) for mypow
    lcd.o(i.LCD_ShowIntNum) refers to lcd.o(i.LCD_ShowChar) for LCD_ShowChar
    lcd.o(i.LCD_ShowPicture) refers to lcd_init.o(i.LCD_Address_Set) for LCD_Address_Set
    lcd.o(i.LCD_ShowPicture) refers to lcd_init.o(i.LCD_WR_DATA8) for LCD_WR_DATA8
    lcd.o(i.LCD_ShowString) refers to lcd.o(i.LCD_ShowChar) for LCD_ShowChar
    lcd_init.o(i.LCD_Address_Set) refers to lcd_init.o(i.LCD_WR_REG) for LCD_WR_REG
    lcd_init.o(i.LCD_Address_Set) refers to lcd_init.o(i.LCD_WR_DATA) for LCD_WR_DATA
    lcd_init.o(i.LCD_Init) refers to stm32h7xx_hal_gpio.o(i.HAL_GPIO_WritePin) for HAL_GPIO_WritePin
    lcd_init.o(i.LCD_Init) refers to stm32h7xx_hal.o(i.HAL_Delay) for HAL_Delay
    lcd_init.o(i.LCD_Init) refers to lcd_init.o(i.LCD_WR_REG) for LCD_WR_REG
    lcd_init.o(i.LCD_Init) refers to lcd_init.o(i.LCD_Writ_Bus) for LCD_Writ_Bus
    lcd_init.o(i.LCD_WR_DATA) refers to lcd_init.o(i.LCD_Writ_Bus) for LCD_Writ_Bus
    lcd_init.o(i.LCD_WR_DATA8) refers to lcd_init.o(i.LCD_Writ_Bus) for LCD_Writ_Bus
    lcd_init.o(i.LCD_WR_REG) refers to stm32h7xx_hal_gpio.o(i.HAL_GPIO_WritePin) for HAL_GPIO_WritePin
    lcd_init.o(i.LCD_WR_REG) refers to lcd_init.o(i.LCD_Writ_Bus) for LCD_Writ_Bus
[...]
    ..\Core\Src\i2c.c                        0x00000000   Number         0  i2c.o ABSOLUTE
    ..\Core\Src\lcd.c                        0x00000000   Number         0  lcd.o ABSOLUTE
    ..\Core\Src\lcd_init.c                   0x00000000   Number         0  lcd_init.o ABSOLUTE
    ..\Core\Src\main.c                       0x00000000   Number         0  main.o ABSOLUTE
    ..\Core\Src\spi.c                        0x00000000   Number         0  spi.o ABSOLUTE
    ..\Core\Src\stm32h7xx_hal_msp.c          0x00000000   Number         0  stm32h7xx_hal_msp.o ABSOLUTE
    ..\Core\Src\stm32h7xx_it.c               0x00000000   Number         0  stm32h7xx_it.o ABSOLUTE
    ..\Core\Src\system_stm32h7xx.c           0x00000000   Number         0  system_stm32h7xx.o ABSOLUTE
    ..\Core\Src\usart.c                      0x00000000   Number         0  usart.o ABSOLUTE
    ..\Drivers\STM32H7xx_HAL_Driver\Src\stm32h7xx_hal.c 0x00000000   Number         0  stm32h7xx_hal.o ABSOLUTE
    ..\Drivers\STM32H7xx_HAL_Driver\Src\stm32h7xx_hal_cortex.c 0x00000000   Number         0  stm32h7xx_hal_cortex.o ABSOLUTE
    ..\Drivers\STM32H7xx_HAL_Driver\Src\stm32h7xx_hal_dma.c 0x00000000   Number         0  stm32h7xx_hal_dma.o ABSOLUTE
    ..\Drivers\STM32H7xx_HAL_Driver\Src\stm32h7xx_hal_dma_ex.c 0x00000000   Number         0  stm32h7xx_hal_dma_ex.o ABSOLUTE
    ..\Drivers\STM32H7xx_HAL_Driver\Src\stm32h7xx_hal_exti.c 0x00000000   Number         0  stm32h7xx_hal_exti.o ABSOLUTE
    ..\Drivers\STM32H7xx_HAL_Driver\Src\stm32h7xx_hal_flash.c 0x00000000   Number         0  stm32h7xx_hal_flash.o ABSOLUTE
    ..\Drivers\STM32H7xx_HAL_Driver\Src\stm32h7xx_hal_flash_ex.c 0x00000000   Number         0  stm32h7xx_hal_flash_ex.o ABSOLUTE
    ..\Drivers\STM32H7xx_HAL_Driver\Src\stm32h7xx_hal_gpio.c 0x00000000   Number         0  stm32h7xx_hal_gpio.o ABSOLUTE
    ..\Drivers\STM32H7xx_HAL_Driver\Src\stm32h7xx_hal_hsem.c 0x00000000   Number         0  stm32h7xx_hal_hsem.o ABSOLUTE
    ..\Drivers\STM32H7xx_HAL_Driver\Src\stm32h7xx_hal_i2c.c 0x00000000   Number         0  stm32h7xx_hal_i2c.o ABSOLUTE
    ..\Drivers\STM32H7xx_HAL_Driver\Src\stm32h7xx_hal_i2c_ex.c 0x00000000   Number         0  stm32h7xx_hal_i2c_ex.o ABSOLUTE
    ..\Drivers\STM32H7xx_HAL_Driver\Src\stm32h7xx_hal_mdma.c 0x00000000   Number         0  stm32h7xx_hal_mdma.o ABSOLUTE
    ..\Drivers\STM32H7xx_HAL_Driver\Src\stm32h7xx_hal_pwr.c 0x00000000   Number         0  stm32h7xx_hal_pwr.o ABSOLUTE
    ..\Drivers\STM32H7xx_HAL_Driver\Src\stm32h7xx_hal_pwr_ex.c 0x00000000   Number         0  stm32h7xx_hal_pwr_ex.o ABSOLUTE
    ..\Drivers\STM32H7xx_HAL_Driver\Src\stm32h7xx_hal_rcc.c 0x00000000   Number         0  stm32h7xx_hal_rcc.o ABSOLUTE
    ..\Drivers\STM32H7xx_HAL_Driver\Src\stm32h7xx_hal_rcc_ex.c 0x00000000   Number         0  stm32h7xx_hal_rcc_ex.o ABSOLUTE
    ..\Drivers\STM32H7xx_HAL_Driver\Src\stm32h7xx_hal_spi.c 0x00000000   Number         0  stm32h7xx_hal_spi.o ABSOLUTE
    ..\Drivers\STM32H7xx_HAL_Driver\Src\stm32h7xx_hal_spi_ex.c 0x00000000   Number         0  stm32h7xx_hal_spi_ex.o ABSOLUTE
    ..\Drivers\STM32H7xx_HAL_Driver\Src\stm32h7xx_hal_tim.c 0x00000000   Number         0  stm32h7xx_hal_tim.o ABSOLUTE
    ..\Drivers\STM32H7xx_HAL_Driver\Src\stm32h7xx_hal_tim_ex.c 0x00000000   Number         0  stm32h7xx_hal_tim_ex.o ABSOLUTE
    ..\Drivers\STM32H7xx_HAL_Driver\Src\stm32h7xx_hal_uart.c 0x00000000   Number         0  stm32h7xx_hal_uart.o ABSOLUTE
    ..\Drivers\STM32H7xx_HAL_Driver\Src\stm32h7xx_hal_uart_ex.c 0x00000000   Number         0  stm32h7xx_hal_uart_ex.o ABSOLUTE
    ..\\Core\\Src\\MLX90640_HW_I2C.c         0x00000000   Number         0  mlx90640_hw_i2c.o ABSOLUTE
    ..\\Core\\Src\\lcd.c                     0x00000000   Number         0  lcd.o ABSOLUTE
    ..\\Core\\Src\\lcd_init.c                0x00000000   Number         0  lcd_init.o ABSOLUTE
    cdrcmple.s                               0x00000000   Number         0  cdrcmple.o ABSOLUTE
    dc.s                                     0x00000000   Number         0  dc.o ABSOLUTE
    handlers.s                               0x00000000   Number         0  handlers.o ABSOLUTE
    init.s                                   0x00000000   Number         0  init.o ABSOLUTE
    startup_stm32h723xx.s                    0x00000000   Number         0  startup_stm32h723xx.o ABSOLUTE
    RESET                                    0x08000000   Section      716  startup_stm32h723xx.o(RESET)
    .ARM.Collect$$$$00000000                 0x080002cc   Section        0  entry.o(.ARM.Collect$$$$00000000)
    .ARM.Collect$$$$00000001                 0x080002cc   Section        4  entry2.o(.ARM.Collect$$$$00000001)
    .ARM.Collect$$$$00000004                 0x080002d0   Section        4  entry5.o(.ARM.Collect$$$$00000004)
    .ARM.Collect$$$$00000008                 0x080002d4   Section        0  entry7b.o(.ARM.Collect$$$$00000008)
    .ARM.Collect$$$$0000000A                 0x080002d4   Section        0  entry8b.o(.ARM.Collect$$$$0000000A)
    .ARM.Collect$$$$0000000B                 0x080002d4   Section        8  entry9a.o(.ARM.Collect$$$$0000000B)
    .ARM.Collect$$$$0000000D                 0x080002dc   Section        0  entry10a.o(.ARM.Collect$$$$0000000D)
    .ARM.Collect$$$$0000000F                 0x080002dc   Section        0  entry11a.o(.ARM.Collect$$$$0000000F)
    .ARM.Collect$$$$00002712                 0x080002dc   Section        4  entry2.o(.ARM.Collect$$$$00002712)
    __lit__00000000                          0x080002dc   Data           4  entry2.o(.ARM.Collect$$$$00002712)
    .text                                    0x080002e0   Section       36  startup_stm32h723xx.o(.text)
    $v0                                      0x080002e0   Number         0  startup_stm32h723xx.o(.text)
    .text                                    0x08000304   Section        0  uldiv.o(.text)
    .text                                    0x08000366   Section        0  memseta.o(.text)
    .text                                    0x0800038a   Section        0  uidiv.o(.text)
    .text                                    0x080003b6   Section        0  llshl.o(.text)
    .text                                    0x080003d4   Section        0  llushr.o(.text)
    .text                                    0x080003f4   Section        0  iusefp.o(.text)
    .text                                    0x080003f4   Section        0  dadd.o(.text)
    .text                                    0x08000542   Section        0  dmul.o(.text)
    .text                                    0x08000626   Section        0  ddiv.o(.text)
    .text                                    0x08000704   Section        0  dscalb.o(.text)
    .text                                    0x08000732   Section        0  dfixul.o(.text)
    .text                                    0x08000764   Section       48  cdrcmple.o(.text)
    .text                                    0x08000794   Section       36  init.o(.text)
    .text                                    0x080007b8   Section        0  llsshr.o(.text)
    .text                                    0x080007dc   Section        0  depilogue.o(.text)
    .text                                    0x08000896   Section        0  __dczerorl2.o(.text)
    RAMCODE                                  0x080008ec   Section        0  mlx90640_api.o(RAMCODE)
    i.BusFault_Handler                       0x08000d88   Section        0  stm32h7xx_it.o(i.BusFault_Handler)
    i.CheckAdjacentPixels                    0x08000d8a   Section        0  mlx90640_api.o(i.CheckAdjacentPixels)
    i.DebugMon_Handler                       0x08000dac   Section        0  stm32h7xx_it.o(i.DebugMon_Handler)
    i.Error_Handler                          0x08000dae   Section        0  main.o(i.Error_Handler)
    i.ExtractAlphaParameters                 0x08000db4   Section        0  mlx90640_api.o(i.ExtractAlphaParameters)
    i.ExtractCILCParameters                  0x08000f28   Section        0  mlx90640_api.o(i.ExtractCILCParameters)
    i.ExtractCPParameters                    0x08000fd0   Section        0  mlx90640_api.o(i.ExtractCPParameters)
    i.ExtractDeviatingPixels                 0x08001154   Section        0  mlx90640_api.o(i.ExtractDeviatingPixels)
    i.ExtractGainParameters                  0x08001294   Section        0  mlx90640_api.o(i.ExtractGainParameters)
    i.ExtractKsTaParameters                  0x080012a4   Section        0  mlx90640_api.o(i.ExtractKsTaParameters)
    i.ExtractKsToParameters                  0x080012e0   Section        0  mlx90640_api.o(i.ExtractKsToParameters)
    i.ExtractKtaPixelParameters              0x080013a8   Section        0  mlx90640_api.o(i.ExtractKtaPixelParameters)
    i.ExtractKvPixelParameters               0x080014c8   Section        0  mlx90640_api.o(i.ExtractKvPixelParameters)
    i.ExtractOffsetParameters                0x0800158c   Section        0  mlx90640_api.o(i.ExtractOffsetParameters)
    i.ExtractPTATParameters                  0x0800169c   Section        0  mlx90640_api.o(i.ExtractPTATParameters)
    i.ExtractTgcParameters                   0x0800174c   Section        0  mlx90640_api.o(i.ExtractTgcParameters)
    i.ExtractVDDParameters                   0x08001784   Section        0  mlx90640_api.o(i.ExtractVDDParameters)
    i.Get_Temp_Safe                          0x080017a4   Section        0  main.o(i.Get_Temp_Safe)
    i.HAL_Delay                              0x080017d0   Section        0  stm32h7xx_hal.o(i.HAL_Delay)
    i.HAL_GPIO_Init                          0x080017f4   Section        0  stm32h7xx_hal_gpio.o(i.HAL_GPIO_Init)
    i.HAL_GPIO_ReadPin                       0x08001a10   Section        0  stm32h7xx_hal_gpio.o(i.HAL_GPIO_ReadPin)
    i.HAL_GPIO_WritePin                      0x08001a1a   Section        0  stm32h7xx_hal_gpio.o(i.HAL_GPIO_WritePin)
    i.HAL_GetTick                            0x08001a24   Section        0  stm32h7xx_hal.o(i.HAL_GetTick)
    i.HAL_I2CEx_ConfigAnalogFilter           0x08001a30   Section        0  stm32h7xx_hal_i2c_ex.o(i.HAL_I2CEx_ConfigAnalogFilter)
    i.HAL_I2CEx_ConfigDigitalFilter          0x08001a88   Section        0  stm32h7xx_hal_i2c_ex.o(i.HAL_I2CEx_ConfigDigitalFilter)
    i.HAL_I2C_Init                           0x08001adc   Section        0  stm32h7xx_hal_i2c.o(i.HAL_I2C_Init)
    i.HAL_I2C_Mem_Read                       0x08001b9c   Section        0  stm32h7xx_hal_i2c.o(i.HAL_I2C_Mem_Read)
    i.HAL_I2C_Mem_Write                      0x08001d00   Section        0  stm32h7xx_hal_i2c.o(i.HAL_I2C_Mem_Write)
    i.HAL_I2C_MspInit                        0x08001e58   Section        0  i2c.o(i.HAL_I2C_MspInit)
    i.HAL_IncTick                            0x08001fcc   Section        0  stm32h7xx_hal.o(i.HAL_IncTick)
    i.HAL_Init                               0x08001fdc   Section        0  stm32h7xx_hal.o(i.HAL_Init)
    i.HAL_InitTick                           0x08002038   Section        0  stm32h7xx_hal.o(i.HAL_InitTick)
    i.HAL_MspInit                            0x08002078   Section        0  stm32h7xx_hal_msp.o(i.HAL_MspInit)
    i.HAL_NVIC_SetPriority                   0x08002094   Section        0  stm32h7xx_hal_cortex.o(i.HAL_NVIC_SetPriority)
    i.HAL_NVIC_SetPriorityGrouping           0x080020d4   Section        0  stm32h7xx_hal_cortex.o(i.HAL_NVIC_SetPriorityGrouping)
    i.HAL_PWREx_ConfigSupply                 0x080020f8   Section        0  stm32h7xx_hal_pwr_ex.o(i.HAL_PWREx_ConfigSupply)
    i.HAL_RCCEx_GetD3PCLK1Freq               0x0800214c   Section        0  stm32h7xx_hal_rcc_ex.o(i.HAL_RCCEx_GetD3PCLK1Freq)
    i.HAL_RCCEx_GetPLL2ClockFreq             0x08002170   Section        0  stm32h7xx_hal_rcc_ex.o(i.HAL_RCCEx_GetPLL2ClockFreq)
    i.HAL_RCCEx_GetPLL3ClockFreq             0x080022b4   Section        0  stm32h7xx_hal_rcc_ex.o(i.HAL_RCCEx_GetPLL3ClockFreq)
    i.HAL_RCCEx_PeriphCLKConfig              0x080023f8   Section        0  stm32h7xx_hal_rcc_ex.o(i.HAL_RCCEx_PeriphCLKConfig)
    i.HAL_RCC_ClockConfig                    0x08002d34   Section        0  stm32h7xx_hal_rcc.o(i.HAL_RCC_ClockConfig)
    i.HAL_RCC_GetHCLKFreq                    0x08002f90   Section        0  stm32h7xx_hal_rcc.o(i.HAL_RCC_GetHCLKFreq)
    i.HAL_RCC_GetPCLK1Freq                   0x08002fd4   Section        0  stm32h7xx_hal_rcc.o(i.HAL_RCC_GetPCLK1Freq)
    i.HAL_RCC_GetPCLK2Freq                   0x08002ff8   Section        0  stm32h7xx_hal_rcc.o(i.HAL_RCC_GetPCLK2Freq)
    i.HAL_RCC_GetSysClockFreq                0x0800301c   Section        0  stm32h7xx_hal_rcc.o(i.HAL_RCC_GetSysClockFreq)
    i.HAL_RCC_OscConfig                      0x08003154   Section        0  stm32h7xx_hal_rcc.o(i.HAL_RCC_OscConfig)
    i.HAL_SPI_Init                           0x0800367c   Section        0  stm32h7xx_hal_spi.o(i.HAL_SPI_Init)
    i.HAL_SPI_MspInit                        0x080037f8   Section        0  spi.o(i.HAL_SPI_MspInit)
    i.HAL_SPI_Transmit                       0x0800387c   Section        0  stm32h7xx_hal_spi.o(i.HAL_SPI_Transmit)
    i.HAL_SYSTICK_Config                     0x08003ab4   Section        0  stm32h7xx_hal_cortex.o(i.HAL_SYSTICK_Config)
    i.HAL_UARTEx_DisableFifoMode             0x08003ada   Section        0  stm32h7xx_hal_uart_ex.o(i.HAL_UARTEx_DisableFifoMode)
    i.HAL_UARTEx_SetRxFifoThreshold          0x08003b1a   Section        0  stm32h7xx_hal_uart_ex.o(i.HAL_UARTEx_SetRxFifoThreshold)
    i.HAL_UARTEx_SetTxFifoThreshold          0x08003b66   Section        0  stm32h7xx_hal_uart_ex.o(i.HAL_UARTEx_SetTxFifoThreshold)
    i.HAL_UART_Init                          0x08003bb2   Section        0  stm32h7xx_hal_uart.o(i.HAL_UART_Init)
    i.HAL_UART_MspInit                       0x08003c1c   Section        0  usart.o(i.HAL_UART_MspInit)
    i.HAL_UART_Transmit                      0x08003ca0   Section        0  stm32h7xx_hal_uart.o(i.HAL_UART_Transmit)
    i.HardFault_Handler                      0x08003d50   Section        0  stm32h7xx_it.o(i.HardFault_Handler)
    i.I2C_Flush_TXDR                         0x08003d52   Section        0  stm32h7xx_hal_i2c.o(i.I2C_Flush_TXDR)
    I2C_Flush_TXDR                           0x08003d53   Thumb Code    34  stm32h7xx_hal_i2c.o(i.I2C_Flush_TXDR)
    i.I2C_IsErrorOccurred                    0x08003d74   Section        0  stm32h7xx_hal_i2c.o(i.I2C_IsErrorOccurred)
    I2C_IsErrorOccurred                      0x08003d75   Thumb Code   268  stm32h7xx_hal_i2c.o(i.I2C_IsErrorOccurred)
    i.I2C_RequestMemoryRead                  0x08003e84   Section        0  stm32h7xx_hal_i2c.o(i.I2C_RequestMemoryRead)
    I2C_RequestMemoryRead                    0x08003e85   Thumb Code    94  stm32h7xx_hal_i2c.o(i.I2C_RequestMemoryRead)
    i.I2C_RequestMemoryWrite                 0x08003ee8   Section        0  stm32h7xx_hal_i2c.o(i.I2C_RequestMemoryWrite)
    I2C_RequestMemoryWrite                   0x08003ee9   Thumb Code    94  stm32h7xx_hal_i2c.o(i.I2C_RequestMemoryWrite)
    i.I2C_TransferConfig                     0x08003f4c   Section        0  stm32h7xx_hal_i2c.o(i.I2C_TransferConfig)
    I2C_TransferConfig                       0x08003f4d   Thumb Code    44  stm32h7xx_hal_i2c.o(i.I2C_TransferConfig)
    i.I2C_WaitOnFlagUntilTimeout             0x08003f7c   Section        0  stm32h7xx_hal_i2c.o(i.I2C_WaitOnFlagUntilTimeout)
    I2C_WaitOnFlagUntilTimeout               0x08003f7d   Thumb Code   124  stm32h7xx_hal_i2c.o(i.I2C_WaitOnFlagUntilTimeout)
    i.I2C_WaitOnSTOPFlagUntilTimeout         0x08003ff8   Section        0  stm32h7xx_hal_i2c.o(i.I2C_WaitOnSTOPFlagUntilTimeout)
    I2C_WaitOnSTOPFlagUntilTimeout           0x08003ff9   Thumb Code    88  stm32h7xx_hal_i2c.o(i.I2C_WaitOnSTOPFlagUntilTimeout)
    i.I2C_WaitOnTXISFlagUntilTimeout         0x08004050   Section        0  stm32h7xx_hal_i2c.o(i.I2C_WaitOnTXISFlagUntilTimeout)
    I2C_WaitOnTXISFlagUntilTimeout           0x08004051   Thumb Code    92  stm32h7xx_hal_i2c.o(i.I2C_WaitOnTXISFlagUntilTimeout)
    i.LCD_Address_Set                        0x080040ac   Section        0  lcd_init.o(i.LCD_Address_Set)
    i.LCD_DrawPoint                          0x080040ee   Section        0  lcd.o(i.LCD_DrawPoint)
    i.LCD_Fill                               0x08004104   Section        0  lcd.o(i.LCD_Fill)
    i.LCD_Init                               0x08004144   Section        0  lcd_init.o(i.LCD_Init)
    i.LCD_ShowChar                           0x080042f0   Section        0  lcd.o(i.LCD_ShowChar)
    i.LCD_ShowString                         0x080043b0   Section        0  lcd.o(i.LCD_ShowString)
    i.LCD_ShowThermal_Map                    0x080043ec   Section        0  main.o(i.LCD_ShowThermal_Map)
    i.LCD_WR_DATA                            0x0800442a   Section        0  lcd_init.o(i.LCD_WR_DATA)
    i.LCD_WR_DATA8                           0x0800443e   Section        0  lcd_init.o(i.LCD_WR_DATA8)
    i.LCD_WR_REG                             0x08004444   Section        0  lcd_init.o(i.LCD_WR_REG)
    i.LCD_Writ_Bus                           0x0800446c   Section        0  lcd_init.o(i.LCD_Writ_Bus)
    i.MLX90640_DumpEE                        0x0800449c   Section        0  mlx90640_api.o(i.MLX90640_DumpEE)
    i.MLX90640_ExtractParameters             0x080044aa   Section        0  mlx90640_api.o(i.MLX90640_ExtractParameters)
    i.MLX90640_GetFrameData                  0x08004524   Section        0  mlx90640_api.o(i.MLX90640_GetFrameData)
    i.MLX90640_GetTa                         0x080045e4   Section        0  mlx90640_api.o(i.MLX90640_GetTa)
    i.MLX90640_GetVdd                        0x08004698   Section        0  mlx90640_api.o(i.MLX90640_GetVdd)
    i.MLX90640_I2CRead                       0x08004730   Section        0  mlx90640_hw_i2c.o(i.MLX90640_I2CRead)
    i.MLX90640_I2CWrite                      0x0800477c   Section        0  mlx90640_hw_i2c.o(i.MLX90640_I2CWrite)
    i.MLX90640_SetChessMode                  0x080047b4   Section        0  mlx90640_api.o(i.MLX90640_SetChessMode)
    i.MLX90640_SetRefreshRate                0x080047dc   Section        0  mlx90640_api.o(i.MLX90640_SetRefreshRate)
    i.MX_GPIO_Init                           0x0800480c   Section        0  gpio.o(i.MX_GPIO_Init)
    i.MX_I2C1_Init                           0x080048d0   Section        0  i2c.o(i.MX_I2C1_Init)
    i.MX_I2C2_Init                           0x08004928   Section        0  i2c.o(i.MX_I2C2_Init)
    i.MX_I2C3_Init                           0x08004980   Section        0  i2c.o(i.MX_I2C3_Init)
    i.MX_SPI1_Init                           0x080049d8   Section        0  spi.o(i.MX_SPI1_Init)
    i.MX_USART2_UART_Init                    0x08004a34   Section        0  usart.o(i.MX_USART2_UART_Init)
    i.MemManage_Handler                      0x08004a9c   Section        0  stm32h7xx_it.o(i.MemManage_Handler)
    i.NMI_Handler                            0x08004a9e   Section        0  stm32h7xx_it.o(i.NMI_Handler)
    i.PendSV_Handler                         0x08004aa0   Section        0  stm32h7xx_it.o(i.PendSV_Handler)
    i.Preprocess_Thermal_Colormapped         0x08004aa4   Section        0  main.o(i.Preprocess_Thermal_Colormapped)
    i.RCCEx_PLL2_Config                      0x08004ccc   Section        0  stm32h7xx_hal_rcc_ex.o(i.RCCEx_PLL2_Config)
    RCCEx_PLL2_Config                        0x08004ccd   Thumb Code   284  stm32h7xx_hal_rcc_ex.o(i.RCCEx_PLL2_Config)
    i.RCCEx_PLL3_Config                      0x08004dec   Section        0  stm32h7xx_hal_rcc_ex.o(i.RCCEx_PLL3_Config)
    RCCEx_PLL3_Config                        0x08004ded   Thumb Code   284  stm32h7xx_hal_rcc_ex.o(i.RCCEx_PLL3_Config)
    i.SPI_CloseTransfer                      0x08004f0c   Section        0  stm32h7xx_hal_spi.o(i.SPI_CloseTransfer)
    SPI_CloseTransfer                        0x08004f0d   Thumb Code   188  stm32h7xx_hal_spi.o(i.SPI_CloseTransfer)
    i.SPI_WaitOnFlagUntilTimeout             0x08004fc8   Section        0  stm32h7xx_hal_spi.o(i.SPI_WaitOnFlagUntilTimeout)
    SPI_WaitOnFlagUntilTimeout               0x08004fc9   Thumb Code    70  stm32h7xx_hal_spi.o(i.SPI_WaitOnFlagUntilTimeout)
    i.SVC_Handler                            0x0800500e   Section        0  stm32h7xx_it.o(i.SVC_Handler)
    i.SysTick_Handler                        0x08005010   Section        0  stm32h7xx_it.o(i.SysTick_Handler)
    i.SystemClock_Config                     0x08005014   Section        0  main.o(i.SystemClock_Config)
    i.SystemInit                             0x080050ac   Section        0  system_stm32h7xx.o(i.SystemInit)
    i.UARTEx_SetNbDataToProcess              0x0800516c   Section        0  stm32h7xx_hal_uart_ex.o(i.UARTEx_SetNbDataToProcess)
    UARTEx_SetNbDataToProcess                0x0800516d   Thumb Code    62  stm32h7xx_hal_uart_ex.o(i.UARTEx_SetNbDataToProcess)
    i.UART_AdvFeatureConfig                  0x080051b0   Section        0  stm32h7xx_hal_uart.o(i.UART_AdvFeatureConfig)
    i.UART_CheckIdleState                    0x08005278   Section        0  stm32h7xx_hal_uart.o(i.UART_CheckIdleState)
    i.UART_EndRxTransfer                     0x08005324   Section        0  stm32h7xx_hal_uart.o(i.UART_EndRxTransfer)
    UART_EndRxTransfer                       0x08005325   Thumb Code    78  stm32h7xx_hal_uart.o(i.UART_EndRxTransfer)
    i.UART_SetConfig                         0x08005378   Section        0  stm32h7xx_hal_uart.o(i.UART_SetConfig)
    i.UART_WaitOnFlagUntilTimeout            0x08005754   Section        0  stm32h7xx_hal_uart.o(i.UART_WaitOnFlagUntilTimeout)
    i.UsageFault_Handler                     0x080057e8   Section        0  stm32h7xx_it.o(i.UsageFault_Handler)
    i.__0printf                              0x080057ec   Section        0  printfa.o(i.__0printf)
    i.__0sprintf                             0x0800580c   Section        0  printfa.o(i.__0sprintf)
    i.__ARM_fpclassify                       0x08005834   Section        0  fpclassify.o(i.__ARM_fpclassify)
    i.__NVIC_SetPriority                     0x08005864   Section        0  stm32h7xx_hal_cortex.o(i.__NVIC_SetPriority)
    __NVIC_SetPriority                       0x08005865   Thumb Code    34  stm32h7xx_hal_cortex.o(i.__NVIC_SetPriority)
    i.__hardfp_pow                           0x08005888   Section        0  pow.o(i.__hardfp_pow)
    i.__hardfp_sqrt                          0x08006180   Section        0  sqrt.o(i.__hardfp_sqrt)
    i.__kernel_poly                          0x080061e6   Section        0  poly.o(i.__kernel_poly)
    i.__mathlib_dbl_divzero                  0x08006258   Section        0  dunder.o(i.__mathlib_dbl_divzero)
    i.__mathlib_dbl_infnan2                  0x08006278   Section        0  dunder.o(i.__mathlib_dbl_infnan2)
    i.__mathlib_dbl_invalid                  0x08006280   Section        0  dunder.o(i.__mathlib_dbl_invalid)
    i.__mathlib_dbl_overflow                 0x08006298   Section        0  dunder.o(i.__mathlib_dbl_overflow)
    i.__mathlib_dbl_underflow                0x080062b0   Section        0  dunder.o(i.__mathlib_dbl_underflow)
    i.__scatterload_copy                     0x080062c8   Section       14  handlers.o(i.__scatterload_copy)
    i.__scatterload_null                     0x080062d6   Section        2  handlers.o(i.__scatterload_null)
    i.__scatterload_zeroinit                 0x080062d8   Section       14  handlers.o(i.__scatterload_zeroinit)
    i.__set_errno                            0x080062e8   Section        0  errno.o(i.__set_errno)
    i._fp_digits                             0x080062f4   Section        0  printfa.o(i._fp_digits)
    _fp_digits                               0x080062f5   Thumb Code   366  printfa.o(i._fp_digits)
    i._printf_core                           0x08006478   Section        0  printfa.o(i._printf_core)
    _printf_core                             0x08006479   Thumb Code  1744  printfa.o(i._printf_core)
    i._printf_post_padding                   0x08006b54   Section        0  printfa.o(i._printf_post_padding)
    _printf_post_padding                     0x08006b55   Thumb Code    36  printfa.o(i._printf_post_padding)
    i._printf_pre_padding                    0x08006b78   Section        0  printfa.o(i._printf_pre_padding)
    _printf_pre_padding                      0x08006b79   Thumb Code    46  printfa.o(i._printf_pre_padding)
    i._sputc                                 0x08006ba6   Section        0  printfa.o(i._sputc)
    _sputc                                   0x08006ba7   Thumb Code    10  printfa.o(i._sputc)
    i.fabs                                   0x08006bb0   Section        0  fabs.o(i.fabs)
    i.fputc                                  0x08006bc8   Section        0  main.o(i.fputc)
    i.main                                   0x08006be0   Section        0  main.o(i.main)
    i.sqrt                                   0x08006ecc   Section        0  sqrt.o(i.sqrt)
    .constdata                               0x08006f36   Section     8660  lcd.o(.constdata)
    .constdata                               0x0800910c   Section       12  main.o(.constdata)
    .constdata                               0x08009118   Section       24  stm32h7xx_hal_uart.o(.constdata)
    .constdata                               0x08009130   Section       16  stm32h7xx_hal_uart_ex.o(.constdata)
    numerator                                0x08009130   Data           8  stm32h7xx_hal_uart_ex.o(.constdata)
    denominator                              0x08009138   Data           8  stm32h7xx_hal_uart_ex.o(.constdata)
    .constdata                               0x08009140   Section       16  system_stm32h7xx.o(.constdata)
    .constdata                               0x08009150   Section      136  pow.o(.constdata)
    bp                                       0x08009150   Data          16  pow.o(.constdata)
    dp_h                                     0x08009160   Data          16  pow.o(.constdata)
    dp_l                                     0x08009170   Data          16  pow.o(.constdata)
    L                                        0x08009180   Data          48  pow.o(.constdata)
    P                                        0x080091b0   Data          40  pow.o(.constdata)
    .constdata                               0x080091d8   Section        8  qnan.o(.constdata)
    .RAM_D1                                  0x24000000   Section    80992  main.o(.RAM_D1)
    .data                                    0x24013c60   Section        4  main.o(.data)
    .data                                    0x24013c64   Section       12  stm32h7xx_hal.o(.data)
    .data                                    0x24013c70   Section        8  system_stm32h7xx.o(.data)
    .data                                    0x24013c78   Section        4  stdout.o(.data)
    .data                                    0x24013c7c   Section        4  errno.o(.data)
    _errno                                   0x24013c7c   Data           4  errno.o(.data)
    .bss                                     0x24013c80   Section      252  i2c.o(.bss)
    .bss                                     0x24013d7c   Section      136  spi.o(.bss)
    .bss                                     0x24013e04   Section      148  usart.o(.bss)
    STACK                                    0x24013e98   Section     1024  startup_stm32h723xx.o(STACK)

    Global Symbols

    Symbol Name                              Value     Ov Type        Size  Object(Section)

    BuildAttributes$$THM_ISAv4$E$P$D$K$B$S$7EM$VFPv5_D16$PE$PLD8$A:L22UL41UL21$X:L11$S22US41US21$IEEE1$IW$USESV6$~STKCKD$USESV7$~SHL$OTIME$ROPI$IEEEX$EBA8$MICROLIB$REQ8$PRES8$EABIv2 0x00000000   Number         0  anon$$obj.o ABSOLUTE
    __ARM_use_no_argv                        0x00000000   Number         0  main.o ABSOLUTE
    _printf_a                                0x00000000   Number         0  stubs.o ABSOLUTE
    _printf_c                                0x00000000   Number         0  stubs.o ABSOLUTE
    _printf_charcount                        0x00000000   Number         0  stubs.o ABSOLUTE
    _printf_d                                0x00000000   Number         0  stubs.o ABSOLUTE
    _printf_e                                0x00000000   Number         0  stubs.o ABSOLUTE
    _printf_f                                0x00000000   Number         0  stubs.o ABSOLUTE
    _printf_flags                            0x00000000   Number         0  stubs.o ABSOLUTE
    _printf_fp_dec                           0x00000000   Number         0  stubs.o ABSOLUTE
    _printf_fp_hex                           0x00000000   Number         0  stubs.o ABSOLUTE
    _printf_g                                0x00000000   Number         0  stubs.o ABSOLUTE
    _printf_i                                0x00000000   Number         0  stubs.o ABSOLUTE
    _printf_int_dec                          0x00000000   Number         0  stubs.o ABSOLUTE
    _printf_l                                0x00000000   Number         0  stubs.o ABSOLUTE
    _printf_lc                               0x00000000   Number         0  stubs.o ABSOLUTE
    _printf_ll                               0x00000000   Number         0  stubs.o ABSOLUTE
    _printf_lld                              0x00000000   Number         0  stubs.o ABSOLUTE
    _printf_lli                              0x00000000   Number         0  stubs.o ABSOLUTE
    _printf_llo                              0x00000000   Number         0  stubs.o ABSOLUTE
    _printf_llu                              0x00000000   Number         0  stubs.o ABSOLUTE
    _printf_llx                              0x00000000   Number         0  stubs.o ABSOLUTE
    _printf_longlong_dec                     0x00000000   Number         0  stubs.o ABSOLUTE
    _printf_longlong_hex                     0x00000000   Number         0  stubs.o ABSOLUTE
    _printf_longlong_oct                     0x00000000   Number         0  stubs.o ABSOLUTE
    _printf_ls                               0x00000000   Number         0  stubs.o ABSOLUTE
    _printf_mbtowc                           0x00000000   Number         0  stubs.o ABSOLUTE
    _printf_n                                0x00000000   Number         0  stubs.o ABSOLUTE
    _printf_o                                0x00000000   Number         0  stubs.o ABSOLUTE
    _printf_p                                0x00000000   Number         0  stubs.o ABSOLUTE
    _printf_percent                          0x00000000   Number         0  stubs.o ABSOLUTE
    _printf_pre_padding                      0x00000000   Number         0  stubs.o ABSOLUTE
    _printf_return_value                     0x00000000   Number         0  stubs.o ABSOLUTE
    _printf_s                                0x00000000   Number         0  stubs.o ABSOLUTE
    _printf_sizespec                         0x00000000   Number         0  stubs.o ABSOLUTE
    _printf_str                              0x00000000   Number         0  stubs.o ABSOLUTE
    _printf_truncate_signed                  0x00000000   Number         0  stubs.o ABSOLUTE
    _printf_truncate_unsigned                0x00000000   Number         0  stubs.o ABSOLUTE
    _printf_u                                0x00000000   Number         0  stubs.o ABSOLUTE
    _printf_wc                               0x00000000   Number         0  stubs.o ABSOLUTE
    _printf_wctomb                           0x00000000   Number         0  stubs.o ABSOLUTE
    _printf_widthprec                        0x00000000   Number         0  stubs.o ABSOLUTE
    _printf_x                                0x00000000   Number         0  stubs.o ABSOLUTE
    __cpp_initialize__aeabi_                  - Undefined Weak Reference
    __cxa_finalize                            - Undefined Weak Reference
    _clock_init                               - Undefined Weak Reference
    _microlib_exit                            - Undefined Weak Reference
    __Vectors_Size                           0x000002cc   Number         0  startup_stm32h723xx.o ABSOLUTE
    __Vectors                                0x08000000   Data           4  startup_stm32h723xx.o(RESET)
    __Vectors_End                            0x080002cc   Data           0  startup_stm32h723xx.o(RESET)
    __main                                   0x080002cd   Thumb Code     0  entry.o(.ARM.Collect$$$$00000000)
    _main_stk                                0x080002cd   Thumb Code     0  entry2.o(.ARM.Collect$$$$00000001)
    _main_scatterload                        0x080002d1   Thumb Code     0  entry5.o(.ARM.Collect$$$$00000004)
    __main_after_scatterload                 0x080002d5   Thumb Code     0  entry5.o(.ARM.Collect$$$$00000004)
    _main_clock                              0x080002d5   Thumb Code     0  entry7b.o(.ARM.Collect$$$$00000008)
    _main_cpp_init                           0x080002d5   Thumb Code     0  entry8b.o(.ARM.Collect$$$$0000000A)
    _main_init                               0x080002d5   Thumb Code     0  entry9a.o(.ARM.Collect$$$$0000000B)
    __rt_final_cpp                           0x080002dd   Thumb Code     0  entry10a.o(.ARM.Collect$$$$0000000D)
    __rt_final_exit                          0x080002dd   Thumb Code     0  entry11a.o(.ARM.Collect$$$$0000000F)
    Reset_Handler                            0x080002e1   Thumb Code     8  startup_stm32h723xx.o(.text)
    ADC3_IRQHandler                          0x080002fb   Thumb Code     0  startup_stm32h723xx.o(.text)
    ADC_IRQHandler                           0x080002fb   Thumb Code     0  startup_stm32h723xx.o(.text)
    BDMA_Channel0_IRQHandler                 0x080002fb   Thumb Code     0  startup_stm32h723xx.o(.text)
    BDMA_Channel1_IRQHandler                 0x080002fb   Thumb Code     0  startup_stm32h723xx.o(.text)
    BDMA_Channel2_IRQHandler                 0x080002fb   Thumb Code     0  startup_stm32h723xx.o(.text)
    BDMA_Channel3_IRQHandler                 0x080002fb   Thumb Code     0  startup_stm32h723xx.o(.text)
    BDMA_Channel4_IRQHandler                 0x080002fb   Thumb Code     0  startup_stm32h723xx.o(.text)
    BDMA_Channel5_IRQHandler                 0x080002fb   Thumb Code     0  startup_stm32h723xx.o(.text)
    BDMA_Channel6_IRQHandler                 0x080002fb   Thumb Code     0  startup_stm32h723xx.o(.text)
    BDMA_Channel7_IRQHandler                 0x080002fb   Thumb Code     0  startup_stm32h723xx.o(.text)
    CEC_IRQHandler                           0x080002fb   Thumb Code     0  startup_stm32h723xx.o(.text)
    COMP1_IRQHandler                         0x080002fb   Thumb Code     0  startup_stm32h723xx.o(.text)
    CORDIC_IRQHandler                        0x080002fb   Thumb Code     0  startup_stm32h723xx.o(.text)
    CRS_IRQHandler                           0x080002fb   Thumb Code     0  startup_stm32h723xx.o(.text)
    DCMI_PSSI_IRQHandler                     0x080002fb   Thumb Code     0  startup_stm32h723xx.o(.text)
    DFSDM1_FLT0_IRQHandler                   0x080002fb   Thumb Code     0  startup_stm32h723xx.o(.text)
    DFSDM1_FLT1_IRQHandler                   0x080002fb   Thumb Code     0  startup_stm32h723xx.o(.text)
    DFSDM1_FLT2_IRQHandler                   0x080002fb   Thumb Code     0  startup_stm32h723xx.o(.text)
    DFSDM1_FLT3_IRQHandler                   0x080002fb   Thumb Code     0  startup_stm32h723xx.o(.text)
    DMA1_Stream0_IRQHandler                  0x080002fb   Thumb Code     0  startup_stm32h723xx.o(.text)
    DMA1_Stream1_IRQHandler                  0x080002fb   Thumb Code     0  startup_stm32h723xx.o(.text)
    DMA1_Stream2_IRQHandler                  0x080002fb   Thumb Code     0  startup_stm32h723xx.o(.text)
    DMA1_Stream3_IRQHandler                  0x080002fb   Thumb Code     0  startup_stm32h723xx.o(.text)
    DMA1_Stream4_IRQHandler                  0x080002fb   Thumb Code     0  startup_stm32h723xx.o(.text)
    DMA1_Stream5_IRQHandler                  0x080002fb   Thumb Code     0  startup_stm32h723xx.o(.text)
    DMA1_Stream6_IRQHandler                  0x080002fb   Thumb Code     0  startup_stm32h723xx.o(.text)
    DMA1_Stream7_IRQHandler                  0x080002fb   Thumb Code     0  startup_stm32h723xx.o(.text)
    DMA2D_IRQHandler                         0x080002fb   Thumb Code     0  startup_stm32h723xx.o(.text)
    DMA2_Stream0_IRQHandler                  0x080002fb   Thumb Code     0  startup_stm32h723xx.o(.text)
    DMA2_Stream1_IRQHandler                  0x080002fb   Thumb Code     0  startup_stm32h723xx.o(.text)
    DMA2_Stream2_IRQHandler                  0x080002fb   Thumb Code     0  startup_stm32h723xx.o(.text)
    DMA2_Stream3_IRQHandler                  0x080002fb   Thumb Code     0  startup_stm32h723xx.o(.text)
    DMA2_Stream4_IRQHandler                  0x080002fb   Thumb Code     0  startup_stm32h723xx.o(.text)
    DMA2_Stream5_IRQHandler                  0x080002fb   Thumb Code     0  startup_stm32h723xx.o(.text)
    DMA2_Stream6_IRQHandler                  0x080002fb   Thumb Code     0  startup_stm32h723xx.o(.text)
    DMA2_Stream7_IRQHandler                  0x080002fb   Thumb Code     0  startup_stm32h723xx.o(.text)
    DMAMUX1_OVR_IRQHandler                   0x080002fb   Thumb Code     0  startup_stm32h723xx.o(.text)
    DMAMUX2_OVR_IRQHandler                   0x080002fb   Thumb Code     0  startup_stm32h723xx.o(.text)
    DTS_IRQHandler                           0x080002fb   Thumb Code     0  startup_stm32h723xx.o(.text)
    ECC_IRQHandler                           0x080002fb   Thumb Code     0  startup_stm32h723xx.o(.text)
    ETH_IRQHandler                           0x080002fb   Thumb Code     0  startup_stm32h723xx.o(.text)
    ETH_WKUP_IRQHandler                      0x080002fb   Thumb Code     0  startup_stm32h723xx.o(.text)
    EXTI0_IRQHandler                         0x080002fb   Thumb Code     0  startup_stm32h723xx.o(.text)
    EXTI15_10_IRQHandler                     0x080002fb   Thumb Code     0  startup_stm32h723xx.o(.text)
    EXTI1_IRQHandler                         0x080002fb   Thumb Code     0  startup_stm32h723xx.o(.text)
    EXTI2_IRQHandler                         0x080002fb   Thumb Code     0  startup_stm32h723xx.o(.text)
    EXTI3_IRQHandler                         0x080002fb   Thumb Code     0  startup_stm32h723xx.o(.text)
    EXTI4_IRQHandler                         0x080002fb   Thumb Code     0  startup_stm32h723xx.o(.text)
    EXTI9_5_IRQHandler                       0x080002fb   Thumb Code     0  startup_stm32h723xx.o(.text)
    FDCAN1_IT0_IRQHandler                    0x080002fb   Thumb Code     0  startup_stm32h723xx.o(.text)
    FDCAN1_IT1_IRQHandler                    0x080002fb   Thumb Code     0  startup_stm32h723xx.o(.text)
    FDCAN2_IT0_IRQHandler                    0x080002fb   Thumb Code     0  startup_stm32h723xx.o(.text)
    FDCAN2_IT1_IRQHandler                    0x080002fb   Thumb Code     0  startup_stm32h723xx.o(.text)
    FDCAN3_IT0_IRQHandler                    0x080002fb   Thumb Code     0  startup_stm32h723xx.o(.text)
    FDCAN3_IT1_IRQHandler                    0x080002fb   Thumb Code     0  startup_stm32h723xx.o(.text)
    FDCAN_CAL_IRQHandler                     0x080002fb   Thumb Code     0  startup_stm32h723xx.o(.text)
    FLASH_IRQHandler                         0x080002fb   Thumb Code     0  startup_stm32h723xx.o(.text)
    FMAC_IRQHandler                          0x080002fb   Thumb Code     0  startup_stm32h723xx.o(.text)
    FMC_IRQHandler                           0x080002fb   Thumb Code     0  startup_stm32h723xx.o(.text)
    FPU_IRQHandler                           0x080002fb   Thumb Code     0  startup_stm32h723xx.o(.text)
    HSEM1_IRQHandler                         0x080002fb   Thumb Code     0  startup_stm32h723xx.o(.text)
    I2C1_ER_IRQHandler                       0x080002fb   Thumb Code     0  startup_stm32h723xx.o(.text)
    I2C1_EV_IRQHandler                       0x080002fb   Thumb Code     0  startup_stm32h723xx.o(.text)
    I2C2_ER_IRQHandler                       0x080002fb   Thumb Code     0  startup_stm32h723xx.o(.text)
    I2C2_EV_IRQHandler                       0x080002fb   Thumb Code     0  startup_stm32h723xx.o(.text)
    I2C3_ER_IRQHandler                       0x080002fb   Thumb Code     0  startup_stm32h723xx.o(.text)
    I2C3_EV_IRQHandler                       0x080002fb   Thumb Code     0  startup_stm32h723xx.o(.text)
    I2C4_ER_IRQHandler                       0x080002fb   Thumb Code     0  startup_stm32h723xx.o(.text)
    I2C4_EV_IRQHandler                       0x080002fb   Thumb Code     0  startup_stm32h723xx.o(.text)
    I2C5_ER_IRQHandler                       0x080002fb   Thumb Code     0  startup_stm32h723xx.o(.text)
    I2C5_EV_IRQHandler                       0x080002fb   Thumb Code     0  startup_stm32h723xx.o(.text)
    LPTIM1_IRQHandler                        0x080002fb   Thumb Code     0  startup_stm32h723xx.o(.text)
    LPTIM2_IRQHandler                        0x080002fb   Thumb Code     0  startup_stm32h723xx.o(.text)
    LPTIM3_IRQHandler                        0x080002fb   Thumb Code     0  startup_stm32h723xx.o(.text)
    LPTIM4_IRQHandler                        0x080002fb   Thumb Code     0  startup_stm32h723xx.o(.text)
    LPTIM5_IRQHandler                        0x080002fb   Thumb Code     0  startup_stm32h723xx.o(.text)
    LPUART1_IRQHandler                       0x080002fb   Thumb Code     0  startup_stm32h723xx.o(.text)
    LTDC_ER_IRQHandler                       0x080002fb   Thumb Code     0  startup_stm32h723xx.o(.text)
    LTDC_IRQHandler                          0x080002fb   Thumb Code     0  startup_stm32h723xx.o(.text)
    MDIOS_IRQHandler                         0x080002fb   Thumb Code     0  startup_stm32h723xx.o(.text)
    MDIOS_WKUP_IRQHandler                    0x080002fb   Thumb Code     0  startup_stm32h723xx.o(.text)
    MDMA_IRQHandler                          0x080002fb   Thumb Code     0  startup_stm32h723xx.o(.text)
    OCTOSPI1_IRQHandler                      0x080002fb   Thumb Code     0  startup_stm32h723xx.o(.text)
    OCTOSPI2_IRQHandler                      0x080002fb   Thumb Code     0  startup_stm32h723xx.o(.text)
    OTG_HS_EP1_IN_IRQHandler                 0x080002fb   Thumb Code     0  startup_stm32h723xx.o(.text)
    OTG_HS_EP1_OUT_IRQHandler                0x080002fb   Thumb Code     0  startup_stm32h723xx.o(.text)
    OTG_HS_IRQHandler                        0x080002fb   Thumb Code     0  startup_stm32h723xx.o(.text)
    OTG_HS_WKUP_IRQHandler                   0x080002fb   Thumb Code     0  startup_stm32h723xx.o(.text)
    PVD_AVD_IRQHandler                       0x080002fb   Thumb Code     0  startup_stm32h723xx.o(.text)
    RCC_IRQHandler                           0x080002fb   Thumb Code     0  startup_stm32h723xx.o(.text)
    RNG_IRQHandler                           0x080002fb   Thumb Code     0  startup_stm32h723xx.o(.text)
    RTC_Alarm_IRQHandler                     0x080002fb   Thumb Code     0  startup_stm32h723xx.o(.text)
    RTC_WKUP_IRQHandler                      0x080002fb   Thumb Code     0  startup_stm32h723xx.o(.text)
    SAI1_IRQHandler                          0x080002fb   Thumb Code     0  startup_stm32h723xx.o(.text)
    SAI4_IRQHandler                          0x080002fb   Thumb Code     0  startup_stm32h723xx.o(.text)
    SDMMC1_IRQHandler                        0x080002fb   Thumb Code     0  startup_stm32h723xx.o(.text)
    SDMMC2_IRQHandler                        0x080002fb   Thumb Code     0  startup_stm32h723xx.o(.text)
    SPDIF_RX_IRQHandler                      0x080002fb   Thumb Code     0  startup_stm32h723xx.o(.text)
    SPI1_IRQHandler                          0x080002fb   Thumb Code     0  startup_stm32h723xx.o(.text)
    SPI2_IRQHandler                          0x080002fb   Thumb Code     0  startup_stm32h723xx.o(.text)
    SPI3_IRQHandler                          0x080002fb   Thumb Code     0  startup_stm32h723xx.o(.text)
    SPI4_IRQHandler                          0x080002fb   Thumb Code     0  startup_stm32h723xx.o(.text)
    SPI5_IRQHandler                          0x080002fb   Thumb Code     0  startup_stm32h723xx.o(.text)
    SPI6_IRQHandler                          0x080002fb   Thumb Code     0  startup_stm32h723xx.o(.text)
    SWPMI1_IRQHandler                        0x080002fb   Thumb Code     0  startup_stm32h723xx.o(.text)
    TAMP_STAMP_IRQHandler                    0x080002fb   Thumb Code     0  startup_stm32h723xx.o(.text)
    TIM15_IRQHandler                         0x080002fb   Thumb Code     0  startup_stm32h723xx.o(.text)
    TIM16_IRQHandler                         0x080002fb   Thumb Code     0  startup_stm32h723xx.o(.text)
    TIM17_IRQHandler                         0x080002fb   Thumb Code     0  startup_stm32h723xx.o(.text)
    TIM1_BRK_IRQHandler                      0x080002fb   Thumb Code     0  startup_stm32h723xx.o(.text)
    TIM1_CC_IRQHandler                       0x080002fb   Thumb Code     0  startup_stm32h723xx.o(.text)
    TIM1_TRG_COM_IRQHandler                  0x080002fb   Thumb Code     0  startup_stm32h723xx.o(.text)
    TIM1_UP_IRQHandler                       0x080002fb   Thumb Code     0  startup_stm32h723xx.o(.text)
    TIM23_IRQHandler                         0x080002fb   Thumb Code     0  startup_stm32h723xx.o(.text)
    TIM24_IRQHandler                         0x080002fb   Thumb Code     0  startup_stm32h723xx.o(.text)
    TIM2_IRQHandler                          0x080002fb   Thumb Code     0  startup_stm32h723xx.o(.text)
    TIM3_IRQHandler                          0x080002fb   Thumb Code     0  startup_stm32h723xx.o(.text)
    TIM4_IRQHandler                          0x080002fb   Thumb Code     0  startup_stm32h723xx.o(.text)
    TIM5_IRQHandler                          0x080002fb   Thumb Code     0  startup_stm32h723xx.o(.text)
    TIM6_DAC_IRQHandler                      0x080002fb   Thumb Code     0  startup_stm32h723xx.o(.text)
    TIM7_IRQHandler                          0x080002fb   Thumb Code     0  startup_stm32h723xx.o(.text)
    TIM8_BRK_TIM12_IRQHandler                0x080002fb   Thumb Code     0  startup_stm32h723xx.o(.text)
    TIM8_CC_IRQHandler                       0x080002fb   Thumb Code     0  startup_stm32h723xx.o(.text)
    TIM8_TRG_COM_TIM14_IRQHandler            0x080002fb   Thumb Code     0  startup_stm32h723xx.o(.text)
    TIM8_UP_TIM13_IRQHandler                 0x080002fb   Thumb Code     0  startup_stm32h723xx.o(.text)
    UART4_IRQHandler                         0x080002fb   Thumb Code     0  startup_stm32h723xx.o(.text)
    UART5_IRQHandler                         0x080002fb   Thumb Code     0  startup_stm32h723xx.o(.text)
    UART7_IRQHandler                         0x080002fb   Thumb Code     0  startup_stm32h723xx.o(.text)
    UART8_IRQHandler                         0x080002fb   Thumb Code     0  startup_stm32h723xx.o(.text)
    UART9_IRQHandler                         0x080002fb   Thumb Code     0  startup_stm32h723xx.o(.text)
    USART10_IRQHandler                       0x080002fb   Thumb Code     0  startup_stm32h723xx.o(.text)
    USART1_IRQHandler                        0x080002fb   Thumb Code     0  startup_stm32h723xx.o(.text)
    USART2_IRQHandler                        0x080002fb   Thumb Code     0  startup_stm32h723xx.o(.text)
    USART3_IRQHandler                        0x080002fb   Thumb Code     0  startup_stm32h723xx.o(.text)
    USART6_IRQHandler                        0x080002fb   Thumb Code     0  startup_stm32h723xx.o(.text)
    WAKEUP_PIN_IRQHandler                    0x080002fb   Thumb Code     0  startup_stm32h723xx.o(.text)
    WWDG_IRQHandler                          0x080002fb   Thumb Code     0  startup_stm32h723xx.o(.text)
    __aeabi_uldivmod                         0x08000305   Thumb Code    98  uldiv.o(.text)
    __aeabi_memset                           0x08000367   Thumb Code    14  memseta.o(.text)
    __aeabi_memset4                          0x08000367   Thumb Code     0  memseta.o(.text)
    __aeabi_memset8                          0x08000367   Thumb Code     0  memseta.o(.text)
    __aeabi_memclr                           0x08000375   Thumb Code     4  memseta.o(.text)
    __aeabi_memclr4                          0x08000375   Thumb Code     0  memseta.o(.text)
    __aeabi_memclr8                          0x08000375   Thumb Code     0  memseta.o(.text)
    _memset$wrapper                          0x08000379   Thumb Code    18  memseta.o(.text)
    __aeabi_uidiv                            0x0800038b   Thumb Code     0  uidiv.o(.text)
    __aeabi_uidivmod                         0x0800038b   Thumb Code    44  uidiv.o(.text)
    __aeabi_llsl                             0x080003b7   Thumb Code    30  llshl.o(.text)
    _ll_shift_l                              0x080003b7   Thumb Code     0  llshl.o(.text)
    __aeabi_llsr                             0x080003d5   Thumb Code    32  llushr.o(.text)
    _ll_ushift_r                             0x080003d5   Thumb Code     0  llushr.o(.text)
    __I$use$fp                               0x080003f5   Thumb Code     0  iusefp.o(.text)
    __aeabi_dadd                             0x080003f5   Thumb Code   322  dadd.o(.text)
    __aeabi_dsub                             0x08000537   Thumb Code     6  dadd.o(.text)
    __aeabi_drsub                            0x0800053d   Thumb Code     6  dadd.o(.text)
    __aeabi_dmul                             0x08000543   Thumb Code   228  dmul.o(.text)
    __aeabi_ddiv                             0x08000627   Thumb Code   222  ddiv.o(.text)
    __ARM_scalbn                             0x08000705   Thumb Code    46  dscalb.o(.text)
    scalbn                                   0x08000705   Thumb Code     0  dscalb.o(.text)
    __aeabi_d2ulz                            0x08000733   Thumb Code    48  dfixul.o(.text)
    __aeabi_cdrcmple                         0x08000765   Thumb Code    48  cdrcmple.o(.text)
    __scatterload                            0x08000795   Thumb Code    28  init.o(.text)
    __scatterload_rt2                        0x08000795   Thumb Code     0  init.o(.text)
    __aeabi_lasr                             0x080007b9   Thumb Code    36  llsshr.o(.text)
    _ll_sshift_r                             0x080007b9   Thumb Code     0  llsshr.o(.text)
    _double_round                            0x080007dd   Thumb Code    30  depilogue.o(.text)
    _double_epilogue                         0x080007fb   Thumb Code   156  depilogue.o(.text)
    __decompress                             0x08000897   Thumb Code     0  __dczerorl2.o(.text)
    __decompress1                            0x08000897   Thumb Code    86  __dczerorl2.o(.text)
    MLX90640_CalculateTo                     0x080008ed   Thumb Code  1168  mlx90640_api.o(RAMCODE)
    BusFault_Handler                         0x08000d89   Thumb Code     2  stm32h7xx_it.o(i.BusFault_Handler)
    CheckAdjacentPixels                      0x08000d8b   Thumb Code    34  mlx90640_api.o(i.CheckAdjacentPixels)
    DebugMon_Handler                         0x08000dad   Thumb Code     2  stm32h7xx_it.o(i.DebugMon_Handler)
    Error_Handler                            0x08000daf   Thumb Code     4  main.o(i.Error_Handler)
    ExtractAlphaParameters                   0x08000db5   Thumb Code   362  mlx90640_api.o(i.ExtractAlphaParameters)
    ExtractCILCParameters                    0x08000f29   Thumb Code   146  mlx90640_api.o(i.ExtractCILCParameters)
    ExtractCPParameters                      0x08000fd1   Thumb Code   358  mlx90640_api.o(i.ExtractCPParameters)
    ExtractDeviatingPixels                   0x08001155   Thumb Code   320  mlx90640_api.o(i.ExtractDeviatingPixels)
    ExtractGainParameters                    0x08001295   Thumb Code    16  mlx90640_api.o(i.ExtractGainParameters)
    ExtractKsTaParameters                    0x080012a5   Thumb Code    46  mlx90640_api.o(i.ExtractKsTaParameters)
    ExtractKsToParameters                    0x080012e1   Thumb Code   192  mlx90640_api.o(i.ExtractKsToParameters)
    ExtractKtaPixelParameters                0x080013a9   Thumb Code   282  mlx90640_api.o(i.ExtractKtaPixelParameters)
    ExtractKvPixelParameters                 0x080014c9   Thumb Code   196  mlx90640_api.o(i.ExtractKvPixelParameters)
    ExtractOffsetParameters                  0x0800158d   Thumb Code   272  mlx90640_api.o(i.ExtractOffsetParameters)
    ExtractPTATParameters                    0x0800169d   Thumb Code   154  mlx90640_api.o(i.ExtractPTATParameters)
    ExtractTgcParameters                     0x0800174d   Thumb Code    44  mlx90640_api.o(i.ExtractTgcParameters)
    ExtractVDDParameters                     0x08001785   Thumb Code    32  mlx90640_api.o(i.ExtractVDDParameters)
    Get_Temp_Safe                            0x080017a5   Thumb Code    42  main.o(i.Get_Temp_Safe)
    HAL_Delay                                0x080017d1   Thumb Code    32  stm32h7xx_hal.o(i.HAL_Delay)
    HAL_GPIO_Init                            0x080017f5   Thumb Code   496  stm32h7xx_hal_gpio.o(i.HAL_GPIO_Init)
    HAL_GPIO_ReadPin                         0x08001a11   Thumb Code    10  stm32h7xx_hal_gpio.o(i.HAL_GPIO_ReadPin)
    HAL_GPIO_WritePin                        0x08001a1b   Thumb Code    10  stm32h7xx_hal_gpio.o(i.HAL_GPIO_WritePin)
    HAL_GetTick                              0x08001a25   Thumb Code     6  stm32h7xx_hal.o(i.HAL_GetTick)
    HAL_I2CEx_ConfigAnalogFilter             0x08001a31   Thumb Code    88  stm32h7xx_hal_i2c_ex.o(i.HAL_I2CEx_ConfigAnalogFilter)
    HAL_I2CEx_ConfigDigitalFilter            0x08001a89   Thumb Code    84  stm32h7xx_hal_i2c_ex.o(i.HAL_I2CEx_ConfigDigitalFilter)
    HAL_I2C_Init                             0x08001add   Thumb Code   186  stm32h7xx_hal_i2c.o(i.HAL_I2C_Init)
    HAL_I2C_Mem_Read                         0x08001b9d   Thumb Code   346  stm32h7xx_hal_i2c.o(i.HAL_I2C_Mem_Read)
    HAL_I2C_Mem_Write                        0x08001d01   Thumb Code   340  stm32h7xx_hal_i2c.o(i.HAL_I2C_Mem_Write)
    HAL_I2C_MspInit                          0x08001e59   Thumb Code   340  i2c.o(i.HAL_I2C_MspInit)
    HAL_IncTick                              0x08001fcd   Thumb Code    12  stm32h7xx_hal.o(i.HAL_IncTick)
    HAL_Init                                 0x08001fdd   Thumb Code    74  stm32h7xx_hal.o(i.HAL_Init)
    HAL_InitTick                             0x08002039   Thumb Code    56  stm32h7xx_hal.o(i.HAL_InitTick)
    HAL_MspInit                              0x08002079   Thumb Code    22  stm32h7xx_hal_msp.o(i.HAL_MspInit)
    HAL_NVIC_SetPriority                     0x08002095   Thumb Code    60  stm32h7xx_hal_cortex.o(i.HAL_NVIC_SetPriority)
    HAL_NVIC_SetPriorityGrouping             0x080020d5   Thumb Code    28  stm32h7xx_hal_cortex.o(i.HAL_NVIC_SetPriorityGrouping)
    HAL_PWREx_ConfigSupply                   0x080020f9   Thumb Code    78  stm32h7xx_hal_pwr_ex.o(i.HAL_PWREx_ConfigSupply)
    HAL_RCCEx_GetD3PCLK1Freq                 0x0800214d   Thumb Code    26  stm32h7xx_hal_rcc_ex.o(i.HAL_RCCEx_GetD3PCLK1Freq)
    HAL_RCCEx_GetPLL2ClockFreq               0x08002171   Thumb Code   296  stm32h7xx_hal_rcc_ex.o(i.HAL_RCCEx_GetPLL2ClockFreq)
    HAL_RCCEx_GetPLL3ClockFreq               0x080022b5   Thumb Code   296  stm32h7xx_hal_rcc_ex.o(i.HAL_RCCEx_GetPLL3ClockFreq)
    HAL_RCCEx_PeriphCLKConfig                0x080023f9   Thumb Code  2362  stm32h7xx_hal_rcc_ex.o(i.HAL_RCCEx_PeriphCLKConfig)
    HAL_RCC_ClockConfig                      0x08002d35   Thumb Code   580  stm32h7xx_hal_rcc.o(i.HAL_RCC_ClockConfig)
    HAL_RCC_GetHCLKFreq                      0x08002f91   Thumb Code    52  stm32h7xx_hal_rcc.o(i.HAL_RCC_GetHCLKFreq)
    HAL_RCC_GetPCLK1Freq                     0x08002fd5   Thumb Code    26  stm32h7xx_hal_rcc.o(i.HAL_RCC_GetPCLK1Freq)
    HAL_RCC_GetPCLK2Freq                     0x08002ff9   Thumb Code    26  stm32h7xx_hal_rcc.o(i.HAL_RCC_GetPCLK2Freq)
    HAL_RCC_GetSysClockFreq                  0x0800301d   Thumb Code   278  stm32h7xx_hal_rcc.o(i.HAL_RCC_GetSysClockFreq)
    HAL_RCC_OscConfig                        0x08003155   Thumb Code  1318  stm32h7xx_hal_rcc.o(i.HAL_RCC_OscConfig)
    HAL_SPI_Init                             0x0800367d   Thumb Code   366  stm32h7xx_hal_spi.o(i.HAL_SPI_Init)
    HAL_SPI_MspInit                          0x080037f9   Thumb Code   120  spi.o(i.HAL_SPI_MspInit)
    HAL_SPI_Transmit                         0x0800387d   Thumb Code   568  stm32h7xx_hal_spi.o(i.HAL_SPI_Transmit)
    HAL_SYSTICK_Config                       0x08003ab5   Thumb Code    38  stm32h7xx_hal_cortex.o(i.HAL_SYSTICK_Config)
    HAL_UARTEx_DisableFifoMode               0x08003adb   Thumb Code    64  stm32h7xx_hal_uart_ex.o(i.HAL_UARTEx_DisableFifoMode)
    HAL_UARTEx_SetRxFifoThreshold            0x08003b1b   Thumb Code    76  stm32h7xx_hal_uart_ex.o(i.HAL_UARTEx_SetRxFifoThreshold)
    HAL_UARTEx_SetTxFifoThreshold            0x08003b67   Thumb Code    76  stm32h7xx_hal_uart_ex.o(i.HAL_UARTEx_SetTxFifoThreshold)
    HAL_UART_Init                            0x08003bb3   Thumb Code   106  stm32h7xx_hal_uart.o(i.HAL_UART_Init)
    HAL_UART_MspInit                         0x08003c1d   Thumb Code   120  usart.o(i.HAL_UART_MspInit)
    HAL_UART_Transmit                        0x08003ca1   Thumb Code   176  stm32h7xx_hal_uart.o(i.HAL_UART_Transmit)
    HardFault_Handler                        0x08003d51   Thumb Code     2  stm32h7xx_it.o(i.HardFault_Handler)
    LCD_Address_Set                          0x080040ad   Thumb Code    66  lcd_init.o(i.LCD_Address_Set)
    LCD_DrawPoint                            0x080040ef   Thumb Code    22  lcd.o(i.LCD_DrawPoint)
    LCD_Fill                                 0x08004105   Thumb Code    64  lcd.o(i.LCD_Fill)
    LCD_Init                                 0x08004145   Thumb Code   422  lcd_init.o(i.LCD_Init)
    LCD_ShowChar                             0x080042f1   Thumb Code   182  lcd.o(i.LCD_ShowChar)
    LCD_ShowString                           0x080043b1   Thumb Code    58  lcd.o(i.LCD_ShowString)
    LCD_ShowThermal_Map                      0x080043ed   Thumb Code    62  main.o(i.LCD_ShowThermal_Map)
    LCD_WR_DATA                              0x0800442b   Thumb Code    20  lcd_init.o(i.LCD_WR_DATA)
    LCD_WR_DATA8                             0x0800443f   Thumb Code     4  lcd_init.o(i.LCD_WR_DATA8)
    LCD_WR_REG                               0x08004445   Thumb Code    36  lcd_init.o(i.LCD_WR_REG)
    LCD_Writ_Bus                             0x0800446d   Thumb Code    40  lcd_init.o(i.LCD_Writ_Bus)
    MLX90640_DumpEE                          0x0800449d   Thumb Code    14  mlx90640_api.o(i.MLX90640_DumpEE)
    MLX90640_ExtractParameters               0x080044ab   Thumb Code   122  mlx90640_api.o(i.MLX90640_ExtractParameters)
    MLX90640_GetFrameData                    0x08004525   Thumb Code   190  mlx90640_api.o(i.MLX90640_GetFrameData)
    MLX90640_GetTa                           0x080045e5   Thumb Code   168  mlx90640_api.o(i.MLX90640_GetTa)
    MLX90640_GetVdd                          0x08004699   Thumb Code   140  mlx90640_api.o(i.MLX90640_GetVdd)
    MLX90640_I2CRead                         0x08004731   Thumb Code    72  mlx90640_hw_i2c.o(i.MLX90640_I2CRead)
    MLX90640_I2CWrite                        0x0800477d   Thumb Code    52  mlx90640_hw_i2c.o(i.MLX90640_I2CWrite)
    MLX90640_SetChessMode                    0x080047b5   Thumb Code    40  mlx90640_api.o(i.MLX90640_SetChessMode)
    MLX90640_SetRefreshRate                  0x080047dd   Thumb Code    48  mlx90640_api.o(i.MLX90640_SetRefreshRate)
    MX_GPIO_Init                             0x0800480d   Thumb Code   182  gpio.o(i.MX_GPIO_Init)
    MX_I2C1_Init                             0x080048d1   Thumb Code    76  i2c.o(i.MX_I2C1_Init)
    MX_I2C2_Init                             0x08004929   Thumb Code    76  i2c.o(i.MX_I2C2_Init)
    MX_I2C3_Init                             0x08004981   Thumb Code    76  i2c.o(i.MX_I2C3_Init)
    MX_SPI1_Init                             0x080049d9   Thumb Code    84  spi.o(i.MX_SPI1_Init)
    MX_USART2_UART_Init                      0x08004a35   Thumb Code    94  usart.o(i.MX_USART2_UART_Init)
    MemManage_Handler                        0x08004a9d   Thumb Code     2  stm32h7xx_it.o(i.MemManage_Handler)
    NMI_Handler                              0x08004a9f   Thumb Code     2  stm32h7xx_it.o(i.NMI_Handler)
    PendSV_Handler                           0x08004aa1   Thumb Code     2  stm32h7xx_it.o(i.PendSV_Handler)
    Preprocess_Thermal_Colormapped           0x08004aa5   Thumb Code   532  main.o(i.Preprocess_Thermal_Colormapped)
    SVC_Handler                              0x0800500f   Thumb Code     2  stm32h7xx_it.o(i.SVC_Handler)
    SysTick_Handler                          0x08005011   Thumb Code     4  stm32h7xx_it.o(i.SysTick_Handler)
    SystemClock_Config                       0x08005015   Thumb Code   148  main.o(i.SystemClock_Config)
    SystemInit                               0x080050ad   Thumb Code   158  system_stm32h7xx.o(i.SystemInit)
    UART_AdvFeatureConfig                    0x080051b1   Thumb Code   200  stm32h7xx_hal_uart.o(i.UART_AdvFeatureConfig)
    UART_CheckIdleState                      0x08005279   Thumb Code   170  stm32h7xx_hal_uart.o(i.UART_CheckIdleState)
    UART_SetConfig                           0x08005379   Thumb Code   914  stm32h7xx_hal_uart.o(i.UART_SetConfig)
    UART_WaitOnFlagUntilTimeout              0x08005755   Thumb Code   148  stm32h7xx_hal_uart.o(i.UART_WaitOnFlagUntilTimeout)
    UsageFault_Handler                       0x080057e9   Thumb Code     2  stm32h7xx_it.o(i.UsageFault_Handler)
    __0printf                                0x080057ed   Thumb Code    22  printfa.o(i.__0printf)
    __1printf                                0x080057ed   Thumb Code     0  printfa.o(i.__0printf)
    __2printf                                0x080057ed   Thumb Code     0  printfa.o(i.__0printf)
    __c89printf                              0x080057ed   Thumb Code     0  printfa.o(i.__0printf)
    printf                                   0x080057ed   Thumb Code     0  printfa.o(i.__0printf)
    __0sprintf                               0x0800580d   Thumb Code    34  printfa.o(i.__0sprintf)
    __1sprintf                               0x0800580d   Thumb Code     0  printfa.o(i.__0sprintf)
    __2sprintf                               0x0800580d   Thumb Code     0  printfa.o(i.__0sprintf)
    __c89sprintf                             0x0800580d   Thumb Code     0  printfa.o(i.__0sprintf)
    sprintf                                  0x0800580d   Thumb Code     0  printfa.o(i.__0sprintf)
    __ARM_fpclassify                         0x08005835   Thumb Code    48  fpclassify.o(i.__ARM_fpclassify)
    __hardfp_pow                             0x08005889   Thumb Code  2140  pow.o(i.__hardfp_pow)
    __hardfp_sqrt                            0x08006181   Thumb Code   102  sqrt.o(i.__hardfp_sqrt)
    __kernel_poly                            0x080061e7   Thumb Code   112  poly.o(i.__kernel_poly)
    __mathlib_dbl_divzero                    0x08006259   Thumb Code    14  dunder.o(i.__mathlib_dbl_divzero)
    __mathlib_dbl_infnan2                    0x08006279   Thumb Code     6  dunder.o(i.__mathlib_dbl_infnan2)
    __mathlib_dbl_invalid                    0x08006281   Thumb Code    10  dunder.o(i.__mathlib_dbl_invalid)
    __mathlib_dbl_overflow                   0x08006299   Thumb Code    10  dunder.o(i.__mathlib_dbl_overflow)
    __mathlib_dbl_underflow                  0x080062b1   Thumb Code    10  dunder.o(i.__mathlib_dbl_underflow)
    __scatterload_copy                       0x080062c9   Thumb Code    14  handlers.o(i.__scatterload_copy)
    __scatterload_null                       0x080062d7   Thumb Code     2  handlers.o(i.__scatterload_null)
    __scatterload_zeroinit                   0x080062d9   Thumb Code    14  handlers.o(i.__scatterload_zeroinit)
    __set_errno                              0x080062e9   Thumb Code     6  errno.o(i.__set_errno)
    fabs                                     0x08006bb1   Thumb Code    24  fabs.o(i.fabs)
    fputc                                    0x08006bc9   Thumb Code    20  main.o(i.fputc)
    main                                     0x08006be1   Thumb Code   568  main.o(i.main)
    sqrt                                     0x08006ecd   Thumb Code   106  sqrt.o(i.sqrt)
    ascii_1608                               0x08006f36   Data        1520  lcd.o(.constdata)
    ascii_3216                               0x08007526   Data        6080  lcd.o(.constdata)
    tfont16                                  0x08008ce6   Data         170  lcd.o(.constdata)
    tfont24                                  0x08008d90   Data         370  lcd.o(.constdata)
    tfont32                                  0x08008f02   Data         520  lcd.o(.constdata)
    UARTPrescTable                           0x08009118   Data          24  stm32h7xx_hal_uart.o(.constdata)
    D1CorePrescTable                         0x08009140   Data          16  system_stm32h7xx.o(.constdata)
    __mathlib_zero                           0x080091d8   Data           8  qnan.o(.constdata)
    Region$$Table$$Base                      0x080091e0   Number         0  anon$$obj.o(Region$$Table)
    Region$$Table$$Limit                     0x08009200   Number         0  anon$$obj.o(Region$$Table)
    cams                                     0x24000000   Data       56412  main.o(.RAM_D1)
    display_data_array                       0x2400dc60   Data       24576  main.o(.RAM_D1)
    active_hi2c                              0x24013c60   Data           4  main.o(.data)
    uwTickFreq                               0x24013c64   Data           1  stm32h7xx_hal.o(.data)
    uwTickPrio                               0x24013c68   Data           4  stm32h7xx_hal.o(.data)
    uwTick                                   0x24013c6c   Data           4  stm32h7xx_hal.o(.data)
    SystemCoreClock                          0x24013c70   Data           4  system_stm32h7xx.o(.data)
    SystemD2Clock                            0x24013c74   Data           4  system_stm32h7xx.o(.data)
    __stdout                                 0x24013c78   Data           4  stdout.o(.data)
    hi2c1                                    0x24013c80   Data          84  i2c.o(.bss)
    hi2c2                                    0x24013cd4   Data          84  i2c.o(.bss)
    hi2c3                                    0x24013d28   Data          84  i2c.o(.bss)
    hspi1                                    0x24013d7c   Data         136  spi.o(.bss)
    huart2                                   0x24013e04   Data         148  usart.o(.bss)
    __initial_sp                             0x24014298   Data           0  startup_stm32h723xx.o(STACK)



==============================================================================

Memory Map of the image

  Image Entry point : 0x080002cd

  Load Region LR_IROM1 (Base: 0x08000000, Size: 0x0001ce80, Max: 0x00100000, ABSOLUTE, COMPRESSED[0x00009488])

    Execution Region ER_IROM1 (Exec base: 0x08000000, Load base: 0x08000000, Size: 0x00009200, Max: 0x00100000, ABSOLUTE)

    Exec Addr    Load Addr    Size         Type   Attr      Idx    E Section Name        Object

    0x08000000   0x08000000   0x000002cc   Data   RO            3    RESET               startup_stm32h723xx.o
    0x080002cc   0x080002cc   0x00000000   Code   RO         4405  * .ARM.Collect$$$$00000000  mc_w.l(entry.o)
    0x080002cc   0x080002cc   0x00000004   Code   RO         4698    .ARM.Collect$$$$00000001  mc_w.l(entry2.o)
    0x080002d0   0x080002d0   0x00000004   Code   RO         4701    .ARM.Collect$$$$00000004  mc_w.l(entry5.o)
    0x080002d4   0x080002d4   0x00000000   Code   RO         4703    .ARM.Collect$$$$00000008  mc_w.l(entry7b.o)
    0x080002d4   0x080002d4   0x00000000   Code   RO         4705    .ARM.Collect$$$$0000000A  mc_w.l(entry8b.o)
    0x080002d4   0x080002d4   0x00000008   Code   RO         4706    .ARM.Collect$$$$0000000B  mc_w.l(entry9a.o)
    0x080002dc   0x080002dc   0x00000000   Code   RO         4708    .ARM.Collect$$$$0000000D  mc_w.l(entry10a.o)
    0x080002dc   0x080002dc   0x00000000   Code   RO         4710    .ARM.Collect$$$$0000000F  mc_w.l(entry11a.o)
    0x080002dc   0x080002dc   0x00000004   Code   RO         4699    .ARM.Collect$$$$00002712  mc_w.l(entry2.o)
    0x080002e0   0x080002e0   0x00000024   Code   RO            4    .text               startup_stm32h723xx.o
    0x08000304   0x08000304   0x00000062   Code   RO         4408    .text               mc_w.l(uldiv.o)
    0x08000366   0x08000366   0x00000024   Code   RO         4410    .text               mc_w.l(memseta.o)
    0x0800038a   0x0800038a   0x0000002c   Code   RO         4713    .text               mc_w.l(uidiv.o)
    0x080003b6   0x080003b6   0x0000001e   Code   RO         4715    .text               mc_w.l(llshl.o)
    0x080003d4   0x080003d4   0x00000020   Code   RO         4717    .text               mc_w.l(llushr.o)
    0x080003f4   0x080003f4   0x00000000   Code   RO         4726    .text               mc_w.l(iusefp.o)
    0x080003f4   0x080003f4   0x0000014e   Code   RO         4727    .text               mf_w.l(dadd.o)
    0x08000542   0x08000542   0x000000e4   Code   RO         4729    .text               mf_w.l(dmul.o)
    0x08000626   0x08000626   0x000000de   Code   RO         4731    .text               mf_w.l(ddiv.o)
    0x08000704   0x08000704   0x0000002e   Code   RO         4733    .text               mf_w.l(dscalb.o)
    0x08000732   0x08000732   0x00000030   Code   RO         4735    .text               mf_w.l(dfixul.o)
    0x08000762   0x08000762   0x00000002   PAD
    0x08000764   0x08000764   0x00000030   Code   RO         4737    .text               mf_w.l(cdrcmple.o)
    0x08000794   0x08000794   0x00000024   Code   RO         4739    .text               mc_w.l(init.o)
    0x080007b8   0x080007b8   0x00000024   Code   RO         4741    .text               mc_w.l(llsshr.o)
    0x080007dc   0x080007dc   0x000000ba   Code   RO         4743    .text               mf_w.l(depilogue.o)
    0x08000896   0x08000896   0x00000056   Code   RO         4753    .text               mc_w.l(__dczerorl2.o)
    0x080008ec   0x080008ec   0x0000049c   Code   RO          299    RAMCODE             mlx90640_api.o
    0x08000d88   0x08000d88   0x00000002   Code   RO          929    i.BusFault_Handler  stm32h7xx_it.o
    0x08000d8a   0x08000d8a   0x00000022   Code   RO          300    i.CheckAdjacentPixels  mlx90640_api.o
    0x08000dac   0x08000dac   0x00000002   Code   RO          930    i.DebugMon_Handler  stm32h7xx_it.o
    0x08000dae   0x08000dae   0x00000004   Code   RO          668    i.Error_Handler     main.o
    0x08000db2   0x08000db2   0x00000002   PAD
    0x08000db4   0x08000db4   0x00000174   Code   RO          302    i.ExtractAlphaParameters  mlx90640_api.o
    0x08000f28   0x08000f28   0x000000a8   Code   RO          303    i.ExtractCILCParameters  mlx90640_api.o
    0x08000fd0   0x08000fd0   0x00000184   Code   RO          304    i.ExtractCPParameters  mlx90640_api.o
    0x08001154   0x08001154   0x00000140   Code   RO          305    i.ExtractDeviatingPixels  mlx90640_api.o
    0x08001294   0x08001294   0x00000010   Code   RO          306    i.ExtractGainParameters  mlx90640_api.o
    0x080012a4   0x080012a4   0x0000003c   Code   RO          307    i.ExtractKsTaParameters  mlx90640_api.o
    0x080012e0   0x080012e0   0x000000c8   Code   RO          308    i.ExtractKsToParameters  mlx90640_api.o
    0x080013a8   0x080013a8   0x00000120   Code   RO          309    i.ExtractKtaPixelParameters  mlx90640_api.o
    0x080014c8   0x080014c8   0x000000c4   Code   RO          310    i.ExtractKvPixelParameters  mlx90640_api.o
    0x0800158c   0x0800158c   0x00000110   Code   RO          311    i.ExtractOffsetParameters  mlx90640_api.o
    0x0800169c   0x0800169c   0x000000b0   Code   RO          312    i.ExtractPTATParameters  mlx90640_api.o
    0x0800174c   0x0800174c   0x00000038   Code   RO          314    i.ExtractTgcParameters  mlx90640_api.o
    0x08001784   0x08001784   0x00000020   Code   RO          315    i.ExtractVDDParameters  mlx90640_api.o
    0x080017a4   0x080017a4   0x0000002a   Code   RO          669    i.Get_Temp_Safe     main.o
    0x080017ce   0x080017ce   0x00000002   PAD
    0x080017d0   0x080017d0   0x00000024   Code   RO         2503    i.HAL_Delay         stm32h7xx_hal.o
    0x080017f4   0x080017f4   0x0000021c   Code   RO         1654    i.HAL_GPIO_Init     stm32h7xx_hal_gpio.o
    0x08001a10   0x08001a10   0x0000000a   Code   RO         1656    i.HAL_GPIO_ReadPin  stm32h7xx_hal_gpio.o
    0x08001a1a   0x08001a1a   0x0000000a   Code   RO         1658    i.HAL_GPIO_WritePin  stm32h7xx_hal_gpio.o
    0x08001a24   0x08001a24   0x0000000c   Code   RO         2519    i.HAL_GetTick       stm32h7xx_hal.o
    0x08001a30   0x08001a30   0x00000058   Code   RO         3316    i.HAL_I2CEx_ConfigAnalogFilter  stm32h7xx_hal_i2c_ex.o
    0x08001a88   0x08001a88   0x00000054   Code   RO         3317    i.HAL_I2CEx_ConfigDigitalFilter  stm32h7xx_hal_i2c_ex.o
    0x08001adc   0x08001adc   0x000000c0   Code   RO         2855    i.HAL_I2C_Init      stm32h7xx_hal_i2c.o
    0x08001b9c   0x08001b9c   0x00000164   Code   RO         2873    i.HAL_I2C_Mem_Read  stm32h7xx_hal_i2c.o
    0x08001d00   0x08001d00   0x00000158   Code   RO         2876    i.HAL_I2C_Mem_Write  stm32h7xx_hal_i2c.o
    0x08001e58   0x08001e58   0x00000174   Code   RO          792    i.HAL_I2C_MspInit   i2c.o
    0x08001fcc   0x08001fcc   0x00000010   Code   RO         2525    i.HAL_IncTick       stm32h7xx_hal.o
    0x08001fdc   0x08001fdc   0x0000005c   Code   RO         2526    i.HAL_Init          stm32h7xx_hal.o
    0x08002038   0x08002038   0x00000040   Code   RO         2527    i.HAL_InitTick      stm32h7xx_hal.o
    0x08002078   0x08002078   0x0000001c   Code   RO         1004    i.HAL_MspInit       stm32h7xx_hal_msp.o
    0x08002094   0x08002094   0x00000040   Code   RO         1042    i.HAL_NVIC_SetPriority  stm32h7xx_hal_cortex.o
    0x080020d4   0x080020d4   0x00000024   Code   RO         1043    i.HAL_NVIC_SetPriorityGrouping  stm32h7xx_hal_cortex.o
    0x080020f8   0x080020f8   0x00000054   Code   RO         2255    i.HAL_PWREx_ConfigSupply  stm32h7xx_hal_pwr_ex.o
    0x0800214c   0x0800214c   0x00000024   Code   RO         1297    i.HAL_RCCEx_GetD3PCLK1Freq  stm32h7xx_hal_rcc_ex.o
    0x08002170   0x08002170   0x00000144   Code   RO         1299    i.HAL_RCCEx_GetPLL2ClockFreq  stm32h7xx_hal_rcc_ex.o
    0x080022b4   0x080022b4   0x00000144   Code   RO         1300    i.HAL_RCCEx_GetPLL3ClockFreq  stm32h7xx_hal_rcc_ex.o
    0x080023f8   0x080023f8   0x0000093a   Code   RO         1306    i.HAL_RCCEx_PeriphCLKConfig  stm32h7xx_hal_rcc_ex.o
    0x08002d32   0x08002d32   0x00000002   PAD
    0x08002d34   0x08002d34   0x0000025c   Code   RO         1182    i.HAL_RCC_ClockConfig  stm32h7xx_hal_rcc.o
    0x08002f90   0x08002f90   0x00000044   Code   RO         1187    i.HAL_RCC_GetHCLKFreq  stm32h7xx_hal_rcc.o
    0x08002fd4   0x08002fd4   0x00000024   Code   RO         1189    i.HAL_RCC_GetPCLK1Freq  stm32h7xx_hal_rcc.o
    0x08002ff8   0x08002ff8   0x00000024   Code   RO         1190    i.HAL_RCC_GetPCLK2Freq  stm32h7xx_hal_rcc.o
    0x0800301c   0x0800301c   0x00000138   Code   RO         1191    i.HAL_RCC_GetSysClockFreq  stm32h7xx_hal_rcc.o
    0x08003154   0x08003154   0x00000526   Code   RO         1194    i.HAL_RCC_OscConfig  stm32h7xx_hal_rcc.o
    0x0800367a   0x0800367a   0x00000002   PAD
    0x0800367c   0x0800367c   0x0000017c   Code   RO         3453    i.HAL_SPI_Init      stm32h7xx_hal_spi.o
    0x080037f8   0x080037f8   0x00000084   Code   RO          846    i.HAL_SPI_MspInit   spi.o
    0x0800387c   0x0800387c   0x00000238   Code   RO         3462    i.HAL_SPI_Transmit  stm32h7xx_hal_spi.o
    0x08003ab4   0x08003ab4   0x00000026   Code   RO         1047    i.HAL_SYSTICK_Config  stm32h7xx_hal_cortex.o
    0x08003ada   0x08003ada   0x00000040   Code   RO         4227    i.HAL_UARTEx_DisableFifoMode  stm32h7xx_hal_uart_ex.o
    0x08003b1a   0x08003b1a   0x0000004c   Code   RO         4236    i.HAL_UARTEx_SetRxFifoThreshold  stm32h7xx_hal_uart_ex.o
    0x08003b66   0x08003b66   0x0000004c   Code   RO         4237    i.HAL_UARTEx_SetTxFifoThreshold  stm32h7xx_hal_uart_ex.o
    0x08003bb2   0x08003bb2   0x0000006a   Code   RO         3836    i.HAL_UART_Init     stm32h7xx_hal_uart.o
    0x08003c1c   0x08003c1c   0x00000084   Code   RO          888    i.HAL_UART_MspInit  usart.o
    0x08003ca0   0x08003ca0   0x000000b0   Code   RO         3845    i.HAL_UART_Transmit  stm32h7xx_hal_uart.o
    0x08003d50   0x08003d50   0x00000002   Code   RO          931    i.HardFault_Handler  stm32h7xx_it.o
    0x08003d52   0x08003d52   0x00000022   Code   RO         2902    i.I2C_Flush_TXDR    stm32h7xx_hal_i2c.o
    0x08003d74   0x08003d74   0x00000110   Code   RO         2910    i.I2C_IsErrorOccurred  stm32h7xx_hal_i2c.o
    0x08003e84   0x08003e84   0x00000064   Code   RO         2915    i.I2C_RequestMemoryRead  stm32h7xx_hal_i2c.o
    0x08003ee8   0x08003ee8   0x00000064   Code   RO         2916    i.I2C_RequestMemoryWrite  stm32h7xx_hal_i2c.o
    0x08003f4c   0x08003f4c   0x00000030   Code   RO         2919    i.I2C_TransferConfig  stm32h7xx_hal_i2c.o
    0x08003f7c   0x08003f7c   0x0000007c   Code   RO         2921    i.I2C_WaitOnFlagUntilTimeout  stm32h7xx_hal_i2c.o
    0x08003ff8   0x08003ff8   0x00000058   Code   RO         2923    i.I2C_WaitOnSTOPFlagUntilTimeout  stm32h7xx_hal_i2c.o
    0x08004050   0x08004050   0x0000005c   Code   RO         2924    i.I2C_WaitOnTXISFlagUntilTimeout  stm32h7xx_hal_i2c.o
    0x080040ac   0x080040ac   0x00000042   Code   RO          247    i.LCD_Address_Set   lcd_init.o
    0x080040ee   0x080040ee   0x00000016   Code   RO           15    i.LCD_DrawPoint     lcd.o
    0x08004104   0x08004104   0x00000040   Code   RO           17    i.LCD_Fill          lcd.o
    0x08004144   0x08004144   0x000001ac   Code   RO          248    i.LCD_Init          lcd_init.o
    0x080042f0   0x080042f0   0x000000c0   Code   RO           18    i.LCD_ShowChar      lcd.o
    0x080043b0   0x080043b0   0x0000003a   Code   RO           26    i.LCD_ShowString    lcd.o
    0x080043ea   0x080043ea   0x00000002   PAD
    0x080043ec   0x080043ec   0x0000003e   Code   RO          670    i.LCD_ShowThermal_Map  main.o
    0x0800442a   0x0800442a   0x00000014   Code   RO          249    i.LCD_WR_DATA       lcd_init.o
    0x0800443e   0x0800443e   0x00000004   Code   RO          250    i.LCD_WR_DATA8      lcd_init.o
    0x08004442   0x08004442   0x00000002   PAD
    0x08004444   0x08004444   0x00000028   Code   RO          251    i.LCD_WR_REG        lcd_init.o
    0x0800446c   0x0800446c   0x00000030   Code   RO          252    i.LCD_Writ_Bus      lcd_init.o
    0x0800449c   0x0800449c   0x0000000e   Code   RO          319    i.MLX90640_DumpEE   mlx90640_api.o
    0x080044aa   0x080044aa   0x0000007a   Code   RO          320    i.MLX90640_ExtractParameters  mlx90640_api.o
    0x08004524   0x08004524   0x000000be   Code   RO          323    i.MLX90640_GetFrameData  mlx90640_api.o
    0x080045e2   0x080045e2   0x00000002   PAD
    0x080045e4   0x080045e4   0x000000b4   Code   RO          327    i.MLX90640_GetTa    mlx90640_api.o
    0x08004698   0x08004698   0x00000098   Code   RO          328    i.MLX90640_GetVdd   mlx90640_api.o
    0x08004730   0x08004730   0x0000004c   Code   RO          516    i.MLX90640_I2CRead  mlx90640_hw_i2c.o
    0x0800477c   0x0800477c   0x00000038   Code   RO          517    i.MLX90640_I2CWrite  mlx90640_hw_i2c.o
    0x080047b4   0x080047b4   0x00000028   Code   RO          329    i.MLX90640_SetChessMode  mlx90640_api.o
    0x080047dc   0x080047dc   0x00000030   Code   RO          331    i.MLX90640_SetRefreshRate  mlx90640_api.o
    0x0800480c   0x0800480c   0x000000c4   Code   RO          767    i.MX_GPIO_Init      gpio.o
    0x080048d0   0x080048d0   0x00000058   Code   RO          793    i.MX_I2C1_Init      i2c.o
    0x08004928   0x08004928   0x00000058   Code   RO          794    i.MX_I2C2_Init      i2c.o
    0x08004980   0x08004980   0x00000058   Code   RO          795    i.MX_I2C3_Init      i2c.o
    0x080049d8   0x080049d8   0x0000005c   Code   RO          847    i.MX_SPI1_Init      spi.o
    0x08004a34   0x08004a34   0x00000068   Code   RO          889    i.MX_USART2_UART_Init  usart.o
    0x08004a9c   0x08004a9c   0x00000002   Code   RO          932    i.MemManage_Handler  stm32h7xx_it.o
    0x08004a9e   0x08004a9e   0x00000002   Code   RO          933    i.NMI_Handler       stm32h7xx_it.o
    0x08004aa0   0x08004aa0   0x00000002   Code   RO          934    i.PendSV_Handler    stm32h7xx_it.o
    0x08004aa2   0x08004aa2   0x00000002   PAD
    0x08004aa4   0x08004aa4   0x00000228   Code   RO          671    i.Preprocess_Thermal_Colormapped  main.o
    0x08004ccc   0x08004ccc   0x00000120   Code   RO         1309    i.RCCEx_PLL2_Config  stm32h7xx_hal_rcc_ex.o
    0x08004dec   0x08004dec   0x00000120   Code   RO         1310    i.RCCEx_PLL3_Config  stm32h7xx_hal_rcc_ex.o
    0x08004f0c   0x08004f0c   0x000000bc   Code   RO         3473    i.SPI_CloseTransfer  stm32h7xx_hal_spi.o
    0x08004fc8   0x08004fc8   0x00000046   Code   RO         3490    i.SPI_WaitOnFlagUntilTimeout  stm32h7xx_hal_spi.o
    0x0800500e   0x0800500e   0x00000002   Code   RO          935    i.SVC_Handler       stm32h7xx_it.o
    0x08005010   0x08005010   0x00000004   Code   RO          936    i.SysTick_Handler   stm32h7xx_it.o
    0x08005014   0x08005014   0x00000098   Code   RO          672    i.SystemClock_Config  main.o
    0x080050ac   0x080050ac   0x000000c0   Code   RO         4346    i.SystemInit        system_stm32h7xx.o
    0x0800516c   0x0800516c   0x00000044   Code   RO         4241    i.UARTEx_SetNbDataToProcess  stm32h7xx_hal_uart_ex.o
    0x080051b0   0x080051b0   0x000000c8   Code   RO         3850    i.UART_AdvFeatureConfig  stm32h7xx_hal_uart.o
    0x08005278   0x08005278   0x000000aa   Code   RO         3851    i.UART_CheckIdleState  stm32h7xx_hal_uart.o
    0x08005322   0x08005322   0x00000002   PAD
    0x08005324   0x08005324   0x00000054   Code   RO         3862    i.UART_EndRxTransfer  stm32h7xx_hal_uart.o
    0x08005378   0x08005378   0x000003dc   Code   RO         3868    i.UART_SetConfig    stm32h7xx_hal_uart.o
    0x08005754   0x08005754   0x00000094   Code   RO         3875    i.UART_WaitOnFlagUntilTimeout  stm32h7xx_hal_uart.o
    0x080057e8   0x080057e8   0x00000002   Code   RO          937    i.UsageFault_Handler  stm32h7xx_it.o
    0x080057ea   0x080057ea   0x00000002   PAD
    0x080057ec   0x080057ec   0x00000020   Code   RO         4645    i.__0printf         mc_w.l(printfa.o)
    0x0800580c   0x0800580c   0x00000028   Code   RO         4647    i.__0sprintf        mc_w.l(printfa.o)
    0x08005834   0x08005834   0x00000030   Code   RO         4693    i.__ARM_fpclassify  m_wv.l(fpclassify.o)
    0x08005864   0x08005864   0x00000022   Code   RO         1049    i.__NVIC_SetPriority  stm32h7xx_hal_cortex.o
    0x08005886   0x08005886   0x00000002   PAD
    0x08005888   0x08005888   0x000008f8   Code   RO         4379    i.__hardfp_pow      m_wv.l(pow.o)
    0x08006180   0x08006180   0x00000066   Code   RO         4393    i.__hardfp_sqrt     m_wv.l(sqrt.o)
    0x080061e6   0x080061e6   0x00000070   Code   RO         4695    i.__kernel_poly     m_wv.l(poly.o)
    0x08006256   0x08006256   0x00000002   PAD
    0x08006258   0x08006258   0x00000020   Code   RO         4673    i.__mathlib_dbl_divzero  m_wv.l(dunder.o)
    0x08006278   0x08006278   0x00000006   Code   RO         4675    i.__mathlib_dbl_infnan2  m_wv.l(dunder.o)
    0x0800627e   0x0800627e   0x00000002   PAD
    0x08006280   0x08006280   0x00000018   Code   RO         4676    i.__mathlib_dbl_invalid  m_wv.l(dunder.o)
    0x08006298   0x08006298   0x00000018   Code   RO         4677    i.__mathlib_dbl_overflow  m_wv.l(dunder.o)
    0x080062b0   0x080062b0   0x00000018   Code   RO         4679    i.__mathlib_dbl_underflow  m_wv.l(dunder.o)
    0x080062c8   0x080062c8   0x0000000e   Code   RO         4747    i.__scatterload_copy  mc_w.l(handlers.o)
    0x080062d6   0x080062d6   0x00000002   Code   RO         4748    i.__scatterload_null  mc_w.l(handlers.o)
    0x080062d8   0x080062d8   0x0000000e   Code   RO         4749    i.__scatterload_zeroinit  mc_w.l(handlers.o)
    0x080062e6   0x080062e6   0x00000002   PAD
    0x080062e8   0x080062e8   0x0000000c   Code   RO         4721    i.__set_errno       mc_w.l(errno.o)
    0x080062f4   0x080062f4   0x00000184   Code   RO         4652    i._fp_digits        mc_w.l(printfa.o)
    0x08006478   0x08006478   0x000006dc   Code   RO         4653    i._printf_core      mc_w.l(printfa.o)
    0x08006b54   0x08006b54   0x00000024   Code   RO         4654    i._printf_post_padding  mc_w.l(printfa.o)
    0x08006b78   0x08006b78   0x0000002e   Code   RO         4655    i._printf_pre_padding  mc_w.l(printfa.o)
    0x08006ba6   0x08006ba6   0x0000000a   Code   RO         4657    i._sputc            mc_w.l(printfa.o)
    0x08006bb0   0x08006bb0   0x00000018   Code   RO         4689    i.fabs              m_wv.l(fabs.o)
    0x08006bc8   0x08006bc8   0x00000018   Code   RO          673    i.fputc             main.o
    0x08006be0   0x08006be0   0x000002ec   Code   RO          674    i.main              main.o
    0x08006ecc   0x08006ecc   0x0000006a   Code   RO         4395    i.sqrt              m_wv.l(sqrt.o)
    0x08006f36   0x08006f36   0x000021d4   Data   RO           28    .constdata          lcd.o
    0x0800910a   0x0800910a   0x00000002   PAD
    0x0800910c   0x0800910c   0x0000000c   Data   RO          680    .constdata          main.o
    0x08009118   0x08009118   0x00000018   Data   RO         3876    .constdata          stm32h7xx_hal_uart.o
    0x08009130   0x08009130   0x00000010   Data   RO         4242    .constdata          stm32h7xx_hal_uart_ex.o
    0x08009140   0x08009140   0x00000010   Data   RO         4347    .constdata          system_stm32h7xx.o
    0x08009150   0x08009150   0x00000088   Data   RO         4382    .constdata          m_wv.l(pow.o)
    0x080091d8   0x080091d8   0x00000008   Data   RO         4697    .constdata          m_wv.l(qnan.o)
    0x080091e0   0x080091e0   0x00000020   Data   RO         4745    Region$$Table       anon$$obj.o


    Execution Region RW_IRAM1 (Exec base: 0x20000000, Load base: 0x08009200, Size: 0x00000000, Max: 0x00020000, ABSOLUTE)

    **** No section assigned to this execution region ****


    Execution Region RW_IRAM2 (Exec base: 0x24000000, Load base: 0x08009200, Size: 0x00014298, Max: 0x00050000, ABSOLUTE, COMPRESSED[0x00000288])

    Exec Addr    Load Addr    Size         Type   Attr      Idx    E Section Name        Object

    0x24000000   COMPRESSED   0x00013c60   Data   RW          675    .RAM_D1             main.o
    0x24013c60   COMPRESSED   0x00000004   Data   RW          681    .data               main.o
    0x24013c64   COMPRESSED   0x0000000c   Data   RW         2550    .data               stm32h7xx_hal.o
    0x24013c70   COMPRESSED   0x00000008   Data   RW         4348    .data               system_stm32h7xx.o
    0x24013c78   COMPRESSED   0x00000004   Data   RW         4712    .data               mc_w.l(stdout.o)
    0x24013c7c   COMPRESSED   0x00000004   Data   RW         4722    .data               mc_w.l(errno.o)
    0x24013c80        -       0x000000fc   Zero   RW          796    .bss                i2c.o
    0x24013d7c        -       0x00000088   Zero   RW          848    .bss                spi.o
    0x24013e04        -       0x00000094   Zero   RW          890    .bss                usart.o
    0x24013e98        -       0x00000400   Zero   RW            1    STACK               startup_stm32h723xx.o


==============================================================================

Image component sizes


      Code (inc. data)   RO Data    RW Data    ZI Data      Debug   Object Name

       196         14          0          0          0       1043   gpio.o
       636         68          0          0        252       3335   i2c.o
       336         10       8660          0          0    1157501   lcd.o
       606         18          0          0          0       5276   lcd_init.o
      1584        208         12      80996          0      45235   main.o
      4504        190          0          0          0      22355   mlx90640_api.o
       132          8          0          0          0    1097137   mlx90640_hw_i2c.o
       224         20          0          0        136       1765   spi.o
        36          8        716          0       1024        844   startup_stm32h723xx.o
       220         40          0         12          0      23561   stm32h7xx_hal.o
       172         12          0          0          0      38910   stm32h7xx_hal_cortex.o
       560         44          0          0          0       2847   stm32h7xx_hal_gpio.o
      1750         40          0          0          0      12378   stm32h7xx_hal_i2c.o
       172          0          0          0          0       1967   stm32h7xx_hal_i2c_ex.o
        28          6          0          0          0        814   stm32h7xx_hal_msp.o
        84          6          0          0          0        789   stm32h7xx_hal_pwr_ex.o
      2374        102          0          0          0       7008   stm32h7xx_hal_rcc.o
      3622        112          0          0          0       7689   stm32h7xx_hal_rcc_ex.o
      1206         14          0          0          0       4594   stm32h7xx_hal_spi.o
      1872        122         24          0          0      26818   stm32h7xx_hal_uart.o
       284          6         16          0          0       3705   stm32h7xx_hal_uart_ex.o
        20          0          0          0          0       4154   stm32h7xx_it.o
       192         34         16          8          0       1370   system_stm32h7xx.o
       236         22          0          0        148       1810   usart.o

    ----------------------------------------------------------------------
     21068       1104       9478      81016       1560    2472905   Object Totals
         0          0         32          0          0          0   (incl. Generated)
        22          0          2          0          0          0   (incl. Padding)

    ----------------------------------------------------------------------

      Code (inc. data)   RO Data    RW Data    ZI Data      Debug   Library Member Name

       110         60          0          0          0        580   dunder.o
        24          0          0          0          0        124   fabs.o
        48          0          0          0          0        124   fpclassify.o
       112          0          0          0          0        116   poly.o
      2296        304        136          0          0        320   pow.o
         0          0          8          0          0          0   qnan.o
       208          0          0          0          0        280   sqrt.o
        86          0          0          0          0          0   __dczerorl2.o
         0          0          0          0          0          0   entry.o
         0          0          0          0          0          0   entry10a.o
         0          0          0          0          0          0   entry11a.o
         8          4          0          0          0          0   entry2.o
         4          0          0          0          0          0   entry5.o
         0          0          0          0          0          0   entry7b.o
         0          0          0          0          0          0   entry8b.o
         8          4          0          0          0          0   entry9a.o
        12          6          0          4          0         68   errno.o
        30          0          0          0          0          0   handlers.o
        36          8          0          0          0         68   init.o
         0          0          0          0          0          0   iusefp.o
        30          0          0          0          0         68   llshl.o
        36          0          0          0          0         68   llsshr.o
        32          0          0          0          0         68   llushr.o
        36          0          0          0          0        108   memseta.o
      2308         96          0          0          0        604   printfa.o
         0          0          0          4          0          0   stdout.o
        44          0          0          0          0         80   uidiv.o
        98          0          0          0          0         92   uldiv.o
        48          0          0          0          0         68   cdrcmple.o
       334          0          0          0          0        148   dadd.o
       222          0          0          0          0        100   ddiv.o
       186          0          0          0          0        176   depilogue.o
        48          0          0          0          0         68   dfixul.o
       228          0          0          0          0         96   dmul.o
        46          0          0          0          0         80   dscalb.o

    ----------------------------------------------------------------------
      6686        482        144          8          0       3504   Library Totals
         8          0          0          0          0          0   (incl. Padding)

    ----------------------------------------------------------------------

      Code (inc. data)   RO Data    RW Data    ZI Data      Debug   Library Name

      2798        364        144          0          0       1544   m_wv.l
      2768        118          0          8          0       1224   mc_w.l
      1112          0          0          0          0        736   mf_w.l

    ----------------------------------------------------------------------
      6686        482        144          8          0       3504   Library Totals

    ----------------------------------------------------------------------

==============================================================================


      Code (inc. data)   RO Data    RW Data    ZI Data      Debug   

     27754       1586       9622      81024       1560    2464305   Grand Totals
     27754       1586       9622        648       1560    2464305   ELF Image Totals (compressed)
     27754       1586       9622        648          0          0   ROM Totals

==============================================================================

    Total RO  Size (Code + RO Data)                37376 (  36.50kB)
    Total RW  Size (RW Data + ZI Data)             82584 (  80.65kB)
    Total ROM Size (Code + RO Data + RW Data)      38024 (  37.13kB)

==============================================================================

