Component: ARM Compiler 5.06 update 6 (build 750) Tool: armlink [4d35ed]

==============================================================================

Section Cross References

    startup_stm32h723xx.o(RESET) refers to startup_stm32h723xx.o(STACK) for __initial_sp
    startup_stm32h723xx.o(RESET) refers to startup_stm32h723xx.o(.text) for Reset_Handler
    startup_stm32h723xx.o(RESET) refers to stm32h7xx_it.o(i.NMI_Handler) for NMI_Handler
    startup_stm32h723xx.o(RESET) refers to stm32h7xx_it.o(i.HardFault_Handler) for HardFault_Handler
    startup_stm32h723xx.o(RESET) refers to stm32h7xx_it.o(i.MemManage_Handler) for MemManage_Handler
    startup_stm32h723xx.o(RESET) refers to stm32h7xx_it.o(i.BusFault_Handler) for BusFault_Handler
    startup_stm32h723xx.o(RESET) refers to stm32h7xx_it.o(i.UsageFault_Handler) for UsageFault_Handler
    startup_stm32h723xx.o(RESET) refers to stm32h7xx_it.o(i.SVC_Handler) for SVC_Handler
    startup_stm32h723xx.o(RESET) refers to stm32h7xx_it.o(i.DebugMon_Handler) for DebugMon_Handler
    startup_stm32h723xx.o(RESET) refers to stm32h7xx_it.o(i.PendSV_Handler) for PendSV_Handler
    startup_stm32h723xx.o(RESET) refers to stm32h7xx_it.o(i.SysTick_Handler) for SysTick_Handler
    startup_stm32h723xx.o(.text) refers to system_stm32h7xx.o(i.SystemInit) for SystemInit
    startup_stm32h723xx.o(.text) refers to entry.o(.ARM.Collect$$$$00000000) for __main
    lcd.o(i.Draw_Circle) refers to lcd.o(i.LCD_DrawPoint) for LCD_DrawPoint
    lcd.o(i.LCD_DrawLine) refers to lcd.o(i.LCD_DrawPoint) for LCD_DrawPoint
    lcd.o(i.LCD_DrawPoint) refers to lcd_init.o(i.LCD_Address_Set) for LCD_Address_Set
    lcd.o(i.LCD_DrawPoint) refers to lcd_init.o(i.LCD_WR_DATA) for LCD_WR_DATA
    lcd.o(i.LCD_DrawRectangle) refers to lcd.o(i.LCD_DrawLine) for LCD_DrawLine
    lcd.o(i.LCD_Fill) refers to lcd_init.o(i.LCD_Address_Set) for LCD_Address_Set
    lcd.o(i.LCD_Fill) refers to lcd_init.o(i.LCD_WR_DATA) for LCD_WR_DATA
    lcd.o(i.LCD_ShowChar) refers to lcd_init.o(i.LCD_Address_Set) for LCD_Address_Set
    lcd.o(i.LCD_ShowChar) refers to lcd.o(i.LCD_DrawPoint) for LCD_DrawPoint
    lcd.o(i.LCD_ShowChar) refers to lcd_init.o(i.LCD_WR_DATA) for LCD_WR_DATA
    lcd.o(i.LCD_ShowChar) refers to lcd.o(.constdata) for .constdata
    lcd.o(i.LCD_ShowChinese) refers to lcd.o(i.LCD_ShowChinese32x32) for LCD_ShowChinese32x32
    lcd.o(i.LCD_ShowChinese) refers to lcd.o(i.LCD_ShowChinese16x16) for LCD_ShowChinese16x16
    lcd.o(i.LCD_ShowChinese) refers to lcd.o(i.LCD_ShowChinese24x24) for LCD_ShowChinese24x24
    lcd.o(i.LCD_ShowChinese16x16) refers to lcd_init.o(i.LCD_Address_Set) for LCD_Address_Set
    lcd.o(i.LCD_ShowChinese16x16) refers to lcd.o(i.LCD_DrawPoint) for LCD_DrawPoint
    lcd.o(i.LCD_ShowChinese16x16) refers to lcd_init.o(i.LCD_WR_DATA) for LCD_WR_DATA
    lcd.o(i.LCD_ShowChinese16x16) refers to lcd.o(.constdata) for .constdata
    lcd.o(i.LCD_ShowChinese24x24) refers to lcd_init.o(i.LCD_Address_Set) for LCD_Address_Set
    lcd.o(i.LCD_ShowChinese24x24) refers to lcd.o(i.LCD_DrawPoint) for LCD_DrawPoint
    lcd.o(i.LCD_ShowChinese24x24) refers to lcd_init.o(i.LCD_WR_DATA) for LCD_WR_DATA
    lcd.o(i.LCD_ShowChinese24x24) refers to lcd.o(.constdata) for .constdata
    lcd.o(i.LCD_ShowChinese32x32) refers to lcd_init.o(i.LCD_Address_Set) for LCD_Address_Set
    lcd.o(i.LCD_ShowChinese32x32) refers to lcd.o(i.LCD_DrawPoint) for LCD_DrawPoint
    lcd.o(i.LCD_ShowChinese32x32) refers to lcd_init.o(i.LCD_WR_DATA) for LCD_WR_DATA
    lcd.o(i.LCD_ShowChinese32x32) refers to lcd.o(.constdata) for .constdata
    lcd.o(i.LCD_ShowFloatNum1) refers to lcd.o(i.mypow) for mypow
    lcd.o(i.LCD_ShowFloatNum1) refers to lcd.o(i.LCD_ShowChar) for LCD_ShowChar
    lcd.o(i.LCD_ShowIntNum) refers to lcd.o(i.mypow) for mypow
    lcd.o(i.LCD_ShowIntNum) refers to lcd.o(i.LCD_ShowChar) for LCD_ShowChar
    lcd.o(i.LCD_ShowPicture) refers to lcd_init.o(i.LCD_Address_Set) for LCD_Address_Set
    lcd.o(i.LCD_ShowPicture) refers to lcd_init.o(i.LCD_WR_DATA8) for LCD_WR_DATA8
    lcd.o(i.LCD_ShowString) refers to lcd.o(i.LCD_ShowChar) for LCD_ShowChar
    lcd_init.o(i.LCD_Address_Set) refers to lcd_init.o(i.LCD_WR_REG) for LCD_WR_REG
    lcd_init.o(i.LCD_Address_Set) refers to lcd_init.o(i.LCD_WR_DATA) for LCD_WR_DATA
    lcd_init.o(i.LCD_Init) refers to stm32h7xx_hal_gpio.o(i.HAL_GPIO_WritePin) for HAL_GPIO_WritePin
    lcd_init.o(i.LCD_Init) refers to stm32h7xx_hal.o(i.HAL_Delay) for HAL_Delay
    lcd_init.o(i.LCD_Init) refers to lcd_init.o(i.LCD_WR_REG) for LCD_WR_REG
    lcd_init.o(i.LCD_Init) refers to lcd_init.o(i.LCD_Writ_Bus) for LCD_Writ_Bus
    lcd_init.o(i.LCD_WR_DATA) refers to lcd_init.o(i.LCD_Writ_Bus) for LCD_Writ_Bus
    lcd_init.o(i.LCD_WR_DATA8) refers to lcd_init.o(i.LCD_Writ_Bus) for LCD_Writ_Bus
    lcd_init.o(i.LCD_WR_REG) refers to stm32h7xx_hal_gpio.o(i.HAL_GPIO_WritePin) for HAL_GPIO_WritePin
    lcd_init.o(i.LCD_WR_REG) refers to lcd_init.o(i.LCD_Writ_Bus) for LCD_Writ_Bus
[...]
    0x08013a54   0x08013a54   0x00000008   Data   RO         4557    .constdata          network.o
    0x08013a5c   0x08013a5c   0x00000008   Data   RO         4558    .constdata          network.o
    0x08013a64   0x08013a64   0x00000008   Data   RO         4559    .constdata          network.o
    0x08013a6c   0x08013a6c   0x00000008   Data   RO         4560    .constdata          network.o
    0x08013a74   0x08013a74   0x00000008   Data   RO         4561    .constdata          network.o
    0x08013a7c   0x08013a7c   0x00000008   Data   RO         4562    .constdata          network.o
    0x08013a84   0x08013a84   0x00000008   Data   RO         4563    .constdata          network.o
    0x08013a8c   0x08013a8c   0x00000008   Data   RO         4564    .constdata          network.o
    0x08013a94   0x08013a94   0x00000008   Data   RO         4565    .constdata          network.o
    0x08013a9c   0x08013a9c   0x00000008   Data   RO         4566    .constdata          network.o
    0x08013aa4   0x08013aa4   0x00000008   Data   RO         4567    .constdata          network.o
    0x08013aac   0x08013aac   0x00000008   Data   RO         4568    .constdata          network.o
    0x08013ab4   0x08013ab4   0x00000008   Data   RO         4569    .constdata          network.o
    0x08013abc   0x08013abc   0x00000008   Data   RO         4570    .constdata          network.o
    0x08013ac4   0x08013ac4   0x00000008   Data   RO         4571    .constdata          network.o
    0x08013acc   0x08013acc   0x00000008   Data   RO         4572    .constdata          network.o
    0x08013ad4   0x08013ad4   0x00000008   Data   RO         4573    .constdata          network.o
    0x08013adc   0x08013adc   0x00000008   Data   RO         4574    .constdata          network.o
    0x08013ae4   0x08013ae4   0x00000008   Data   RO         4575    .constdata          network.o
    0x08013aec   0x08013aec   0x00000008   Data   RO         4576    .constdata          network.o
    0x08013af4   0x08013af4   0x00000008   Data   RO         4577    .constdata          network.o
    0x08013afc   0x08013afc   0x00000008   Data   RO         4578    .constdata          network.o
    0x08013b04   0x08013b04   0x00000008   Data   RO         4579    .constdata          network.o
    0x08013b0c   0x08013b0c   0x00000008   Data   RO         4580    .constdata          network.o
    0x08013b14   0x08013b14   0x00000008   Data   RO         4581    .constdata          network.o
    0x08013b1c   0x08013b1c   0x00000008   Data   RO         4582    .constdata          network.o
    0x08013b24   0x08013b24   0x00000008   Data   RO         4583    .constdata          network.o
    0x08013b2c   0x08013b2c   0x00000008   Data   RO         4584    .constdata          network.o
    0x08013b34   0x08013b34   0x00000008   Data   RO         4585    .constdata          network.o
    0x08013b3c   0x08013b3c   0x00000008   Data   RO         4586    .constdata          network.o
    0x08013b44   0x08013b44   0x00000008   Data   RO         4587    .constdata          network.o
    0x08013b4c   0x08013b4c   0x00000008   Data   RO         4588    .constdata          network.o
    0x08013b54   0x08013b54   0x00000008   Data   RO         4589    .constdata          network.o
    0x08013b5c   0x08013b5c   0x00000008   Data   RO         4590    .constdata          network.o
    0x08013b64   0x08013b64   0x00000008   Data   RO         4591    .constdata          network.o
    0x08013b6c   0x08013b6c   0x00000008   Data   RO         4592    .constdata          network.o
    0x08013b74   0x08013b74   0x00000008   Data   RO         4593    .constdata          network.o
    0x08013b7c   0x08013b7c   0x00000008   Data   RO         4594    .constdata          network.o
    0x08013b84   0x08013b84   0x00000008   Data   RO         4595    .constdata          network.o
    0x08013b8c   0x08013b8c   0x0000000c   Data   RO         4596    .constdata          network.o
    0x08013b98   0x08013b98   0x00000010   Data   RO         4597    .constdata          network.o
    0x08013ba8   0x08013ba8   0x00000008   Data   RO         4598    .constdata          network.o
    0x08013bb0   0x08013bb0   0x00000008   Data   RO         4599    .constdata          network.o
    0x08013bb8   0x08013bb8   0x00000008   Data   RO         4600    .constdata          network.o
    0x08013bc0   0x08013bc0   0x00000008   Data   RO         4601    .constdata          network.o
    0x08013bc8   0x08013bc8   0x00000008   Data   RO         4602    .constdata          network.o
    0x08013bd0   0x08013bd0   0x00000001   Data   RO         4603    .constdata          network.o
    0x08013bd1   0x08013bd1   0x00000003   PAD
    0x08013bd4   0x08013bd4   0x00000010   Data   RO         4604    .constdata          network.o
    0x08013be4   0x08013be4   0x00000008   Data   RO         4605    .constdata          network.o
    0x08013bec   0x08013bec   0x00000008   Data   RO         4606    .constdata          network.o
    0x08013bf4   0x08013bf4   0x00000008   Data   RO         4607    .constdata          network.o
    0x08013bfc   0x08013bfc   0x00000001   Data   RO         4608    .constdata          network.o
    0x08013bfd   0x08013bfd   0x00000003   PAD
    0x08013c00   0x08013c00   0x00000010   Data   RO         4609    .constdata          network.o
    0x08013c10   0x08013c10   0x00000008   Data   RO         4610    .constdata          network.o
    0x08013c18   0x08013c18   0x00000008   Data   RO         4611    .constdata          network.o
    0x08013c20   0x08013c20   0x00000008   Data   RO         4612    .constdata          network.o
    0x08013c28   0x08013c28   0x00000001   Data   RO         4613    .constdata          network.o
    0x08013c29   0x08013c29   0x00000003   PAD
    0x08013c2c   0x08013c2c   0x00000010   Data   RO         4614    .constdata          network.o
    0x08013c3c   0x08013c3c   0x00000008   Data   RO         4615    .constdata          network.o
    0x08013c44   0x08013c44   0x00000008   Data   RO         4616    .constdata          network.o
    0x08013c4c   0x08013c4c   0x00000008   Data   RO         4617    .constdata          network.o
    0x08013c54   0x08013c54   0x00000001   Data   RO         4618    .constdata          network.o
    0x08013c55   0x08013c55   0x00000003   PAD
    0x08013c58   0x08013c58   0x00000010   Data   RO         4619    .constdata          network.o
    0x08013c68   0x08013c68   0x00000008   Data   RO         4620    .constdata          network.o
    0x08013c70   0x08013c70   0x00000008   Data   RO         4621    .constdata          network.o
    0x08013c78   0x08013c78   0x00000008   Data   RO         4622    .constdata          network.o
    0x08013c80   0x08013c80   0x00000001   Data   RO         4623    .constdata          network.o
    0x08013c81   0x08013c81   0x00000003   PAD
    0x08013c84   0x08013c84   0x00000010   Data   RO         4624    .constdata          network.o
    0x08013c94   0x08013c94   0x00000008   Data   RO         4625    .constdata          network.o
    0x08013c9c   0x08013c9c   0x00000008   Data   RO         4626    .constdata          network.o
    0x08013ca4   0x08013ca4   0x00000008   Data   RO         4627    .constdata          network.o
    0x08013cac   0x08013cac   0x00000001   Data   RO         4628    .constdata          network.o
    0x08013cad   0x08013cad   0x00000003   PAD
    0x08013cb0   0x08013cb0   0x00000010   Data   RO         4629    .constdata          network.o
    0x08013cc0   0x08013cc0   0x00000008   Data   RO         4630    .constdata          network.o
    0x08013cc8   0x08013cc8   0x00000008   Data   RO         4631    .constdata          network.o
    0x08013cd0   0x08013cd0   0x00000008   Data   RO         4632    .constdata          network.o
    0x08013cd8   0x08013cd8   0x00000001   Data   RO         4633    .constdata          network.o
    0x08013cd9   0x08013cd9   0x00000003   PAD
    0x08013cdc   0x08013cdc   0x00000010   Data   RO         4634    .constdata          network.o
    0x08013cec   0x08013cec   0x00000008   Data   RO         4635    .constdata          network.o
    0x08013cf4   0x08013cf4   0x00000008   Data   RO         4636    .constdata          network.o
    0x08013cfc   0x08013cfc   0x00000008   Data   RO         4637    .constdata          network.o
    0x08013d04   0x08013d04   0x00000001   Data   RO         4638    .constdata          network.o
    0x08013d05   0x08013d05   0x00000003   PAD
    0x08013d08   0x08013d08   0x00000010   Data   RO         4639    .constdata          network.o
    0x08013d18   0x08013d18   0x00000008   Data   RO         4640    .constdata          network.o
    0x08013d20   0x08013d20   0x00000008   Data   RO         4641    .constdata          network.o
    0x08013d28   0x08013d28   0x00000008   Data   RO         4642    .constdata          network.o
    0x08013d30   0x08013d30   0x00000001   Data   RO         4643    .constdata          network.o
    0x08013d31   0x08013d31   0x00000003   PAD
    0x08013d34   0x08013d34   0x00000010   Data   RO         4644    .constdata          network.o
    0x08013d44   0x08013d44   0x00000008   Data   RO         4645    .constdata          network.o
    0x08013d4c   0x08013d4c   0x00000008   Data   RO         4646    .constdata          network.o
    0x08013d54   0x08013d54   0x00000008   Data   RO         4647    .constdata          network.o
    0x08013d5c   0x08013d5c   0x00000001   Data   RO         4648    .constdata          network.o
    0x08013d5d   0x08013d5d   0x00000003   PAD
    0x08013d60   0x08013d60   0x00000010   Data   RO         4649    .constdata          network.o
    0x08013d70   0x08013d70   0x00000008   Data   RO         4650    .constdata          network.o
    0x08013d78   0x08013d78   0x00000008   Data   RO         4651    .constdata          network.o
    0x08013d80   0x08013d80   0x00000008   Data   RO         4652    .constdata          network.o
    0x08013d88   0x08013d88   0x00000001   Data   RO         4653    .constdata          network.o
    0x08013d89   0x08013d89   0x00000003   PAD
    0x08013d8c   0x08013d8c   0x00000010   Data   RO         4654    .constdata          network.o
    0x08013d9c   0x08013d9c   0x00000008   Data   RO         4655    .constdata          network.o
    0x08013da4   0x08013da4   0x00000008   Data   RO         4656    .constdata          network.o
    0x08013dac   0x08013dac   0x00000008   Data   RO         4657    .constdata          network.o
    0x08013db4   0x08013db4   0x00000001   Data   RO         4658    .constdata          network.o
    0x08013db5   0x08013db5   0x00000003   PAD
    0x08013db8   0x08013db8   0x00000010   Data   RO         4659    .constdata          network.o
    0x08013dc8   0x08013dc8   0x00000008   Data   RO         4660    .constdata          network.o
    0x08013dd0   0x08013dd0   0x00000008   Data   RO         4661    .constdata          network.o
    0x08013dd8   0x08013dd8   0x00000008   Data   RO         4662    .constdata          network.o
    0x08013de0   0x08013de0   0x00000001   Data   RO         4663    .constdata          network.o
    0x08013de1   0x08013de1   0x00000003   PAD
    0x08013de4   0x08013de4   0x00000010   Data   RO         4664    .constdata          network.o
    0x08013df4   0x08013df4   0x00000008   Data   RO         4665    .constdata          network.o
    0x08013dfc   0x08013dfc   0x00000008   Data   RO         4666    .constdata          network.o
    0x08013e04   0x08013e04   0x00000068   Data   RO         5586    .constdata          network_data.o
    0x08013e6c   0x08013e6c   0x00000014   PAD
    0x08013e80   0x08013e80   0x00035830   Data   RO         5636    .constdata          network_data_params.o
    0x080496b0   0x080496b0   0x00000068   Data   RO         5740    .constdata          NetworkRuntime1020_CM7_Keil.lib(ai_platform_interface.o)
    0x08049718   0x08049718   0x00000088   Data   RO         7693    .constdata          m_wv.l(pow.o)
    0x080497a0   0x080497a0   0x00000008   Data   RO         8104    .constdata          m_wv.l(qnan.o)
    0x080497a8   0x080497a8   0x00000020   Data   RO         8162    Region$$Table       anon$$obj.o


    Execution Region RW_IRAM1 (Exec base: 0x20000000, Load base: 0x080497c8, Size: 0x00000000, Max: 0x00020000, ABSOLUTE)

    **** No section assigned to this execution region ****


    Execution Region RW_IRAM2 (Exec base: 0x24000000, Load base: 0x080497c8, Size: 0x00012668, Max: 0x00050000, ABSOLUTE, COMPRESSED[0x0000151c])

    Exec Addr    Load Addr    Size         Type   Attr      Idx    E Section Name        Object

    0x24000000   COMPRESSED   0x0000dcc0   Data   RW          568    .RAM_D1             main.o
    0x2400dcc0   COMPRESSED   0x00000010   Data   RW          571    .data               main.o
    0x2400dcd0   COMPRESSED   0x0000000c   Data   RW         2435    .data               stm32h7xx_hal.o
    0x2400dcdc   COMPRESSED   0x00000008   Data   RW         4233    .data               system_stm32h7xx.o
    0x2400dce4   COMPRESSED   0x00000010   Data   RW         4669    .data               network.o
    0x2400dcf4   COMPRESSED   0x00000010   Data   RW         4670    .data               network.o
    0x2400dd04   COMPRESSED   0x00000010   Data   RW         4671    .data               network.o
    0x2400dd14   COMPRESSED   0x00000010   Data   RW         4672    .data               network.o
    0x2400dd24   COMPRESSED   0x00000010   Data   RW         4673    .data               network.o
    0x2400dd34   COMPRESSED   0x00000010   Data   RW         4674    .data               network.o
    0x2400dd44   COMPRESSED   0x00000010   Data   RW         4675    .data               network.o
    0x2400dd54   COMPRESSED   0x00000010   Data   RW         4676    .data               network.o
    0x2400dd64   COMPRESSED   0x00000010   Data   RW         4677    .data               network.o
    0x2400dd74   COMPRESSED   0x00000010   Data   RW         4678    .data               network.o
    0x2400dd84   COMPRESSED   0x00000010   Data   RW         4679    .data               network.o
    0x2400dd94   COMPRESSED   0x00000010   Data   RW         4680    .data               network.o
    0x2400dda4   COMPRESSED   0x00000010   Data   RW         4681    .data               network.o
    0x2400ddb4   COMPRESSED   0x00000010   Data   RW         4682    .data               network.o
    0x2400ddc4   COMPRESSED   0x00000010   Data   RW         4683    .data               network.o
    0x2400ddd4   COMPRESSED   0x00000010   Data   RW         4684    .data               network.o
    0x2400dde4   COMPRESSED   0x00000010   Data   RW         4685    .data               network.o
    0x2400ddf4   COMPRESSED   0x00000010   Data   RW         4686    .data               network.o
    0x2400de04   COMPRESSED   0x00000010   Data   RW         4687    .data               network.o
    0x2400de14   COMPRESSED   0x00000010   Data   RW         4688    .data               network.o
    0x2400de24   COMPRESSED   0x00000010   Data   RW         4689    .data               network.o
    0x2400de34   COMPRESSED   0x00000010   Data   RW         4690    .data               network.o
    0x2400de44   COMPRESSED   0x00000010   Data   RW         4691    .data               network.o
    0x2400de54   COMPRESSED   0x00000010   Data   RW         4692    .data               network.o
    0x2400de64   COMPRESSED   0x00000010   Data   RW         4693    .data               network.o
    0x2400de74   COMPRESSED   0x00000010   Data   RW         4694    .data               network.o
    0x2400de84   COMPRESSED   0x00000010   Data   RW         4695    .data               network.o
    0x2400de94   COMPRESSED   0x00000010   Data   RW         4696    .data               network.o
    0x2400dea4   COMPRESSED   0x00000010   Data   RW         4697    .data               network.o
    0x2400deb4   COMPRESSED   0x00000010   Data   RW         4698    .data               network.o
    0x2400dec4   COMPRESSED   0x00000010   Data   RW         4699    .data               network.o
    0x2400ded4   COMPRESSED   0x00000010   Data   RW         4700    .data               network.o
    0x2400dee4   COMPRESSED   0x00000010   Data   RW         4701    .data               network.o
    0x2400def4   COMPRESSED   0x00000010   Data   RW         4702    .data               network.o
    0x2400df04   COMPRESSED   0x00000010   Data   RW         4703    .data               network.o
    0x2400df14   COMPRESSED   0x00000010   Data   RW         4704    .data               network.o
    0x2400df24   COMPRESSED   0x00000010   Data   RW         4705    .data               network.o
    0x2400df34   COMPRESSED   0x00000010   Data   RW         4706    .data               network.o
    0x2400df44   COMPRESSED   0x00000010   Data   RW         4707    .data               network.o
    0x2400df54   COMPRESSED   0x00000010   Data   RW         4708    .data               network.o
    0x2400df64   COMPRESSED   0x00000010   Data   RW         4709    .data               network.o
    0x2400df74   COMPRESSED   0x00000010   Data   RW         4710    .data               network.o
    0x2400df84   COMPRESSED   0x00000010   Data   RW         4711    .data               network.o
    0x2400df94   COMPRESSED   0x00000010   Data   RW         4712    .data               network.o
    0x2400dfa4   COMPRESSED   0x00000010   Data   RW         4713    .data               network.o
    0x2400dfb4   COMPRESSED   0x00000010   Data   RW         4714    .data               network.o
    0x2400dfc4   COMPRESSED   0x00000010   Data   RW         4715    .data               network.o
    0x2400dfd4   COMPRESSED   0x00000010   Data   RW         4716    .data               network.o
    0x2400dfe4   COMPRESSED   0x00000010   Data   RW         4717    .data               network.o
    0x2400dff4   COMPRESSED   0x00000010   Data   RW         4718    .data               network.o
    0x2400e004   COMPRESSED   0x00000010   Data   RW         4719    .data               network.o
    0x2400e014   COMPRESSED   0x00000010   Data   RW         4720    .data               network.o
    0x2400e024   COMPRESSED   0x00000010   Data   RW         4721    .data               network.o
    0x2400e034   COMPRESSED   0x00000010   Data   RW         4722    .data               network.o
    0x2400e044   COMPRESSED   0x00000010   Data   RW         4723    .data               network.o
    0x2400e054   COMPRESSED   0x00000010   Data   RW         4724    .data               network.o
    0x2400e064   COMPRESSED   0x00000010   Data   RW         4725    .data               network.o
    0x2400e074   COMPRESSED   0x00000010   Data   RW         4726    .data               network.o
    0x2400e084   COMPRESSED   0x00000010   Data   RW         4727    .data               network.o
    0x2400e094   COMPRESSED   0x00000010   Data   RW         4728    .data               network.o
    0x2400e0a4   COMPRESSED   0x00000010   Data   RW         4729    .data               network.o
    0x2400e0b4   COMPRESSED   0x00000010   Data   RW         4730    .data               network.o
    0x2400e0c4   COMPRESSED   0x00000010   Data   RW         4731    .data               network.o
    0x2400e0d4   COMPRESSED   0x00000010   Data   RW         4732    .data               network.o
    0x2400e0e4   COMPRESSED   0x00000010   Data   RW         4733    .data               network.o
    0x2400e0f4   COMPRESSED   0x00000010   Data   RW         4734    .data               network.o
    0x2400e104   COMPRESSED   0x00000010   Data   RW         4735    .data               network.o
    0x2400e114   COMPRESSED   0x00000010   Data   RW         4736    .data               network.o
    0x2400e124   COMPRESSED   0x00000010   Data   RW         4737    .data               network.o
    0x2400e134   COMPRESSED   0x00000010   Data   RW         4738    .data               network.o
    0x2400e144   COMPRESSED   0x00000010   Data   RW         4739    .data               network.o
    0x2400e154   COMPRESSED   0x00000010   Data   RW         4740    .data               network.o
    0x2400e164   COMPRESSED   0x00000010   Data   RW         4741    .data               network.o
    0x2400e174   COMPRESSED   0x00000010   Data   RW         4742    .data               network.o
    0x2400e184   COMPRESSED   0x00000010   Data   RW         4743    .data               network.o
    0x2400e194   COMPRESSED   0x00000010   Data   RW         4744    .data               network.o
    0x2400e1a4   COMPRESSED   0x00000010   Data   RW         4745    .data               network.o
    0x2400e1b4   COMPRESSED   0x00000010   Data   RW         4746    .data               network.o
    0x2400e1c4   COMPRESSED   0x00000010   Data   RW         4747    .data               network.o
    0x2400e1d4   COMPRESSED   0x00000010   Data   RW         4748    .data               network.o
    0x2400e1e4   COMPRESSED   0x00000010   Data   RW         4749    .data               network.o
    0x2400e1f4   COMPRESSED   0x00000010   Data   RW         4750    .data               network.o
    0x2400e204   COMPRESSED   0x00000010   Data   RW         4751    .data               network.o
    0x2400e214   COMPRESSED   0x00000010   Data   RW         4752    .data               network.o
    0x2400e224   COMPRESSED   0x00000010   Data   RW         4753    .data               network.o
    0x2400e234   COMPRESSED   0x00000010   Data   RW         4754    .data               network.o
    0x2400e244   COMPRESSED   0x00000010   Data   RW         4755    .data               network.o
    0x2400e254   COMPRESSED   0x00000010   Data   RW         4756    .data               network.o
    0x2400e264   COMPRESSED   0x00000010   Data   RW         4757    .data               network.o
    0x2400e274   COMPRESSED   0x00000010   Data   RW         4758    .data               network.o
    0x2400e284   COMPRESSED   0x00000010   Data   RW         4759    .data               network.o
    0x2400e294   COMPRESSED   0x00000010   Data   RW         4760    .data               network.o
    0x2400e2a4   COMPRESSED   0x00000010   Data   RW         4761    .data               network.o
    0x2400e2b4   COMPRESSED   0x00000010   Data   RW         4762    .data               network.o
    0x2400e2c4   COMPRESSED   0x00000010   Data   RW         4763    .data               network.o
    0x2400e2d4   COMPRESSED   0x00000010   Data   RW         4764    .data               network.o
    0x2400e2e4   COMPRESSED   0x00000010   Data   RW         4765    .data               network.o
    0x2400e2f4   COMPRESSED   0x00000010   Data   RW         4766    .data               network.o
    0x2400e304   COMPRESSED   0x00000010   Data   RW         4767    .data               network.o
    0x2400e314   COMPRESSED   0x00000010   Data   RW         4768    .data               network.o
    0x2400e324   COMPRESSED   0x00000010   Data   RW         4769    .data               network.o
    0x2400e334   COMPRESSED   0x00000010   Data   RW         4770    .data               network.o
    0x2400e344   COMPRESSED   0x00000010   Data   RW         4771    .data               network.o
    0x2400e354   COMPRESSED   0x00000010   Data   RW         4772    .data               network.o
    0x2400e364   COMPRESSED   0x00000010   Data   RW         4773    .data               network.o
    0x2400e374   COMPRESSED   0x00000010   Data   RW         4774    .data               network.o
    0x2400e384   COMPRESSED   0x00000010   Data   RW         4775    .data               network.o
    0x2400e394   COMPRESSED   0x00000010   Data   RW         4776    .data               network.o
    0x2400e3a4   COMPRESSED   0x00000010   Data   RW         4777    .data               network.o
    0x2400e3b4   COMPRESSED   0x00000010   Data   RW         4778    .data               network.o
    0x2400e3c4   COMPRESSED   0x00000010   Data   RW         4779    .data               network.o
    0x2400e3d4   COMPRESSED   0x00000010   Data   RW         4780    .data               network.o
    0x2400e3e4   COMPRESSED   0x00000010   Data   RW         4781    .data               network.o
    0x2400e3f4   COMPRESSED   0x00000010   Data   RW         4782    .data               network.o
    0x2400e404   COMPRESSED   0x00000010   Data   RW         4783    .data               network.o
    0x2400e414   COMPRESSED   0x00000010   Data   RW         4784    .data               network.o
    0x2400e424   COMPRESSED   0x00000010   Data   RW         4785    .data               network.o
    0x2400e434   COMPRESSED   0x00000010   Data   RW         4786    .data               network.o
    0x2400e444   COMPRESSED   0x00000010   Data   RW         4787    .data               network.o
    0x2400e454   COMPRESSED   0x00000010   Data   RW         4788    .data               network.o
    0x2400e464   COMPRESSED   0x00000010   Data   RW         4789    .data               network.o
    0x2400e474   COMPRESSED   0x00000010   Data   RW         4790    .data               network.o
    0x2400e484   COMPRESSED   0x00000010   Data   RW         4791    .data               network.o
    0x2400e494   COMPRESSED   0x00000010   Data   RW         4792    .data               network.o
    0x2400e4a4   COMPRESSED   0x00000010   Data   RW         4793    .data               network.o
    0x2400e4b4   COMPRESSED   0x00000010   Data   RW         4794    .data               network.o
    0x2400e4c4   COMPRESSED   0x00000010   Data   RW         4795    .data               network.o
    0x2400e4d4   COMPRESSED   0x00000010   Data   RW         4796    .data               network.o
    0x2400e4e4   COMPRESSED   0x00000010   Data   RW         4797    .data               network.o
    0x2400e4f4   COMPRESSED   0x00000010   Data   RW         4798    .data               network.o
    0x2400e504   COMPRESSED   0x00000010   Data   RW         4799    .data               network.o
    0x2400e514   COMPRESSED   0x00000010   Data   RW         4800    .data               network.o
    0x2400e524   COMPRESSED   0x00000010   Data   RW         4801    .data               network.o
    0x2400e534   COMPRESSED   0x00000010   Data   RW         4802    .data               network.o
    0x2400e544   COMPRESSED   0x00000010   Data   RW         4803    .data               network.o
    0x2400e554   COMPRESSED   0x00000010   Data   RW         4804    .data               network.o
    0x2400e564   COMPRESSED   0x00000010   Data   RW         4805    .data               network.o
    0x2400e574   COMPRESSED   0x00000010   Data   RW         4806    .data               network.o
    0x2400e584   COMPRESSED   0x00000010   Data   RW         4807    .data               network.o
    0x2400e594   COMPRESSED   0x00000010   Data   RW         4808    .data               network.o
    0x2400e5a4   COMPRESSED   0x00000010   Data   RW         4809    .data               network.o
    0x2400e5b4   COMPRESSED   0x00000010   Data   RW         4810    .data               network.o
    0x2400e5c4   COMPRESSED   0x00000010   Data   RW         4811    .data               network.o
    0x2400e5d4   COMPRESSED   0x00000010   Data   RW         4812    .data               network.o
    0x2400e5e4   COMPRESSED   0x00000010   Data   RW         4813    .data               network.o
    0x2400e5f4   COMPRESSED   0x00000010   Data   RW         4814    .data               network.o
    0x2400e604   COMPRESSED   0x00000010   Data   RW         4815    .data               network.o
    0x2400e614   COMPRESSED   0x00000010   Data   RW         4816    .data               network.o
    0x2400e624   COMPRESSED   0x00000010   Data   RW         4817    .data               network.o
    0x2400e634   COMPRESSED   0x00000010   Data   RW         4818    .data               network.o
    0x2400e644   COMPRESSED   0x00000010   Data   RW         4819    .data               network.o
    0x2400e654   COMPRESSED   0x00000010   Data   RW         4820    .data               network.o
    0x2400e664   COMPRESSED   0x00000010   Data   RW         4821    .data               network.o
    0x2400e674   COMPRESSED   0x00000010   Data   RW         4822    .data               network.o
    0x2400e684   COMPRESSED   0x00000010   Data   RW         4823    .data               network.o
    0x2400e694   COMPRESSED   0x00000010   Data   RW         4824    .data               network.o
    0x2400e6a4   COMPRESSED   0x00000010   Data   RW         4825    .data               network.o
    0x2400e6b4   COMPRESSED   0x00000010   Data   RW         4826    .data               network.o
    0x2400e6c4   COMPRESSED   0x00000010   Data   RW         4827    .data               network.o
    0x2400e6d4   COMPRESSED   0x00000010   Data   RW         4828    .data               network.o
    0x2400e6e4   COMPRESSED   0x00000010   Data   RW         4829    .data               network.o
    0x2400e6f4   COMPRESSED   0x00000010   Data   RW         4830    .data               network.o
    0x2400e704   COMPRESSED   0x00000010   Data   RW         4831    .data               network.o
    0x2400e714   COMPRESSED   0x00000010   Data   RW         4832    .data               network.o
    0x2400e724   COMPRESSED   0x00000010   Data   RW         4833    .data               network.o
    0x2400e734   COMPRESSED   0x00000010   Data   RW         4834    .data               network.o
    0x2400e744   COMPRESSED   0x00000010   Data   RW         4835    .data               network.o
    0x2400e754   COMPRESSED   0x00000010   Data   RW         4836    .data               network.o
    0x2400e764   COMPRESSED   0x00000010   Data   RW         4837    .data               network.o
    0x2400e774   COMPRESSED   0x00000010   Data   RW         4838    .data               network.o
    0x2400e784   COMPRESSED   0x00000010   Data   RW         4839    .data               network.o
    0x2400e794   COMPRESSED   0x00000010   Data   RW         4840    .data               network.o
    0x2400e7a4   COMPRESSED   0x00000010   Data   RW         4841    .data               network.o
    0x2400e7b4   COMPRESSED   0x00000010   Data   RW         4842    .data               network.o
    0x2400e7c4   COMPRESSED   0x00000010   Data   RW         4843    .data               network.o
    0x2400e7d4   COMPRESSED   0x00000010   Data   RW         4844    .data               network.o
    0x2400e7e4   COMPRESSED   0x00000010   Data   RW         4845    .data               network.o
    0x2400e7f4   COMPRESSED   0x00000010   Data   RW         4846    .data               network.o
    0x2400e804   COMPRESSED   0x00000010   Data   RW         4847    .data               network.o
    0x2400e814   COMPRESSED   0x00000010   Data   RW         4848    .data               network.o
    0x2400e824   COMPRESSED   0x00000010   Data   RW         4849    .data               network.o
    0x2400e834   COMPRESSED   0x00000010   Data   RW         4850    .data               network.o
    0x2400e844   COMPRESSED   0x00000010   Data   RW         4851    .data               network.o
    0x2400e854   COMPRESSED   0x00000010   Data   RW         4852    .data               network.o
    0x2400e864   COMPRESSED   0x00000010   Data   RW         4853    .data               network.o
    0x2400e874   COMPRESSED   0x00000010   Data   RW         4854    .data               network.o
    0x2400e884   COMPRESSED   0x00000010   Data   RW         4855    .data               network.o
    0x2400e894   COMPRESSED   0x00000010   Data   RW         4856    .data               network.o
    0x2400e8a4   COMPRESSED   0x00000010   Data   RW         4857    .data               network.o
    0x2400e8b4   COMPRESSED   0x00000010   Data   RW         4858    .data               network.o
    0x2400e8c4   COMPRESSED   0x00000010   Data   RW         4859    .data               network.o
    0x2400e8d4   COMPRESSED   0x00000010   Data   RW         4860    .data               network.o
    0x2400e8e4   COMPRESSED   0x00000010   Data   RW         4861    .data               network.o
    0x2400e8f4   COMPRESSED   0x00000010   Data   RW         4862    .data               network.o
    0x2400e904   COMPRESSED   0x00000010   Data   RW         4863    .data               network.o
    0x2400e914   COMPRESSED   0x00000010   Data   RW         4864    .data               network.o
    0x2400e924   COMPRESSED   0x00000010   Data   RW         4865    .data               network.o
    0x2400e934   COMPRESSED   0x00000010   Data   RW         4866    .data               network.o
    0x2400e944   COMPRESSED   0x00000010   Data   RW         4867    .data               network.o
    0x2400e954   COMPRESSED   0x00000010   Data   RW         4868    .data               network.o
    0x2400e964   COMPRESSED   0x00000010   Data   RW         4869    .data               network.o
    0x2400e974   COMPRESSED   0x00000010   Data   RW         4870    .data               network.o
    0x2400e984   COMPRESSED   0x00000010   Data   RW         4871    .data               network.o
    0x2400e994   COMPRESSED   0x00000010   Data   RW         4872    .data               network.o
    0x2400e9a4   COMPRESSED   0x00000010   Data   RW         4873    .data               network.o
    0x2400e9b4   COMPRESSED   0x00000010   Data   RW         4874    .data               network.o
    0x2400e9c4   COMPRESSED   0x00000010   Data   RW         4875    .data               network.o
    0x2400e9d4   COMPRESSED   0x00000010   Data   RW         4876    .data               network.o
    0x2400e9e4   COMPRESSED   0x00000010   Data   RW         4877    .data               network.o
    0x2400e9f4   COMPRESSED   0x00000010   Data   RW         4878    .data               network.o
    0x2400ea04   COMPRESSED   0x00000010   Data   RW         4879    .data               network.o
    0x2400ea14   COMPRESSED   0x00000010   Data   RW         4880    .data               network.o
    0x2400ea24   COMPRESSED   0x00000010   Data   RW         4881    .data               network.o
    0x2400ea34   COMPRESSED   0x00000010   Data   RW         4882    .data               network.o
    0x2400ea44   COMPRESSED   0x00000010   Data   RW         4883    .data               network.o
    0x2400ea54   COMPRESSED   0x00000010   Data   RW         4884    .data               network.o
    0x2400ea64   COMPRESSED   0x00000010   Data   RW         4885    .data               network.o
    0x2400ea74   COMPRESSED   0x00000010   Data   RW         4886    .data               network.o
    0x2400ea84   COMPRESSED   0x00000010   Data   RW         4887    .data               network.o
    0x2400ea94   COMPRESSED   0x00000010   Data   RW         4888    .data               network.o
    0x2400eaa4   COMPRESSED   0x00000010   Data   RW         4889    .data               network.o
    0x2400eab4   COMPRESSED   0x00000010   Data   RW         4890    .data               network.o
    0x2400eac4   COMPRESSED   0x00000010   Data   RW         4891    .data               network.o
    0x2400ead4   COMPRESSED   0x00000010   Data   RW         4892    .data               network.o
    0x2400eae4   COMPRESSED   0x00000010   Data   RW         4893    .data               network.o
    0x2400eaf4   COMPRESSED   0x00000010   Data   RW         4894    .data               network.o
    0x2400eb04   COMPRESSED   0x00000010   Data   RW         4895    .data               network.o
    0x2400eb14   COMPRESSED   0x00000010   Data   RW         4896    .data               network.o
    0x2400eb24   COMPRESSED   0x00000010   Data   RW         4897    .data               network.o
    0x2400eb34   COMPRESSED   0x00000010   Data   RW         4898    .data               network.o
    0x2400eb44   COMPRESSED   0x00000010   Data   RW         4899    .data               network.o
    0x2400eb54   COMPRESSED   0x00000010   Data   RW         4900    .data               network.o
    0x2400eb64   COMPRESSED   0x00000010   Data   RW         4901    .data               network.o
    0x2400eb74   COMPRESSED   0x00000010   Data   RW         4902    .data               network.o
    0x2400eb84   COMPRESSED   0x00000010   Data   RW         4903    .data               network.o
    0x2400eb94   COMPRESSED   0x00000010   Data   RW         4904    .data               network.o
    0x2400eba4   COMPRESSED   0x00000010   Data   RW         4905    .data               network.o
    0x2400ebb4   COMPRESSED   0x00000010   Data   RW         4906    .data               network.o
    0x2400ebc4   COMPRESSED   0x00000010   Data   RW         4907    .data               network.o
    0x2400ebd4   COMPRESSED   0x00000010   Data   RW         4908    .data               network.o
    0x2400ebe4   COMPRESSED   0x00000010   Data   RW         4909    .data               network.o
    0x2400ebf4   COMPRESSED   0x00000010   Data   RW         4910    .data               network.o
    0x2400ec04   COMPRESSED   0x00000010   Data   RW         4911    .data               network.o
    0x2400ec14   COMPRESSED   0x00000010   Data   RW         4912    .data               network.o
    0x2400ec24   COMPRESSED   0x00000010   Data   RW         4913    .data               network.o
    0x2400ec34   COMPRESSED   0x00000010   Data   RW         4914    .data               network.o
    0x2400ec44   COMPRESSED   0x00000010   Data   RW         4915    .data               network.o
    0x2400ec54   COMPRESSED   0x00000010   Data   RW         4916    .data               network.o
    0x2400ec64   COMPRESSED   0x00000010   Data   RW         4917    .data               network.o
    0x2400ec74   COMPRESSED   0x00000010   Data   RW         4918    .data               network.o
    0x2400ec84   COMPRESSED   0x00000010   Data   RW         4919    .data               network.o
    0x2400ec94   COMPRESSED   0x00000010   Data   RW         4920    .data               network.o
    0x2400eca4   COMPRESSED   0x00000010   Data   RW         4921    .data               network.o
    0x2400ecb4   COMPRESSED   0x00000010   Data   RW         4922    .data               network.o
    0x2400ecc4   COMPRESSED   0x00000010   Data   RW         4923    .data               network.o
    0x2400ecd4   COMPRESSED   0x00000010   Data   RW         4924    .data               network.o
    0x2400ece4   COMPRESSED   0x00000010   Data   RW         4925    .data               network.o
    0x2400ecf4   COMPRESSED   0x00000010   Data   RW         4926    .data               network.o
    0x2400ed04   COMPRESSED   0x00000004   Data   RW         4927    .data               network.o
    0x2400ed08   COMPRESSED   0x00000004   Data   RW         4928    .data               network.o
    0x2400ed0c   COMPRESSED   0x00000004   Data   RW         4929    .data               network.o
    0x2400ed10   COMPRESSED   0x00000004   Data   RW         4930    .data               network.o
    0x2400ed14   COMPRESSED   0x00000030   Data   RW         4931    .data               network.o
    0x2400ed44   COMPRESSED   0x00000004   Data   RW         4932    .data               network.o
    0x2400ed48   COMPRESSED   0x00000004   Data   RW         4933    .data               network.o
    0x2400ed4c   COMPRESSED   0x00000008   Data   RW         4934    .data               network.o
    0x2400ed54   COMPRESSED   0x00000004   Data   RW         4935    .data               network.o
    0x2400ed58   COMPRESSED   0x00000030   Data   RW         4936    .data               network.o
    0x2400ed88   COMPRESSED   0x00000004   Data   RW         4937    .data               network.o
    0x2400ed8c   COMPRESSED   0x00000004   Data   RW         4938    .data               network.o
    0x2400ed90   COMPRESSED   0x00000004   Data   RW         4939    .data               network.o
    0x2400ed94   COMPRESSED   0x00000004   Data   RW         4940    .data               network.o
    0x2400ed98   COMPRESSED   0x00000030   Data   RW         4941    .data               network.o
    0x2400edc8   COMPRESSED   0x00000004   Data   RW         4942    .data               network.o
    0x2400edcc   COMPRESSED   0x00000004   Data   RW         4943    .data               network.o
    0x2400edd0   COMPRESSED   0x0000000c   Data   RW         4944    .data               network.o
    0x2400eddc   COMPRESSED   0x00000004   Data   RW         4945    .data               network.o
    0x2400ede0   COMPRESSED   0x00000030   Data   RW         4946    .data               network.o
    0x2400ee10   COMPRESSED   0x00000004   Data   RW         4947    .data               network.o
    0x2400ee14   COMPRESSED   0x00000004   Data   RW         4948    .data               network.o
    0x2400ee18   COMPRESSED   0x0000000c   Data   RW         4949    .data               network.o
    0x2400ee24   COMPRESSED   0x00000004   Data   RW         4950    .data               network.o
    0x2400ee28   COMPRESSED   0x00000030   Data   RW         4951    .data               network.o
    0x2400ee58   COMPRESSED   0x00000004   Data   RW         4952    .data               network.o
    0x2400ee5c   COMPRESSED   0x00000004   Data   RW         4953    .data               network.o
    0x2400ee60   COMPRESSED   0x00000004   Data   RW         4954    .data               network.o
    0x2400ee64   COMPRESSED   0x00000004   Data   RW         4955    .data               network.o
    0x2400ee68   COMPRESSED   0x00000030   Data   RW         4956    .data               network.o
    0x2400ee98   COMPRESSED   0x00000010   Data   RW         4957    .data               network.o
    0x2400eea8   COMPRESSED   0x00000004   Data   RW         4958    .data               network.o
    0x2400eeac   COMPRESSED   0x00000004   Data   RW         4959    .data               network.o
    0x2400eeb0   COMPRESSED   0x0000000c   Data   RW         4960    .data               network.o
    0x2400eebc   COMPRESSED   0x00000004   Data   RW         4961    .data               network.o
    0x2400eec0   COMPRESSED   0x00000030   Data   RW         4962    .data               network.o
    0x2400eef0   COMPRESSED   0x00000004   Data   RW         4963    .data               network.o
    0x2400eef4   COMPRESSED   0x00000004   Data   RW         4964    .data               network.o
    0x2400eef8   COMPRESSED   0x0000000c   Data   RW         4965    .data               network.o
    0x2400ef04   COMPRESSED   0x00000004   Data   RW         4966    .data               network.o
    0x2400ef08   COMPRESSED   0x00000030   Data   RW         4967    .data               network.o
    0x2400ef38   COMPRESSED   0x00000004   Data   RW         4968    .data               network.o
    0x2400ef3c   COMPRESSED   0x00000004   Data   RW         4969    .data               network.o
    0x2400ef40   COMPRESSED   0x00000004   Data   RW         4970    .data               network.o
    0x2400ef44   COMPRESSED   0x00000004   Data   RW         4971    .data               network.o
    0x2400ef48   COMPRESSED   0x00000030   Data   RW         4972    .data               network.o
    0x2400ef78   COMPRESSED   0x00000010   Data   RW         4973    .data               network.o
    0x2400ef88   COMPRESSED   0x00000004   Data   RW         4974    .data               network.o
    0x2400ef8c   COMPRESSED   0x00000004   Data   RW         4975    .data               network.o
    0x2400ef90   COMPRESSED   0x0000000c   Data   RW         4976    .data               network.o
    0x2400ef9c   COMPRESSED   0x00000004   Data   RW         4977    .data               network.o
    0x2400efa0   COMPRESSED   0x00000030   Data   RW         4978    .data               network.o
    0x2400efd0   COMPRESSED   0x00000004   Data   RW         4979    .data               network.o
    0x2400efd4   COMPRESSED   0x00000004   Data   RW         4980    .data               network.o
    0x2400efd8   COMPRESSED   0x0000000c   Data   RW         4981    .data               network.o
    0x2400efe4   COMPRESSED   0x00000004   Data   RW         4982    .data               network.o
    0x2400efe8   COMPRESSED   0x00000030   Data   RW         4983    .data               network.o
    0x2400f018   COMPRESSED   0x00000004   Data   RW         4984    .data               network.o
    0x2400f01c   COMPRESSED   0x00000004   Data   RW         4985    .data               network.o
    0x2400f020   COMPRESSED   0x00000004   Data   RW         4986    .data               network.o
    0x2400f024   COMPRESSED   0x00000004   Data   RW         4987    .data               network.o
    0x2400f028   COMPRESSED   0x00000030   Data   RW         4988    .data               network.o
    0x2400f058   COMPRESSED   0x00000010   Data   RW         4989    .data               network.o
    0x2400f068   COMPRESSED   0x00000004   Data   RW         4990    .data               network.o
    0x2400f06c   COMPRESSED   0x00000004   Data   RW         4991    .data               network.o
    0x2400f070   COMPRESSED   0x0000000c   Data   RW         4992    .data               network.o
    0x2400f07c   COMPRESSED   0x00000004   Data   RW         4993    .data               network.o
    0x2400f080   COMPRESSED   0x00000030   Data   RW         4994    .data               network.o
    0x2400f0b0   COMPRESSED   0x00000004   Data   RW         4995    .data               network.o
    0x2400f0b4   COMPRESSED   0x00000004   Data   RW         4996    .data               network.o
    0x2400f0b8   COMPRESSED   0x0000000c   Data   RW         4997    .data               network.o
    0x2400f0c4   COMPRESSED   0x00000004   Data   RW         4998    .data               network.o
    0x2400f0c8   COMPRESSED   0x00000030   Data   RW         4999    .data               network.o
    0x2400f0f8   COMPRESSED   0x00000004   Data   RW         5000    .data               network.o
    0x2400f0fc   COMPRESSED   0x00000004   Data   RW         5001    .data               network.o
    0x2400f100   COMPRESSED   0x00000004   Data   RW         5002    .data               network.o
    0x2400f104   COMPRESSED   0x00000004   Data   RW         5003    .data               network.o
    0x2400f108   COMPRESSED   0x00000030   Data   RW         5004    .data               network.o
    0x2400f138   COMPRESSED   0x00000010   Data   RW         5005    .data               network.o
    0x2400f148   COMPRESSED   0x00000004   Data   RW         5006    .data               network.o
    0x2400f14c   COMPRESSED   0x00000004   Data   RW         5007    .data               network.o
    0x2400f150   COMPRESSED   0x0000000c   Data   RW         5008    .data               network.o
    0x2400f15c   COMPRESSED   0x00000004   Data   RW         5009    .data               network.o
    0x2400f160   COMPRESSED   0x00000030   Data   RW         5010    .data               network.o
    0x2400f190   COMPRESSED   0x00000004   Data   RW         5011    .data               network.o
    0x2400f194   COMPRESSED   0x00000004   Data   RW         5012    .data               network.o
    0x2400f198   COMPRESSED   0x0000000c   Data   RW         5013    .data               network.o
    0x2400f1a4   COMPRESSED   0x00000004   Data   RW         5014    .data               network.o
    0x2400f1a8   COMPRESSED   0x00000030   Data   RW         5015    .data               network.o
    0x2400f1d8   COMPRESSED   0x00000004   Data   RW         5016    .data               network.o
    0x2400f1dc   COMPRESSED   0x00000004   Data   RW         5017    .data               network.o
    0x2400f1e0   COMPRESSED   0x00000004   Data   RW         5018    .data               network.o
    0x2400f1e4   COMPRESSED   0x00000004   Data   RW         5019    .data               network.o
    0x2400f1e8   COMPRESSED   0x00000030   Data   RW         5020    .data               network.o
    0x2400f218   COMPRESSED   0x00000010   Data   RW         5021    .data               network.o
    0x2400f228   COMPRESSED   0x00000004   Data   RW         5022    .data               network.o
    0x2400f22c   COMPRESSED   0x00000004   Data   RW         5023    .data               network.o
    0x2400f230   COMPRESSED   0x0000000c   Data   RW         5024    .data               network.o
    0x2400f23c   COMPRESSED   0x00000004   Data   RW         5025    .data               network.o
    0x2400f240   COMPRESSED   0x00000030   Data   RW         5026    .data               network.o
    0x2400f270   COMPRESSED   0x00000004   Data   RW         5027    .data               network.o
    0x2400f274   COMPRESSED   0x00000004   Data   RW         5028    .data               network.o
    0x2400f278   COMPRESSED   0x0000000c   Data   RW         5029    .data               network.o
    0x2400f284   COMPRESSED   0x00000004   Data   RW         5030    .data               network.o
    0x2400f288   COMPRESSED   0x00000030   Data   RW         5031    .data               network.o
    0x2400f2b8   COMPRESSED   0x00000004   Data   RW         5032    .data               network.o
    0x2400f2bc   COMPRESSED   0x00000004   Data   RW         5033    .data               network.o
    0x2400f2c0   COMPRESSED   0x00000004   Data   RW         5034    .data               network.o
    0x2400f2c4   COMPRESSED   0x00000004   Data   RW         5035    .data               network.o
    0x2400f2c8   COMPRESSED   0x00000030   Data   RW         5036    .data               network.o
    0x2400f2f8   COMPRESSED   0x00000010   Data   RW         5037    .data               network.o
    0x2400f308   COMPRESSED   0x00000004   Data   RW         5038    .data               network.o
    0x2400f30c   COMPRESSED   0x00000004   Data   RW         5039    .data               network.o
    0x2400f310   COMPRESSED   0x0000000c   Data   RW         5040    .data               network.o
    0x2400f31c   COMPRESSED   0x00000004   Data   RW         5041    .data               network.o
    0x2400f320   COMPRESSED   0x00000030   Data   RW         5042    .data               network.o
    0x2400f350   COMPRESSED   0x00000004   Data   RW         5043    .data               network.o
    0x2400f354   COMPRESSED   0x00000004   Data   RW         5044    .data               network.o
    0x2400f358   COMPRESSED   0x0000000c   Data   RW         5045    .data               network.o
    0x2400f364   COMPRESSED   0x00000004   Data   RW         5046    .data               network.o
    0x2400f368   COMPRESSED   0x00000030   Data   RW         5047    .data               network.o
    0x2400f398   COMPRESSED   0x00000004   Data   RW         5048    .data               network.o
    0x2400f39c   COMPRESSED   0x00000004   Data   RW         5049    .data               network.o
    0x2400f3a0   COMPRESSED   0x00000004   Data   RW         5050    .data               network.o
    0x2400f3a4   COMPRESSED   0x00000004   Data   RW         5051    .data               network.o
    0x2400f3a8   COMPRESSED   0x00000030   Data   RW         5052    .data               network.o
    0x2400f3d8   COMPRESSED   0x00000010   Data   RW         5053    .data               network.o
    0x2400f3e8   COMPRESSED   0x00000004   Data   RW         5054    .data               network.o
    0x2400f3ec   COMPRESSED   0x00000004   Data   RW         5055    .data               network.o
    0x2400f3f0   COMPRESSED   0x0000000c   Data   RW         5056    .data               network.o
    0x2400f3fc   COMPRESSED   0x00000004   Data   RW         5057    .data               network.o
    0x2400f400   COMPRESSED   0x00000030   Data   RW         5058    .data               network.o
    0x2400f430   COMPRESSED   0x00000004   Data   RW         5059    .data               network.o
    0x2400f434   COMPRESSED   0x00000004   Data   RW         5060    .data               network.o
    0x2400f438   COMPRESSED   0x0000000c   Data   RW         5061    .data               network.o
    0x2400f444   COMPRESSED   0x00000004   Data   RW         5062    .data               network.o
    0x2400f448   COMPRESSED   0x00000030   Data   RW         5063    .data               network.o
    0x2400f478   COMPRESSED   0x00000004   Data   RW         5064    .data               network.o
    0x2400f47c   COMPRESSED   0x00000004   Data   RW         5065    .data               network.o
    0x2400f480   COMPRESSED   0x00000004   Data   RW         5066    .data               network.o
    0x2400f484   COMPRESSED   0x00000004   Data   RW         5067    .data               network.o
    0x2400f488   COMPRESSED   0x00000030   Data   RW         5068    .data               network.o
    0x2400f4b8   COMPRESSED   0x00000010   Data   RW         5069    .data               network.o
    0x2400f4c8   COMPRESSED   0x00000004   Data   RW         5070    .data               network.o
    0x2400f4cc   COMPRESSED   0x00000004   Data   RW         5071    .data               network.o
    0x2400f4d0   COMPRESSED   0x0000000c   Data   RW         5072    .data               network.o
    0x2400f4dc   COMPRESSED   0x00000004   Data   RW         5073    .data               network.o
    0x2400f4e0   COMPRESSED   0x00000030   Data   RW         5074    .data               network.o
    0x2400f510   COMPRESSED   0x00000004   Data   RW         5075    .data               network.o
    0x2400f514   COMPRESSED   0x00000004   Data   RW         5076    .data               network.o
    0x2400f518   COMPRESSED   0x0000000c   Data   RW         5077    .data               network.o
    0x2400f524   COMPRESSED   0x00000004   Data   RW         5078    .data               network.o
    0x2400f528   COMPRESSED   0x00000030   Data   RW         5079    .data               network.o
    0x2400f558   COMPRESSED   0x00000004   Data   RW         5080    .data               network.o
    0x2400f55c   COMPRESSED   0x00000004   Data   RW         5081    .data               network.o
    0x2400f560   COMPRESSED   0x00000004   Data   RW         5082    .data               network.o
    0x2400f564   COMPRESSED   0x00000004   Data   RW         5083    .data               network.o
    0x2400f568   COMPRESSED   0x00000030   Data   RW         5084    .data               network.o
    0x2400f598   COMPRESSED   0x00000010   Data   RW         5085    .data               network.o
    0x2400f5a8   COMPRESSED   0x00000004   Data   RW         5086    .data               network.o
    0x2400f5ac   COMPRESSED   0x00000004   Data   RW         5087    .data               network.o
    0x2400f5b0   COMPRESSED   0x0000000c   Data   RW         5088    .data               network.o
    0x2400f5bc   COMPRESSED   0x00000004   Data   RW         5089    .data               network.o
    0x2400f5c0   COMPRESSED   0x00000030   Data   RW         5090    .data               network.o
    0x2400f5f0   COMPRESSED   0x00000004   Data   RW         5091    .data               network.o
    0x2400f5f4   COMPRESSED   0x00000004   Data   RW         5092    .data               network.o
    0x2400f5f8   COMPRESSED   0x0000000c   Data   RW         5093    .data               network.o
    0x2400f604   COMPRESSED   0x00000004   Data   RW         5094    .data               network.o
    0x2400f608   COMPRESSED   0x00000030   Data   RW         5095    .data               network.o
    0x2400f638   COMPRESSED   0x00000004   Data   RW         5096    .data               network.o
    0x2400f63c   COMPRESSED   0x00000004   Data   RW         5097    .data               network.o
    0x2400f640   COMPRESSED   0x00000004   Data   RW         5098    .data               network.o
    0x2400f644   COMPRESSED   0x00000004   Data   RW         5099    .data               network.o
    0x2400f648   COMPRESSED   0x00000030   Data   RW         5100    .data               network.o
    0x2400f678   COMPRESSED   0x00000010   Data   RW         5101    .data               network.o
    0x2400f688   COMPRESSED   0x00000004   Data   RW         5102    .data               network.o
    0x2400f68c   COMPRESSED   0x00000004   Data   RW         5103    .data               network.o
    0x2400f690   COMPRESSED   0x0000000c   Data   RW         5104    .data               network.o
    0x2400f69c   COMPRESSED   0x00000004   Data   RW         5105    .data               network.o
    0x2400f6a0   COMPRESSED   0x00000030   Data   RW         5106    .data               network.o
    0x2400f6d0   COMPRESSED   0x00000004   Data   RW         5107    .data               network.o
    0x2400f6d4   COMPRESSED   0x00000004   Data   RW         5108    .data               network.o
    0x2400f6d8   COMPRESSED   0x0000000c   Data   RW         5109    .data               network.o
    0x2400f6e4   COMPRESSED   0x00000004   Data   RW         5110    .data               network.o
    0x2400f6e8   COMPRESSED   0x00000030   Data   RW         5111    .data               network.o
    0x2400f718   COMPRESSED   0x00000004   Data   RW         5112    .data               network.o
    0x2400f71c   COMPRESSED   0x00000004   Data   RW         5113    .data               network.o
    0x2400f720   COMPRESSED   0x00000004   Data   RW         5114    .data               network.o
    0x2400f724   COMPRESSED   0x00000004   Data   RW         5115    .data               network.o
    0x2400f728   COMPRESSED   0x00000030   Data   RW         5116    .data               network.o
    0x2400f758   COMPRESSED   0x00000010   Data   RW         5117    .data               network.o
    0x2400f768   COMPRESSED   0x00000004   Data   RW         5118    .data               network.o
    0x2400f76c   COMPRESSED   0x00000004   Data   RW         5119    .data               network.o
    0x2400f770   COMPRESSED   0x0000000c   Data   RW         5120    .data               network.o
    0x2400f77c   COMPRESSED   0x00000004   Data   RW         5121    .data               network.o
    0x2400f780   COMPRESSED   0x00000030   Data   RW         5122    .data               network.o
    0x2400f7b0   COMPRESSED   0x00000004   Data   RW         5123    .data               network.o
    0x2400f7b4   COMPRESSED   0x00000004   Data   RW         5124    .data               network.o
    0x2400f7b8   COMPRESSED   0x0000000c   Data   RW         5125    .data               network.o
    0x2400f7c4   COMPRESSED   0x00000004   Data   RW         5126    .data               network.o
    0x2400f7c8   COMPRESSED   0x00000030   Data   RW         5127    .data               network.o
    0x2400f7f8   COMPRESSED   0x00000004   Data   RW         5128    .data               network.o
    0x2400f7fc   COMPRESSED   0x00000004   Data   RW         5129    .data               network.o
    0x2400f800   COMPRESSED   0x00000004   Data   RW         5130    .data               network.o
    0x2400f804   COMPRESSED   0x00000004   Data   RW         5131    .data               network.o
    0x2400f808   COMPRESSED   0x00000030   Data   RW         5132    .data               network.o
    0x2400f838   COMPRESSED   0x00000010   Data   RW         5133    .data               network.o
    0x2400f848   COMPRESSED   0x00000004   Data   RW         5134    .data               network.o
    0x2400f84c   COMPRESSED   0x00000004   Data   RW         5135    .data               network.o
    0x2400f850   COMPRESSED   0x0000000c   Data   RW         5136    .data               network.o
    0x2400f85c   COMPRESSED   0x00000004   Data   RW         5137    .data               network.o
    0x2400f860   COMPRESSED   0x00000030   Data   RW         5138    .data               network.o
    0x2400f890   COMPRESSED   0x00000004   Data   RW         5139    .data               network.o
    0x2400f894   COMPRESSED   0x00000004   Data   RW         5140    .data               network.o
    0x2400f898   COMPRESSED   0x0000000c   Data   RW         5141    .data               network.o
    0x2400f8a4   COMPRESSED   0x00000004   Data   RW         5142    .data               network.o
    0x2400f8a8   COMPRESSED   0x00000030   Data   RW         5143    .data               network.o
    0x2400f8d8   COMPRESSED   0x00000004   Data   RW         5144    .data               network.o
    0x2400f8dc   COMPRESSED   0x00000004   Data   RW         5145    .data               network.o
    0x2400f8e0   COMPRESSED   0x00000004   Data   RW         5146    .data               network.o
    0x2400f8e4   COMPRESSED   0x00000004   Data   RW         5147    .data               network.o
    0x2400f8e8   COMPRESSED   0x00000030   Data   RW         5148    .data               network.o
    0x2400f918   COMPRESSED   0x00000010   Data   RW         5149    .data               network.o
    0x2400f928   COMPRESSED   0x00000004   Data   RW         5150    .data               network.o
    0x2400f92c   COMPRESSED   0x00000004   Data   RW         5151    .data               network.o
    0x2400f930   COMPRESSED   0x0000000c   Data   RW         5152    .data               network.o
    0x2400f93c   COMPRESSED   0x00000004   Data   RW         5153    .data               network.o
    0x2400f940   COMPRESSED   0x00000030   Data   RW         5154    .data               network.o
    0x2400f970   COMPRESSED   0x00000010   Data   RW         5155    .data               network.o
    0x2400f980   COMPRESSED   0x00000010   Data   RW         5156    .data               network.o
    0x2400f990   COMPRESSED   0x0000001c   Data   RW         5157    .data               network.o
    0x2400f9ac   COMPRESSED   0x00000010   Data   RW         5158    .data               network.o
    0x2400f9bc   COMPRESSED   0x0000001c   Data   RW         5159    .data               network.o
    0x2400f9d8   COMPRESSED   0x00000004   Data   RW         5160    .data               network.o
    0x2400f9dc   COMPRESSED   0x00000008   Data   RW         5161    .data               network.o
    0x2400f9e4   COMPRESSED   0x0000000c   Data   RW         5162    .data               network.o
    0x2400f9f0   COMPRESSED   0x00000004   Data   RW         5163    .data               network.o
    0x2400f9f4   COMPRESSED   0x00000008   Data   RW         5164    .data               network.o
    0x2400f9fc   COMPRESSED   0x0000000c   Data   RW         5165    .data               network.o
    0x2400fa08   COMPRESSED   0x00000018   Data   RW         5166    .data               network.o
    0x2400fa20   COMPRESSED   0x00000864   Data   RW         5167    .data               network.o
    0x24010284   COMPRESSED   0x0000001c   Data   RW         5168    .data               network.o
    0x240102a0   COMPRESSED   0x0000001c   Data   RW         5169    .data               network.o
    0x240102bc   COMPRESSED   0x0000001c   Data   RW         5170    .data               network.o
    0x240102d8   COMPRESSED   0x0000001c   Data   RW         5171    .data               network.o
    0x240102f4   COMPRESSED   0x0000001c   Data   RW         5172    .data               network.o
    0x24010310   COMPRESSED   0x0000001c   Data   RW         5173    .data               network.o
    0x2401032c   COMPRESSED   0x0000001c   Data   RW         5174    .data               network.o
    0x24010348   COMPRESSED   0x0000001c   Data   RW         5175    .data               network.o
    0x24010364   COMPRESSED   0x0000001c   Data   RW         5176    .data               network.o
    0x24010380   COMPRESSED   0x0000001c   Data   RW         5177    .data               network.o
    0x2401039c   COMPRESSED   0x0000001c   Data   RW         5178    .data               network.o
    0x240103b8   COMPRESSED   0x0000001c   Data   RW         5179    .data               network.o
    0x240103d4   COMPRESSED   0x0000001c   Data   RW         5180    .data               network.o
    0x240103f0   COMPRESSED   0x0000001c   Data   RW         5181    .data               network.o
    0x2401040c   COMPRESSED   0x0000001c   Data   RW         5182    .data               network.o
    0x24010428   COMPRESSED   0x0000001c   Data   RW         5183    .data               network.o
    0x24010444   COMPRESSED   0x0000001c   Data   RW         5184    .data               network.o
    0x24010460   COMPRESSED   0x0000001c   Data   RW         5185    .data               network.o
    0x2401047c   COMPRESSED   0x0000001c   Data   RW         5186    .data               network.o
    0x24010498   COMPRESSED   0x0000001c   Data   RW         5187    .data               network.o
    0x240104b4   COMPRESSED   0x0000001c   Data   RW         5188    .data               network.o
    0x240104d0   COMPRESSED   0x0000001c   Data   RW         5189    .data               network.o
    0x240104ec   COMPRESSED   0x0000001c   Data   RW         5190    .data               network.o
    0x24010508   COMPRESSED   0x0000001c   Data   RW         5191    .data               network.o
    0x24010524   COMPRESSED   0x0000001c   Data   RW         5192    .data               network.o
    0x24010540   COMPRESSED   0x0000001c   Data   RW         5193    .data               network.o
    0x2401055c   COMPRESSED   0x0000001c   Data   RW         5194    .data               network.o
    0x24010578   COMPRESSED   0x0000001c   Data   RW         5195    .data               network.o
    0x24010594   COMPRESSED   0x0000001c   Data   RW         5196    .data               network.o
    0x240105b0   COMPRESSED   0x0000001c   Data   RW         5197    .data               network.o
    0x240105cc   COMPRESSED   0x0000001c   Data   RW         5198    .data               network.o
    0x240105e8   COMPRESSED   0x0000001c   Data   RW         5199    .data               network.o
    0x24010604   COMPRESSED   0x0000001c   Data   RW         5200    .data               network.o
    0x24010620   COMPRESSED   0x0000001c   Data   RW         5201    .data               network.o
    0x2401063c   COMPRESSED   0x0000001c   Data   RW         5202    .data               network.o
    0x24010658   COMPRESSED   0x0000001c   Data   RW         5203    .data               network.o
    0x24010674   COMPRESSED   0x0000001c   Data   RW         5204    .data               network.o
    0x24010690   COMPRESSED   0x0000001c   Data   RW         5205    .data               network.o
    0x240106ac   COMPRESSED   0x0000001c   Data   RW         5206    .data               network.o
    0x240106c8   COMPRESSED   0x0000001c   Data   RW         5207    .data               network.o
    0x240106e4   COMPRESSED   0x0000001c   Data   RW         5208    .data               network.o
    0x24010700   COMPRESSED   0x0000001c   Data   RW         5209    .data               network.o
    0x2401071c   COMPRESSED   0x0000001c   Data   RW         5210    .data               network.o
    0x24010738   COMPRESSED   0x0000001c   Data   RW         5211    .data               network.o
    0x24010754   COMPRESSED   0x0000001c   Data   RW         5212    .data               network.o
    0x24010770   COMPRESSED   0x0000001c   Data   RW         5213    .data               network.o
    0x2401078c   COMPRESSED   0x0000001c   Data   RW         5214    .data               network.o
    0x240107a8   COMPRESSED   0x0000001c   Data   RW         5215    .data               network.o
    0x240107c4   COMPRESSED   0x0000001c   Data   RW         5216    .data               network.o
    0x240107e0   COMPRESSED   0x0000001c   Data   RW         5217    .data               network.o
    0x240107fc   COMPRESSED   0x0000001c   Data   RW         5218    .data               network.o
    0x24010818   COMPRESSED   0x0000001c   Data   RW         5219    .data               network.o
    0x24010834   COMPRESSED   0x0000001c   Data   RW         5220    .data               network.o
    0x24010850   COMPRESSED   0x0000001c   Data   RW         5221    .data               network.o
    0x2401086c   COMPRESSED   0x0000001c   Data   RW         5222    .data               network.o
    0x24010888   COMPRESSED   0x0000001c   Data   RW         5223    .data               network.o
    0x240108a4   COMPRESSED   0x0000001c   Data   RW         5224    .data               network.o
    0x240108c0   COMPRESSED   0x0000001c   Data   RW         5225    .data               network.o
    0x240108dc   COMPRESSED   0x0000001c   Data   RW         5226    .data               network.o
    0x240108f8   COMPRESSED   0x0000001c   Data   RW         5227    .data               network.o
    0x24010914   COMPRESSED   0x0000001c   Data   RW         5228    .data               network.o
    0x24010930   COMPRESSED   0x0000001c   Data   RW         5229    .data               network.o
    0x2401094c   COMPRESSED   0x0000001c   Data   RW         5230    .data               network.o
    0x24010968   COMPRESSED   0x0000001c   Data   RW         5231    .data               network.o
    0x24010984   COMPRESSED   0x0000001c   Data   RW         5232    .data               network.o
    0x240109a0   COMPRESSED   0x0000001c   Data   RW         5233    .data               network.o
    0x240109bc   COMPRESSED   0x0000001c   Data   RW         5234    .data               network.o
    0x240109d8   COMPRESSED   0x0000001c   Data   RW         5235    .data               network.o
    0x240109f4   COMPRESSED   0x0000001c   Data   RW         5236    .data               network.o
    0x24010a10   COMPRESSED   0x0000001c   Data   RW         5237    .data               network.o
    0x24010a2c   COMPRESSED   0x0000001c   Data   RW         5238    .data               network.o
    0x24010a48   COMPRESSED   0x0000001c   Data   RW         5239    .data               network.o
    0x24010a64   COMPRESSED   0x0000001c   Data   RW         5240    .data               network.o
    0x24010a80   COMPRESSED   0x0000001c   Data   RW         5241    .data               network.o
    0x24010a9c   COMPRESSED   0x0000001c   Data   RW         5242    .data               network.o
    0x24010ab8   COMPRESSED   0x0000001c   Data   RW         5243    .data               network.o
    0x24010ad4   COMPRESSED   0x0000001c   Data   RW         5244    .data               network.o
    0x24010af0   COMPRESSED   0x0000001c   Data   RW         5245    .data               network.o
    0x24010b0c   COMPRESSED   0x0000001c   Data   RW         5246    .data               network.o
    0x24010b28   COMPRESSED   0x0000001c   Data   RW         5247    .data               network.o
    0x24010b44   COMPRESSED   0x0000001c   Data   RW         5248    .data               network.o
    0x24010b60   COMPRESSED   0x0000001c   Data   RW         5249    .data               network.o
    0x24010b7c   COMPRESSED   0x0000001c   Data   RW         5250    .data               network.o
    0x24010b98   COMPRESSED   0x0000001c   Data   RW         5251    .data               network.o
    0x24010bb4   COMPRESSED   0x0000001c   Data   RW         5252    .data               network.o
    0x24010bd0   COMPRESSED   0x0000001c   Data   RW         5253    .data               network.o
    0x24010bec   COMPRESSED   0x0000001c   Data   RW         5254    .data               network.o
    0x24010c08   COMPRESSED   0x0000001c   Data   RW         5255    .data               network.o
    0x24010c24   COMPRESSED   0x0000001c   Data   RW         5256    .data               network.o
    0x24010c40   COMPRESSED   0x0000001c   Data   RW         5257    .data               network.o
    0x24010c5c   COMPRESSED   0x0000001c   Data   RW         5258    .data               network.o
    0x24010c78   COMPRESSED   0x0000001c   Data   RW         5259    .data               network.o
    0x24010c94   COMPRESSED   0x0000001c   Data   RW         5260    .data               network.o
    0x24010cb0   COMPRESSED   0x0000001c   Data   RW         5261    .data               network.o
    0x24010ccc   COMPRESSED   0x0000001c   Data   RW         5262    .data               network.o
    0x24010ce8   COMPRESSED   0x0000001c   Data   RW         5263    .data               network.o
    0x24010d04   COMPRESSED   0x0000001c   Data   RW         5264    .data               network.o
    0x24010d20   COMPRESSED   0x0000001c   Data   RW         5265    .data               network.o
    0x24010d3c   COMPRESSED   0x0000001c   Data   RW         5266    .data               network.o
    0x24010d58   COMPRESSED   0x0000001c   Data   RW         5267    .data               network.o
    0x24010d74   COMPRESSED   0x0000001c   Data   RW         5268    .data               network.o
    0x24010d90   COMPRESSED   0x0000001c   Data   RW         5269    .data               network.o
    0x24010dac   COMPRESSED   0x0000001c   Data   RW         5270    .data               network.o
    0x24010dc8   COMPRESSED   0x0000001c   Data   RW         5271    .data               network.o
    0x24010de4   COMPRESSED   0x0000001c   Data   RW         5272    .data               network.o
    0x24010e00   COMPRESSED   0x0000001c   Data   RW         5273    .data               network.o
    0x24010e1c   COMPRESSED   0x0000001c   Data   RW         5274    .data               network.o
    0x24010e38   COMPRESSED   0x0000001c   Data   RW         5275    .data               network.o
    0x24010e54   COMPRESSED   0x0000001c   Data   RW         5276    .data               network.o
    0x24010e70   COMPRESSED   0x0000001c   Data   RW         5277    .data               network.o
    0x24010e8c   COMPRESSED   0x0000001c   Data   RW         5278    .data               network.o
    0x24010ea8   COMPRESSED   0x0000001c   Data   RW         5279    .data               network.o
    0x24010ec4   COMPRESSED   0x0000001c   Data   RW         5280    .data               network.o
    0x24010ee0   COMPRESSED   0x0000001c   Data   RW         5281    .data               network.o
    0x24010efc   COMPRESSED   0x0000001c   Data   RW         5282    .data               network.o
    0x24010f18   COMPRESSED   0x0000001c   Data   RW         5283    .data               network.o
    0x24010f34   COMPRESSED   0x0000001c   Data   RW         5284    .data               network.o
    0x24010f50   COMPRESSED   0x0000001c   Data   RW         5285    .data               network.o
    0x24010f6c   COMPRESSED   0x0000001c   Data   RW         5286    .data               network.o
    0x24010f88   COMPRESSED   0x0000001c   Data   RW         5287    .data               network.o
    0x24010fa4   COMPRESSED   0x0000001c   Data   RW         5288    .data               network.o
    0x24010fc0   COMPRESSED   0x0000001c   Data   RW         5289    .data               network.o
    0x24010fdc   COMPRESSED   0x0000001c   Data   RW         5290    .data               network.o
    0x24010ff8   COMPRESSED   0x0000001c   Data   RW         5291    .data               network.o
    0x24011014   COMPRESSED   0x0000001c   Data   RW         5292    .data               network.o
    0x24011030   COMPRESSED   0x0000001c   Data   RW         5293    .data               network.o
    0x2401104c   COMPRESSED   0x0000001c   Data   RW         5294    .data               network.o
    0x24011068   COMPRESSED   0x0000001c   Data   RW         5295    .data               network.o
    0x24011084   COMPRESSED   0x0000001c   Data   RW         5296    .data               network.o
    0x240110a0   COMPRESSED   0x00000024   Data   RW         5297    .data               network.o
    0x240110c4   COMPRESSED   0x0000001c   Data   RW         5298    .data               network.o
    0x240110e0   COMPRESSED   0x00000038   Data   RW         5299    .data               network.o
    0x24011118   COMPRESSED   0x00000044   Data   RW         5300    .data               network.o
    0x2401115c   COMPRESSED   0x00000044   Data   RW         5301    .data               network.o
    0x240111a0   COMPRESSED   0x0000002c   Data   RW         5302    .data               network.o
    0x240111cc   COMPRESSED   0x00000044   Data   RW         5303    .data               network.o
    0x24011210   COMPRESSED   0x00000044   Data   RW         5304    .data               network.o
    0x24011254   COMPRESSED   0x0000002c   Data   RW         5305    .data               network.o
    0x24011280   COMPRESSED   0x00000044   Data   RW         5306    .data               network.o
    0x240112c4   COMPRESSED   0x00000044   Data   RW         5307    .data               network.o
    0x24011308   COMPRESSED   0x0000002c   Data   RW         5308    .data               network.o
    0x24011334   COMPRESSED   0x00000044   Data   RW         5309    .data               network.o
    0x24011378   COMPRESSED   0x00000044   Data   RW         5310    .data               network.o
    0x240113bc   COMPRESSED   0x0000002c   Data   RW         5311    .data               network.o
    0x240113e8   COMPRESSED   0x00000044   Data   RW         5312    .data               network.o
    0x2401142c   COMPRESSED   0x00000044   Data   RW         5313    .data               network.o
    0x24011470   COMPRESSED   0x0000002c   Data   RW         5314    .data               network.o
    0x2401149c   COMPRESSED   0x00000044   Data   RW         5315    .data               network.o
    0x240114e0   COMPRESSED   0x00000044   Data   RW         5316    .data               network.o
    0x24011524   COMPRESSED   0x0000002c   Data   RW         5317    .data               network.o
    0x24011550   COMPRESSED   0x00000044   Data   RW         5318    .data               network.o
    0x24011594   COMPRESSED   0x00000044   Data   RW         5319    .data               network.o
    0x240115d8   COMPRESSED   0x0000002c   Data   RW         5320    .data               network.o
    0x24011604   COMPRESSED   0x00000044   Data   RW         5321    .data               network.o
    0x24011648   COMPRESSED   0x00000044   Data   RW         5322    .data               network.o
    0x2401168c   COMPRESSED   0x0000002c   Data   RW         5323    .data               network.o
    0x240116b8   COMPRESSED   0x00000044   Data   RW         5324    .data               network.o
    0x240116fc   COMPRESSED   0x00000044   Data   RW         5325    .data               network.o
    0x24011740   COMPRESSED   0x0000002c   Data   RW         5326    .data               network.o
    0x2401176c   COMPRESSED   0x00000044   Data   RW         5327    .data               network.o
    0x240117b0   COMPRESSED   0x00000044   Data   RW         5328    .data               network.o
    0x240117f4   COMPRESSED   0x0000002c   Data   RW         5329    .data               network.o
    0x24011820   COMPRESSED   0x00000044   Data   RW         5330    .data               network.o
    0x24011864   COMPRESSED   0x00000044   Data   RW         5331    .data               network.o
    0x240118a8   COMPRESSED   0x0000002c   Data   RW         5332    .data               network.o
    0x240118d4   COMPRESSED   0x00000044   Data   RW         5333    .data               network.o
    0x24011918   COMPRESSED   0x00000044   Data   RW         5334    .data               network.o
    0x2401195c   COMPRESSED   0x0000002c   Data   RW         5335    .data               network.o
    0x24011988   COMPRESSED   0x00000044   Data   RW         5336    .data               network.o
    0x240119cc   COMPRESSED   0x00000044   Data   RW         5337    .data               network.o
    0x24011a10   COMPRESSED   0x0000002c   Data   RW         5338    .data               network.o
    0x24011a3c   COMPRESSED   0x00000044   Data   RW         5339    .data               network.o
    0x24011a80   COMPRESSED   0x00000010   Data   RW         5587    .data               network_data.o
    0x24011a90   COMPRESSED   0x00000010   Data   RW         5588    .data               network_data.o
    0x24011aa0   COMPRESSED   0x0000001c   Data   RW         5589    .data               network_data.o
    0x24011abc   COMPRESSED   0x0000001c   Data   RW         5590    .data               network_data.o
    0x24011ad8   COMPRESSED   0x0000000c   Data   RW         5638    .data               network_data_params.o
    0x24011ae4   COMPRESSED   0x00000004   Data   RW         8119    .data               mc_w.l(stdout.o)
    0x24011ae8   COMPRESSED   0x00000004   Data   RW         8131    .data               mc_w.l(errno.o)
    0x24011aec        -       0x00000054   Zero   RW          691    .bss                i2c.o
    0x24011b40        -       0x00000088   Zero   RW          733    .bss                spi.o
    0x24011bc8        -       0x00000094   Zero   RW          775    .bss                usart.o
    0x24011c5c        -       0x00000010   Zero   RW         4277    .bss                network.o
    0x24011c6c        -       0x00000010   Zero   RW         4278    .bss                network.o
    0x24011c7c        -       0x00000010   Zero   RW         4279    .bss                network.o
    0x24011c8c        -       0x00000010   Zero   RW         4280    .bss                network.o
    0x24011c9c        -       0x00000010   Zero   RW         4281    .bss                network.o
    0x24011cac        -       0x00000010   Zero   RW         4282    .bss                network.o
    0x24011cbc        -       0x00000010   Zero   RW         4283    .bss                network.o
    0x24011ccc        -       0x00000010   Zero   RW         4284    .bss                network.o
    0x24011cdc        -       0x00000010   Zero   RW         4285    .bss                network.o
    0x24011cec        -       0x00000010   Zero   RW         4286    .bss                network.o
    0x24011cfc        -       0x00000010   Zero   RW         4287    .bss                network.o
    0x24011d0c        -       0x00000010   Zero   RW         4288    .bss                network.o
    0x24011d1c        -       0x00000010   Zero   RW         4289    .bss                network.o
    0x24011d2c        -       0x00000010   Zero   RW         4290    .bss                network.o
    0x24011d3c        -       0x00000010   Zero   RW         4291    .bss                network.o
    0x24011d4c        -       0x00000010   Zero   RW         4292    .bss                network.o
    0x24011d5c        -       0x00000010   Zero   RW         4293    .bss                network.o
    0x24011d6c        -       0x00000010   Zero   RW         4294    .bss                network.o
    0x24011d7c        -       0x00000010   Zero   RW         4295    .bss                network.o
    0x24011d8c        -       0x00000010   Zero   RW         4296    .bss                network.o
    0x24011d9c        -       0x00000010   Zero   RW         4297    .bss                network.o
    0x24011dac        -       0x00000010   Zero   RW         4298    .bss                network.o
    0x24011dbc        -       0x00000010   Zero   RW         4299    .bss                network.o
    0x24011dcc        -       0x00000010   Zero   RW         4300    .bss                network.o
    0x24011ddc        -       0x00000010   Zero   RW         4301    .bss                network.o
    0x24011dec        -       0x00000010   Zero   RW         4302    .bss                network.o
    0x24011dfc        -       0x00000010   Zero   RW         4303    .bss                network.o
    0x24011e0c        -       0x0000001c   Zero   RW         4304    .bss                network.o
    0x24011e28        -       0x00000010   Zero   RW         4305    .bss                network.o
    0x24011e38        -       0x0000001c   Zero   RW         4306    .bss                network.o
    0x24011e54        -       0x00000010   Zero   RW         4307    .bss                network.o
    0x24011e64   COMPRESSED   0x00000004   PAD
    0x24011e68        -       0x00000800   Zero   RW            1    STACK               startup_stm32h723xx.o


==============================================================================

Image component sizes


      Code (inc. data)   RO Data    RW Data    ZI Data      Debug   Object Name

       180         14          0          0          0       1011   gpio.o
       228         26          0          0         84       1789   i2c.o
       336         10       8660          0          0    1157677   lcd.o
       606         18          0          0          0       5332   lcd_init.o
       660         20          0          0          0       4023   lcd_show.o
      1544        392          0      56528          0      57948   main.o
      4504        190          0          0          0      22355   mlx90640_api.o
       132         10          0          0          0       1947   mlx90640_hw_i2c.o
      2612        106      15660      15772        520      75693   network.o
       120         12        104         88          0      17108   network_data.o
         0          0     219184         12          0      15190   network_data_params.o
       224         20          0          0        136       1805   spi.o
        36          8        716          0       2048        844   startup_stm32h723xx.o
       220         40          0         12          0      23633   stm32h7xx_hal.o
       172         12          0          0          0      38962   stm32h7xx_hal_cortex.o
       550         44          0          0          0       2216   stm32h7xx_hal_gpio.o
      1750         40          0          0          0      12486   stm32h7xx_hal_i2c.o
       212         10          0          0          0       2670   stm32h7xx_hal_i2c_ex.o
        28          6          0          0          0        830   stm32h7xx_hal_msp.o
        84          6          0          0          0        797   stm32h7xx_hal_pwr_ex.o
      2374        102          0          0          0       7068   stm32h7xx_hal_rcc.o
      3622        112          0          0          0       7753   stm32h7xx_hal_rcc_ex.o
      1206         14          0          0          0       4634   stm32h7xx_hal_spi.o
      1872        122         24          0          0      26918   stm32h7xx_hal_uart.o
       284          6         16          0          0       3745   stm32h7xx_hal_uart_ex.o
        20          0          0          0          0       4238   stm32h7xx_it.o
       192         34         16          8          0       1398   system_stm32h7xx.o
       236         22          0          0        148       1846   usart.o

    ----------------------------------------------------------------------
     24028       1396     244604      72420       2940    1501916   Object Totals
         0          0         32          0          0          0   (incl. Generated)
        24          0        192          0          4          0   (incl. Padding)

    ----------------------------------------------------------------------

      Code (inc. data)   RO Data    RW Data    ZI Data      Debug   Library Member Name

       408         54          0          0          0        488   ai_datatypes_format.o
        52          6          0          0          0        244   ai_datatypes_internal.o
       122          8          0          0          0        240   ai_platform.o
      2144         62        104          0          0       2512   ai_platform_interface.o
        30          0          0          0          0        232   core_common.o
        80          0          0          0          0        148   forward_lite_avepool_is8os8.o
      1776          0          0          0          0        268   forward_lite_conv2d_sssa8_ch.o
        94          0          0          0          0        148   forward_lite_dense_is8os8ws8_ch.o
      1860          0          0          0          0        288   forward_lite_dw_sssa8_ch.o
       978          0          0          0          0        724   forward_lite_pad_generic.o
       570          0          0          0          0        160   forward_lite_pw_sssa8_ch.o
       226          6          0          0          0        628   layers.o
       644          0          0          0          0        392   layers_conv2d_sssa8_ch.o
       376          0          0          0          0        260   layers_conv2d_stm32_integer.o
       580          0          0          0          0        392   layers_dw_sssa8_ch.o
        34          0          0          0          0        116   layers_generic_float.o
       242          6          0          0          0        256   layers_nl_stm32_integer.o
       728          0          0          0          0        560   layers_pad_generic.o
       388          0          0          0          0        288   layers_pool_stm32_integer.o
       570          0          0          0          0        392   layers_pw_sssa8_ch.o
        88          0          0          0          0        272   lite_nl_generic_integer.o
      2806         90          0          0          0        588   lite_nl_softmax_is8os8.o
      1850         48          0          0          0        288   lite_nl_softmax_iu8ou8.o
        76          0          0          0          0        132   st_align_factor.o
        48          0          0          0          0        128   st_int16_fill.o
       224          0          0          0          0        256   st_int8_fill.o
       344          6          0          0          0        148   st_int8_pool.o
        78          0          0          0          0        132   st_int8_reordered_no_shift.o
      1434          0          0          0          0        556   st_int8_to16_no_shift.o
       222          0          0          0          0        248   st_padding_opt.o
       168          0          0          0          0        140   st_sssa8_ch_convolve.o
       990          0          0          0          0        148   st_sssa8_ch_dense.o
       828          0          0          0          0          0   st_sssa8_ch_nn_mat_mult_kernel_opt.o
       620          0          0          0          0        148   st_sssa8_ch_nn_mat_mult_kernel_single_opt.o
       486          0          0          0          0        280   st_sssa8_ch_nn_mat_mult_nt_t.o
      2736          0          0          0          0          0   st_sssa8_ch_nn_mat_mult_pw_nt_t.o
       110         60          0          0          0        580   dunder.o
        24          0          0          0          0        124   fabs.o
        48          0          0          0          0        124   fpclassify.o
       112          0          0          0          0        116   poly.o
      2296        304        136          0          0        320   pow.o
         0          0          8          0          0          0   qnan.o
       160          6          0          0          0        140   roundf.o
       208          0          0          0          0        280   sqrt.o
        86          0          0          0          0          0   __dczerorl2.o
         0          0          0          0          0          0   entry.o
         0          0          0          0          0          0   entry10a.o
         0          0          0          0          0          0   entry11a.o
         8          4          0          0          0          0   entry2.o
         4          0          0          0          0          0   entry5.o
         0          0          0          0          0          0   entry7b.o
         0          0          0          0          0          0   entry8b.o
         8          4          0          0          0          0   entry9a.o
        12          6          0          4          0         68   errno.o
        30          0          0          0          0          0   handlers.o
        36          8          0          0          0         68   init.o
         0          0          0          0          0          0   iusefp.o
        98          0          0          0          0         84   ldiv.o
        30          0          0          0          0         68   llshl.o
        36          0          0          0          0         68   llsshr.o
        32          0          0          0          0         68   llushr.o
        26          0          0          0          0         80   memcmp.o
        36          0          0          0          0         68   memcpya.o
        36          0          0          0          0        108   memseta.o
      2308         96          0          0          0        604   printfa.o
         0          0          0          4          0          0   stdout.o
        44          0          0          0          0         80   uidiv.o
        98          0          0          0          0         92   uldiv.o
        48          0          0          0          0         68   cdrcmple.o
       334          0          0          0          0        148   dadd.o
       222          0          0          0          0        100   ddiv.o
       186          0          0          0          0        176   depilogue.o
        48          0          0          0          0         68   dfixul.o
       228          0          0          0          0         96   dmul.o
        46          0          0          0          0         80   dscalb.o
       110          0          0          0          0        168   fepilogue.o
        60          0          0          0          0         76   frnd.o

    ----------------------------------------------------------------------
     32120        774        248          8          0      16320   Library Totals
        52          0          0          0          0          0   (incl. Padding)

    ----------------------------------------------------------------------

      Code (inc. data)   RO Data    RW Data    ZI Data      Debug   Library Name

     24900        286        104          0          0      12200   NetworkRuntime1020_CM7_Keil.lib
      2958        370        144          0          0       1684   m_wv.l
      2928        118          0          8          0       1456   mc_w.l
      1282          0          0          0          0        980   mf_w.l

    ----------------------------------------------------------------------
     32120        774        248          8          0      16320   Library Totals

    ----------------------------------------------------------------------

==============================================================================


      Code (inc. data)   RO Data    RW Data    ZI Data      Debug   

     56148       2170     244852      72428       2940    1495920   Grand Totals
     56148       2170     244852       5404       2940    1495920   ELF Image Totals (compressed)
     56148       2170     244852       5404          0          0   ROM Totals

==============================================================================

    Total RO  Size (Code + RO Data)               301000 ( 293.95kB)
    Total RW  Size (RW Data + ZI Data)             75368 (  73.60kB)
    Total ROM Size (Code + RO Data + RW Data)     306404 ( 299.22kB)

==============================================================================

